Archive member included to satisfy reference by file (symbol)

/home/wangshun/gcc_riscv32/bin/../lib/gcc/riscv32-unknown-elf/7.3.0/libgcc.a(_clzsi2.o)
                              /home/wangshun/plct_cli/cli_test/cli_test/hal/source/hal_fll_pi.o (__clzsi2)
/home/wangshun/gcc_riscv32/bin/../lib/gcc/riscv32-unknown-elf/7.3.0/libgcc.a(_divdi3.o)
                              /home/wangshun/plct_cli/cli_test/cli_test/libs/utils/source/dbg_uart.o (__divdi3)
/home/wangshun/gcc_riscv32/bin/../lib/gcc/riscv32-unknown-elf/7.3.0/libgcc.a(_moddi3.o)
                              /home/wangshun/plct_cli/cli_test/cli_test/libs/utils/source/dbg_uart.o (__moddi3)
/home/wangshun/gcc_riscv32/bin/../lib/gcc/riscv32-unknown-elf/7.3.0/libgcc.a(extendsfdf2.o)
                              /home/wangshun/plct_cli/cli_test/cli_test/libs/cli/source/cli_args.o (__extendsfdf2)
/home/wangshun/gcc_riscv32/bin/../lib/gcc/riscv32-unknown-elf/7.3.0/libgcc.a(_clz.o)
                              /home/wangshun/gcc_riscv32/bin/../lib/gcc/riscv32-unknown-elf/7.3.0/libgcc.a(_clzsi2.o) (__clz_tab)
/home/wangshun/gcc_riscv32/bin/../lib/gcc/riscv32-unknown-elf/7.3.0/../../../../riscv32-unknown-elf/lib/libc.a(lib_a-abort.o)
                              /home/wangshun/plct_cli/cli_test/cli_test/hal/source/hal_fll_pi.o (abort)
/home/wangshun/gcc_riscv32/bin/../lib/gcc/riscv32-unknown-elf/7.3.0/../../../../riscv32-unknown-elf/lib/libc.a(lib_a-assert.o)
                              /home/wangshun/plct_cli/cli_test/cli_test/hal/source/hal_gpio_pulp.o (__assert_func)
/home/wangshun/gcc_riscv32/bin/../lib/gcc/riscv32-unknown-elf/7.3.0/../../../../riscv32-unknown-elf/lib/libc.a(lib_a-exit.o)
                              /home/wangshun/plct_cli/cli_test/cli_test/target/crt0.o (exit)
/home/wangshun/gcc_riscv32/bin/../lib/gcc/riscv32-unknown-elf/7.3.0/../../../../riscv32-unknown-elf/lib/libc.a(lib_a-fiprintf.o)
                              /home/wangshun/gcc_riscv32/bin/../lib/gcc/riscv32-unknown-elf/7.3.0/../../../../riscv32-unknown-elf/lib/libc.a(lib_a-assert.o) (fiprintf)
/home/wangshun/gcc_riscv32/bin/../lib/gcc/riscv32-unknown-elf/7.3.0/../../../../riscv32-unknown-elf/lib/libc.a(lib_a-impure.o)
                              /home/wangshun/gcc_riscv32/bin/../lib/gcc/riscv32-unknown-elf/7.3.0/../../../../riscv32-unknown-elf/lib/libc.a(lib_a-exit.o) (_global_impure_ptr)
/home/wangshun/gcc_riscv32/bin/../lib/gcc/riscv32-unknown-elf/7.3.0/../../../../riscv32-unknown-elf/lib/libc.a(lib_a-memcpy.o)
                              /home/wangshun/plct_cli/cli_test/cli_test/kernel/queue.o (memcpy)
/home/wangshun/gcc_riscv32/bin/../lib/gcc/riscv32-unknown-elf/7.3.0/../../../../riscv32-unknown-elf/lib/libc.a(lib_a-memset.o)
                              /home/wangshun/plct_cli/cli_test/cli_test/kernel/stream_buffer.o (memset)
/home/wangshun/gcc_riscv32/bin/../lib/gcc/riscv32-unknown-elf/7.3.0/../../../../riscv32-unknown-elf/lib/libc.a(lib_a-puts.o)
                              /home/wangshun/plct_cli/cli_test/cli_test/target/vectors.o (puts)
/home/wangshun/gcc_riscv32/bin/../lib/gcc/riscv32-unknown-elf/7.3.0/../../../../riscv32-unknown-elf/lib/libc.a(lib_a-reent.o)
                              /home/wangshun/plct_cli/cli_test/cli_test/kernel/tasks.o (_reclaim_reent)
/home/wangshun/gcc_riscv32/bin/../lib/gcc/riscv32-unknown-elf/7.3.0/../../../../riscv32-unknown-elf/lib/libc.a(lib_a-setjmp.o)
                              /home/wangshun/plct_cli/cli_test/cli_test/libs/cli/source/cli_loop.o (setjmp)
/home/wangshun/gcc_riscv32/bin/../lib/gcc/riscv32-unknown-elf/7.3.0/../../../../riscv32-unknown-elf/lib/libc.a(lib_a-signal.o)
                              /home/wangshun/gcc_riscv32/bin/../lib/gcc/riscv32-unknown-elf/7.3.0/../../../../riscv32-unknown-elf/lib/libc.a(lib_a-abort.o) (raise)
/home/wangshun/gcc_riscv32/bin/../lib/gcc/riscv32-unknown-elf/7.3.0/../../../../riscv32-unknown-elf/lib/libc.a(lib_a-signalr.o)
                              /home/wangshun/gcc_riscv32/bin/../lib/gcc/riscv32-unknown-elf/7.3.0/../../../../riscv32-unknown-elf/lib/libc.a(lib_a-signal.o) (_kill_r)
/home/wangshun/gcc_riscv32/bin/../lib/gcc/riscv32-unknown-elf/7.3.0/../../../../riscv32-unknown-elf/lib/libc.a(lib_a-sprintf.o)
                              cam_tests.o (sprintf)
/home/wangshun/gcc_riscv32/bin/../lib/gcc/riscv32-unknown-elf/7.3.0/../../../../riscv32-unknown-elf/lib/libc.a(lib_a-stack_protector.o)
                              /home/wangshun/gcc_riscv32/bin/../lib/gcc/riscv32-unknown-elf/7.3.0/../../../../riscv32-unknown-elf/lib/libc.a(lib_a-fiprintf.o) (__stack_chk_guard)
/home/wangshun/gcc_riscv32/bin/../lib/gcc/riscv32-unknown-elf/7.3.0/../../../../riscv32-unknown-elf/lib/libc.a(lib_a-strcmp.o)
                              /home/wangshun/plct_cli/cli_test/cli_test/libs/cli/source/cli_args.o (strcmp)
/home/wangshun/gcc_riscv32/bin/../lib/gcc/riscv32-unknown-elf/7.3.0/../../../../riscv32-unknown-elf/lib/libc.a(lib_a-strcpy.o)
[...]
Memory Configuration

Name             Origin             Length             Attributes
L2               0x000000001c000004 0x000000000007fffc
L2_aliased       0x0000000000000004 0x0000000000003ffc
*default*        0x0000000000000000 0xffffffffffffffff

Linker script and memory map

LOAD /home/wangshun/plct_cli/cli_test/cli_test/kernel/event_groups.o
LOAD /home/wangshun/plct_cli/cli_test/cli_test/kernel/list.o
LOAD /home/wangshun/plct_cli/cli_test/cli_test/kernel/queue.o
LOAD /home/wangshun/plct_cli/cli_test/cli_test/kernel/stream_buffer.o
LOAD /home/wangshun/plct_cli/cli_test/cli_test/kernel/tasks.o
LOAD /home/wangshun/plct_cli/cli_test/cli_test/kernel/timers.o
LOAD /home/wangshun/plct_cli/cli_test/cli_test/kernel/portable/GCC/RISC-V/port.o
LOAD /home/wangshun/plct_cli/cli_test/cli_test/kernel/portable/GCC/RISC-V/portASM.o
LOAD /home/wangshun/plct_cli/cli_test/cli_test/kernel/portable/MemMang/heap_2.o
LOAD /home/wangshun/plct_cli/cli_test/cli_test/libs/cli/source/cli_args.o
LOAD /home/wangshun/plct_cli/cli_test/cli_test/libs/cli/source/cli_filesystem.o
LOAD /home/wangshun/plct_cli/cli_test/cli_test/libs/cli/source/cli_hexdump.o
LOAD /home/wangshun/plct_cli/cli_test/cli_test/libs/cli/source/cli_io.o
LOAD /home/wangshun/plct_cli/cli_test/cli_test/libs/cli/source/cli_loop.o
LOAD /home/wangshun/plct_cli/cli_test/cli_test/libs/cli/source/cli_misc.o
LOAD /home/wangshun/plct_cli/cli_test/cli_test/libs/cli/source/cli_platform.o
LOAD /home/wangshun/plct_cli/cli_test/cli_test/libs/cli/source/cli_stdcmds.o
LOAD /home/wangshun/plct_cli/cli_test/cli_test/libs/utils/source/dbg_uart.o
LOAD /home/wangshun/plct_cli/cli_test/cli_test/hal/source/hal_apb_i2cs.o
LOAD /home/wangshun/plct_cli/cli_test/cli_test/hal/source/hal_fc_event.o
LOAD /home/wangshun/plct_cli/cli_test/cli_test/hal/source/hal_fll_pi.o
LOAD /home/wangshun/plct_cli/cli_test/cli_test/hal/source/hal_fll.o
LOAD /home/wangshun/plct_cli/cli_test/cli_test/hal/source/hal_gpio_pulp.o
LOAD /home/wangshun/plct_cli/cli_test/cli_test/hal/source/hal_gpio.o
LOAD /home/wangshun/plct_cli/cli_test/cli_test/hal/source/hal_irq.o
LOAD /home/wangshun/plct_cli/cli_test/cli_test/hal/source/hal_pinmux.o
LOAD /home/wangshun/plct_cli/cli_test/cli_test/hal/source/hal_pinmux1.o
LOAD /home/wangshun/plct_cli/cli_test/cli_test/hal/source/hal_soc_eu.o
LOAD /home/wangshun/plct_cli/cli_test/cli_test/hal/source/hal_timer_irq.o
LOAD /home/wangshun/plct_cli/cli_test/cli_test/drivers/source/udma_cam_driver.o
LOAD /home/wangshun/plct_cli/cli_test/cli_test/drivers/source/udma_i2cm_driver.o
LOAD /home/wangshun/plct_cli/cli_test/cli_test/drivers/source/udma_qspi_driver.o
LOAD /home/wangshun/plct_cli/cli_test/cli_test/drivers/source/udma_sdio_driver.o
LOAD /home/wangshun/plct_cli/cli_test/cli_test/drivers/source/udma_uart_driver.o
LOAD /home/wangshun/plct_cli/cli_test/cli_test/target/crt0.o
LOAD /home/wangshun/plct_cli/cli_test/cli_test/target/vectors.o
LOAD /home/wangshun/plct_cli/cli_test/cli_test/target/core-v-mcu/core-v-mcu.o
LOAD /home/wangshun/plct_cli/cli_test/cli_test/app/N25Q_16Mb-1Gb_Device_Driver/N25Q.o
LOAD /home/wangshun/plct_cli/cli_test/cli_test/app/N25Q_16Mb-1Gb_Device_Driver/Serialize.o
LOAD barrMemTest.o
LOAD cam_tests.o
LOAD camera_task.o
LOAD camera.o
LOAD cli_adv_timer_unit_tests.o
LOAD cli_efpga_tests.o
LOAD cli_efpgaio_tests.o
LOAD cli_fcb_tests.o
LOAD cli_gpio_tests.o
LOAD cli_i2c_tests.o
LOAD cli_i2cs_tests.o
LOAD cli_interrupt_tests.o
LOAD cli.o
LOAD gpio_map.o
LOAD i2c_task.o
LOAD sdio_tests.o
LOAD programFPGA.o
LOAD qspi_tests.o
LOAD main.o
LOAD rt-thread/src/clock.o
LOAD rt-thread/src/idle.o
LOAD rt-thread/src/ipc.o
LOAD rt-thread/src/irq.o
LOAD rt-thread/src/kservice.o
LOAD rt-thread/src/object.o
LOAD rt-thread/src/scheduler.o
LOAD rt-thread/src/thread.o
LOAD rt-thread/src/timer.o
LOAD rt-thread/src/components.o
LOAD rt-thread/src/mem.o
LOAD rt-thread/src/memheap.o
LOAD rt-thread/src/mempool.o
LOAD rt-thread/src/ringbuffer.o
LOAD rt-thread/components/finsh/cmd.o
LOAD rt-thread/components/finsh/finsh_port.o
LOAD rt-thread/components/finsh/msh.o
LOAD rt-thread/components/finsh/shell.o
LOAD rt-thread/libcpu/risc-v/rv32m1/interrupt.o
LOAD rt-thread/libcpu/risc-v/rv32m1/interrupt_gcc.o
LOAD rt-thread/libcpu/risc-v/common/cpuport.o
LOAD rt-thread/libcpu/risc-v/common/context_gcc.o
LOAD /home/wangshun/gcc_riscv32/bin/../lib/gcc/riscv32-unknown-elf/7.3.0/libgcc.a
START GROUP
LOAD /home/wangshun/gcc_riscv32/bin/../lib/gcc/riscv32-unknown-elf/7.3.0/../../../../riscv32-unknown-elf/lib/libc.a
LOAD /home/wangshun/gcc_riscv32/bin/../lib/gcc/riscv32-unknown-elf/7.3.0/../../../../riscv32-unknown-elf/lib/libgloss.a
END GROUP
LOAD /home/wangshun/gcc_riscv32/bin/../lib/gcc/riscv32-unknown-elf/7.3.0/libgcc.a
                0x000000001c008080                PROVIDE (__boot_address = 0x1c008080)
                0x0000000000000800                __stack_size = DEFINED (__stack_size)?__stack_size:0x800
                [!provide]                        PROVIDE (__stack_size = __stack_size)
                [0x0000000000000000]                __heap_size = DEFINED (__heap_size)?__heap_size:0x400
                [!provide]                        PROVIDE (__heap_size = __heap_size)

.data_tiny_fc
 *(.data_tiny_fc)
 *(.data_tiny_fc.*)

.init
 *(.init)

.vectors        0x000000001c000800       0x80
                0x000000001c000800                __irq_vector_base = .
                0x000000001c000800                __vector_start = .
 *(.vectors)
 .vectors       0x000000001c000800       0x80 /home/wangshun/plct_cli/cli_test/cli_test/target/vectors.o

.text           0x000000001c008080     0x82a8
                0x000000001c008080                _stext = .
 *(.text.start)
 .text.start    0x000000001c008080       0x4e /home/wangshun/plct_cli/cli_test/cli_test/target/crt0.o
                0x000000001c008080                _start
                0x000000001c0080cc                _init
                0x000000001c0080cc                _fini
 *(.text)
 .text          0x000000001c0080ce       0xc6 rt-thread/libcpu/risc-v/common/context_gcc.o
                0x000000001c0080ce                rt_hw_interrupt_disable
                0x000000001c0080d4                rt_hw_interrupt_enable
                0x000000001c0080da                rt_hw_context_switch_to
                0x000000001c0080e6                rt_hw_context_switch
                0x000000001c00813c                rt_hw_context_switch_exit
 .text          0x000000001c008194       0x1e /home/wangshun/gcc_riscv32/bin/../lib/gcc/riscv32-unknown-elf/7.3.0/../../../../riscv32-unknown-elf/lib/libc.a(lib_a-exit.o)
                0x000000001c008194                exit
 .text          0x000000001c0081b2       0xbe /home/wangshun/gcc_riscv32/bin/../lib/gcc/riscv32-unknown-elf/7.3.0/../../../../riscv32-unknown-elf/lib/libc.a(lib_a-memcpy.o)
                0x000000001c0081b2                memcpy
 .text          0x000000001c008270       0xa8 /home/wangshun/gcc_riscv32/bin/../lib/gcc/riscv32-unknown-elf/7.3.0/../../../../riscv32-unknown-elf/lib/libc.a(lib_a-memset.o)
                0x000000001c008270                memset
 .text          0x000000001c008318       0x12 /home/wangshun/gcc_riscv32/bin/../lib/gcc/riscv32-unknown-elf/7.3.0/../../../../riscv32-unknown-elf/lib/libc.a(lib_a-strlen.o)
                0x000000001c008318                strlen
 .text          0x000000001c00832a       0x2a /home/wangshun/gcc_riscv32/bin/../lib/gcc/riscv32-unknown-elf/7.3.0/../../../../riscv32-unknown-elf/lib/libc.a(lib_a-strncmp.o)
                0x000000001c00832a                strncmp
 .text          0x000000001c008354       0x30 /home/wangshun/gcc_riscv32/bin/../lib/gcc/riscv32-unknown-elf/7.3.0/../../../../riscv32-unknown-elf/lib/libc.a(lib_a-strncpy.o)
                0x000000001c008354                strncpy
 .text          0x000000001c008384       0xae /home/wangshun/gcc_riscv32/bin/../lib/gcc/riscv32-unknown-elf/7.3.0/../../../../riscv32-unknown-elf/lib/libc.a(lib_a-__call_atexit.o)
                0x000000001c008384                __call_exitprocs
 .text          0x000000001c008432       0x2a /home/wangshun/gcc_riscv32/bin/../lib/gcc/riscv32-unknown-elf/7.3.0/../../../../riscv32-unknown-elf/lib/libgloss.a(sys_exit.o)
                0x000000001c008432                _exit
 .text          0x000000001c00845c        0xa /home/wangshun/gcc_riscv32/bin/../lib/gcc/riscv32-unknown-elf/7.3.0/../../../../riscv32-unknown-elf/lib/libc.a(lib_a-errno.o)
                0x000000001c00845c                __errno
 *(.text.*)
 .text.vListInitialise
                0x000000001c008466       0x4c /home/wangshun/plct_cli/cli_test/cli_test/kernel/list.o
                0x000000001c008466                vListInitialise
 .text.vListInsertEnd
                0x000000001c0084b2       0x66 /home/wangshun/plct_cli/cli_test/cli_test/kernel/list.o
                0x000000001c0084b2                vListInsertEnd
 .text.vListInsert
                0x000000001c008518       0xa2 /home/wangshun/plct_cli/cli_test/cli_test/kernel/list.o
                0x000000001c008518                vListInsert
 .text.uxListRemove
                0x000000001c0085ba       0x70 /home/wangshun/plct_cli/cli_test/cli_test/kernel/list.o
                0x000000001c0085ba                uxListRemove
 .text.xQueueGenericReset
                0x000000001c00862a       0xda /home/wangshun/plct_cli/cli_test/cli_test/kernel/queue.o
                0x000000001c00862a                xQueueGenericReset
 .text.xQueueGenericCreate
                0x000000001c008704       0x84 /home/wangshun/plct_cli/cli_test/cli_test/kernel/queue.o
                0x000000001c008704                xQueueGenericCreate
 .text.prvInitialiseNewQueue
                0x000000001c008788       0x6c /home/wangshun/plct_cli/cli_test/cli_test/kernel/queue.o
 .text.xQueueGenericSend
                0x000000001c0087f4      0x1ba /home/wangshun/plct_cli/cli_test/cli_test/kernel/queue.o
                0x000000001c0087f4                xQueueGenericSend
 .text.xQueueGiveFromISR
                0x000000001c0089ae       0xea /home/wangshun/plct_cli/cli_test/cli_test/kernel/queue.o
                0x000000001c0089ae                xQueueGiveFromISR
 .text.prvCopyDataToQueue
                0x000000001c008a98      0x12a /home/wangshun/plct_cli/cli_test/cli_test/kernel/queue.o
 .text.prvUnlockQueue
                0x000000001c008bc2       0xbe /home/wangshun/plct_cli/cli_test/cli_test/kernel/queue.o
 .text.prvIsQueueFull
                0x000000001c008c80       0x3e /home/wangshun/plct_cli/cli_test/cli_test/kernel/queue.o
 .text.vTaskSuspendAll
                0x000000001c008cbe       0x22 /home/wangshun/plct_cli/cli_test/cli_test/kernel/tasks.o
                0x000000001c008cbe                vTaskSuspendAll
 .text.xTaskResumeAll
                0x000000001c008ce0      0x148 /home/wangshun/plct_cli/cli_test/cli_test/kernel/tasks.o
                0x000000001c008ce0                xTaskResumeAll
 .text.xTaskIncrementTick
                0x000000001c008e28      0x1d6 /home/wangshun/plct_cli/cli_test/cli_test/kernel/tasks.o
                0x000000001c008e28                xTaskIncrementTick
 .text.vTaskSwitchContext
                0x000000001c008ffe      0x158 /home/wangshun/plct_cli/cli_test/cli_test/kernel/tasks.o
                0x000000001c008ffe                vTaskSwitchContext
 .text.vTaskPlaceOnEventList
                0x000000001c009156       0x42 /home/wangshun/plct_cli/cli_test/cli_test/kernel/tasks.o
                0x000000001c009156                vTaskPlaceOnEventList
 .text.xTaskRemoveFromEventList
                0x000000001c009198       0xd6 /home/wangshun/plct_cli/cli_test/cli_test/kernel/tasks.o
                0x000000001c009198                xTaskRemoveFromEventList
 .text.vTaskInternalSetTimeOutState
                0x000000001c00926e       0x2e /home/wangshun/plct_cli/cli_test/cli_test/kernel/tasks.o
                0x000000001c00926e                vTaskInternalSetTimeOutState
 .text.xTaskCheckForTimeOut
                0x000000001c00929c       0xee /home/wangshun/plct_cli/cli_test/cli_test/kernel/tasks.o
                0x000000001c00929c                xTaskCheckForTimeOut
 .text.vTaskMissedYield
                0x000000001c00938a       0x18 /home/wangshun/plct_cli/cli_test/cli_test/kernel/tasks.o
                0x000000001c00938a                vTaskMissedYield
 .text.prvResetNextTaskUnblockTime
                0x000000001c0093a2       0x44 /home/wangshun/plct_cli/cli_test/cli_test/kernel/tasks.o
 .text.xTaskGetSchedulerState
                0x000000001c0093e6       0x3a /home/wangshun/plct_cli/cli_test/cli_test/kernel/tasks.o
                0x000000001c0093e6                xTaskGetSchedulerState
 .text.xTaskPriorityDisinherit
                0x000000001c009420       0xec /home/wangshun/plct_cli/cli_test/cli_test/kernel/tasks.o
                0x000000001c009420                xTaskPriorityDisinherit
 .text.vTaskEnterCritical
                0x000000001c00950c       0x32 /home/wangshun/plct_cli/cli_test/cli_test/kernel/tasks.o
                0x000000001c00950c                vTaskEnterCritical
 .text.vTaskExitCritical
                0x000000001c00953e       0x42 /home/wangshun/plct_cli/cli_test/cli_test/kernel/tasks.o
                0x000000001c00953e                vTaskExitCritical
 .text.prvAddCurrentTaskToDelayedList
                0x000000001c009580       0xe2 /home/wangshun/plct_cli/cli_test/cli_test/kernel/tasks.o
 .text.pvPortMalloc
                0x000000001c009662      0x190 /home/wangshun/plct_cli/cli_test/cli_test/kernel/portable/MemMang/heap_2.o
                0x000000001c009662                pvPortMalloc
 .text.prvHeapInit
                0x000000001c0097f2       0x70 /home/wangshun/plct_cli/cli_test/cli_test/kernel/portable/MemMang/heap_2.o
 .text.hal_get_apb_i2cs_slave_address
                0x000000001c009862       0x24 /home/wangshun/plct_cli/cli_test/cli_test/hal/source/hal_apb_i2cs.o
                0x000000001c009862                hal_get_apb_i2cs_slave_address
 .text.hal_set_apb_i2cs_slave_address
                0x000000001c009886       0x42 /home/wangshun/plct_cli/cli_test/cli_test/hal/source/hal_apb_i2cs.o
                0x000000001c009886                hal_set_apb_i2cs_slave_address
 .text.hal_set_apb_i2cs_slave_on_off
                0x000000001c0098c8       0x58 /home/wangshun/plct_cli/cli_test/cli_test/hal/source/hal_apb_i2cs.o
                0x000000001c0098c8                hal_set_apb_i2cs_slave_on_off
 .text.fc_event_null_event
                0x000000001c009920       0x12 /home/wangshun/plct_cli/cli_test/cli_test/hal/source/hal_fc_event.o
 .text.pi_fc_event_handler_init
                0x000000001c009932       0x3a /home/wangshun/plct_cli/cli_test/cli_test/hal/source/hal_fc_event.o
                0x000000001c009932                pi_fc_event_handler_init
 .text.pi_fc_event_handler_set
                0x000000001c00996c       0x4e /home/wangshun/plct_cli/cli_test/cli_test/hal/source/hal_fc_event.o
                0x000000001c00996c                pi_fc_event_handler_set
 .text.pi_fc_event_handler_clear
                0x000000001c0099ba       0x3c /home/wangshun/plct_cli/cli_test/cli_test/hal/source/hal_fc_event.o
                0x000000001c0099ba                pi_fc_event_handler_clear
 .text.fc_soc_event_handler1
                0x000000001c0099f6       0xa2 /home/wangshun/plct_cli/cli_test/cli_test/hal/source/hal_fc_event.o
                0x000000001c0099f6                fc_soc_event_handler1
 .text.irq_clint_enable
                0x000000001c009a98       0x4c /home/wangshun/plct_cli/cli_test/cli_test/hal/source/hal_irq.o
                0x000000001c009a98                irq_clint_enable
 .text.hal_setpinmux
                0x000000001c009ae4       0x66 /home/wangshun/plct_cli/cli_test/cli_test/hal/source/hal_pinmux.o
                0x000000001c009ae4                hal_setpinmux
 .text.hal_getpinmux
                0x000000001c009b4a       0x46 /home/wangshun/plct_cli/cli_test/cli_test/hal/source/hal_pinmux.o
                0x000000001c009b4a                hal_getpinmux
 .text.writew   0x000000001c009b90       0x20 /home/wangshun/plct_cli/cli_test/cli_test/hal/source/hal_soc_eu.o
 .text.soc_eu_mask_set
                0x000000001c009bb0       0x2c /home/wangshun/plct_cli/cli_test/cli_test/hal/source/hal_soc_eu.o
                0x000000001c009bb0                soc_eu_mask_set
 .text.pulp_soc_eu_event_init
                0x000000001c009bdc       0x3a /home/wangshun/plct_cli/cli_test/cli_test/hal/source/hal_soc_eu.o
                0x000000001c009bdc                pulp_soc_eu_event_init
 .text.writew   0x000000001c009c16       0x20 /home/wangshun/plct_cli/cli_test/cli_test/hal/source/hal_timer_irq.o
 .text.timer_irq_disable
                0x000000001c009c36       0x28 /home/wangshun/plct_cli/cli_test/cli_test/hal/source/hal_timer_irq.o
                0x000000001c009c36                timer_irq_disable
 .text.timer_irq_init
                0x000000001c009c5e       0x28 /home/wangshun/plct_cli/cli_test/cli_test/hal/source/hal_timer_irq.o
                0x000000001c009c5e                timer_irq_init
 .text.timer_irq_set_timeout
                0x000000001c009c86       0x44 /home/wangshun/plct_cli/cli_test/cli_test/hal/source/hal_timer_irq.o
                0x000000001c009c86                timer_irq_set_timeout
 .text.writew   0x000000001c009cca       0x20 /home/wangshun/plct_cli/cli_test/cli_test/drivers/source/udma_i2cm_driver.o
 .text.readw    0x000000001c009cea       0x20 /home/wangshun/plct_cli/cli_test/cli_test/drivers/source/udma_i2cm_driver.o
 .text.soc_eu_fc_write
                0x000000001c009d0a       0x2e /home/wangshun/plct_cli/cli_test/cli_test/drivers/source/udma_i2cm_driver.o
 .text.soc_eu_fc_read
                0x000000001c009d38       0x28 /home/wangshun/plct_cli/cli_test/cli_test/drivers/source/udma_i2cm_driver.o
 .text.hal_soc_eu_set_fc_mask
                0x000000001c009d60       0x76 /home/wangshun/plct_cli/cli_test/cli_test/drivers/source/udma_i2cm_driver.o
 .text.i2cmTXHandler
                0x000000001c009dd6       0x20 /home/wangshun/plct_cli/cli_test/cli_test/drivers/source/udma_i2cm_driver.o
                0x000000001c009dd6                i2cmTXHandler
 .text.i2cmRXHandler
                0x000000001c009df6       0x20 /home/wangshun/plct_cli/cli_test/cli_test/drivers/source/udma_i2cm_driver.o
                0x000000001c009df6                i2cmRXHandler
 .text.udma_i2cm_open
                0x000000001c009e16      0x1da /home/wangshun/plct_cli/cli_test/cli_test/drivers/source/udma_i2cm_driver.o
                0x000000001c009e16                udma_i2cm_open
 .text.writew   0x000000001c009ff0       0x20 /home/wangshun/plct_cli/cli_test/cli_test/drivers/source/udma_qspi_driver.o
 .text.readw    0x000000001c00a010       0x20 /home/wangshun/plct_cli/cli_test/cli_test/drivers/source/udma_qspi_driver.o
 .text.soc_eu_fc_write
                0x000000001c00a030       0x2e /home/wangshun/plct_cli/cli_test/cli_test/drivers/source/udma_qspi_driver.o
 .text.soc_eu_fc_read
                0x000000001c00a05e       0x28 /home/wangshun/plct_cli/cli_test/cli_test/drivers/source/udma_qspi_driver.o
 .text.hal_soc_eu_set_fc_mask
                0x000000001c00a086       0x76 /home/wangshun/plct_cli/cli_test/cli_test/drivers/source/udma_qspi_driver.o
 .text.spi_tx_isr
                0x000000001c00a0fc       0x22 /home/wangshun/plct_cli/cli_test/cli_test/drivers/source/udma_qspi_driver.o
                0x000000001c00a0fc                spi_tx_isr
 .text.spi_rx_isr
                0x000000001c00a11e       0x22 /home/wangshun/plct_cli/cli_test/cli_test/drivers/source/udma_qspi_driver.o
                0x000000001c00a11e                spi_rx_isr
 .text.spi_cmd_isr
                0x000000001c00a140       0x22 /home/wangshun/plct_cli/cli_test/cli_test/drivers/source/udma_qspi_driver.o
                0x000000001c00a140                spi_cmd_isr
 .text.spi_eot_isr
                0x000000001c00a162       0x24 /home/wangshun/plct_cli/cli_test/cli_test/drivers/source/udma_qspi_driver.o
                0x000000001c00a162                spi_eot_isr
 .text.udma_qspim_open
                0x000000001c00a186      0x2e0 /home/wangshun/plct_cli/cli_test/cli_test/drivers/source/udma_qspi_driver.o
                0x000000001c00a186                udma_qspim_open
 .text.udma_qspim_control
                0x000000001c00a466       0x9c /home/wangshun/plct_cli/cli_test/cli_test/drivers/source/udma_qspi_driver.o
                0x000000001c00a466                udma_qspim_control
 .text.udma_flash_readid
                0x000000001c00a502      0x170 /home/wangshun/plct_cli/cli_test/cli_test/drivers/source/udma_qspi_driver.o
                0x000000001c00a502                udma_flash_readid
 .text.writew   0x000000001c00a672       0x20 /home/wangshun/plct_cli/cli_test/cli_test/drivers/source/udma_uart_driver.o
 .text.readw    0x000000001c00a692       0x20 /home/wangshun/plct_cli/cli_test/cli_test/drivers/source/udma_uart_driver.o
 .text.soc_eu_fc_write
                0x000000001c00a6b2       0x2e /home/wangshun/plct_cli/cli_test/cli_test/drivers/source/udma_uart_driver.o
 .text.soc_eu_fc_read
                0x000000001c00a6e0       0x28 /home/wangshun/plct_cli/cli_test/cli_test/drivers/source/udma_uart_driver.o
 .text.hal_soc_eu_set_fc_mask
                0x000000001c00a708       0x76 /home/wangshun/plct_cli/cli_test/cli_test/drivers/source/udma_uart_driver.o
 .text.uart_rx_isr
                0x000000001c00a77e       0xc0 /home/wangshun/plct_cli/cli_test/cli_test/drivers/source/udma_uart_driver.o
                0x000000001c00a77e                uart_rx_isr
 .text.udma_uart_open
                0x000000001c00a83e      0x226 /home/wangshun/plct_cli/cli_test/cli_test/drivers/source/udma_uart_driver.o
                0x000000001c00a83e                udma_uart_open
 .text.setFLLFrequencyInIntegerMode
                0x000000001c00aa64      0x24c /home/wangshun/plct_cli/cli_test/cli_test/target/core-v-mcu/core-v-mcu.o
                0x000000001c00aa64                setFLLFrequencyInIntegerMode
 .text.system_init
                0x000000001c00acb0      0x250 /home/wangshun/plct_cli/cli_test/cli_test/target/core-v-mcu/core-v-mcu.o
                0x000000001c00acb0                system_init
 .text.timer_irq_handler
                0x000000001c00af00       0x20 /home/wangshun/plct_cli/cli_test/cli_test/target/core-v-mcu/core-v-mcu.o
                0x000000001c00af00                timer_irq_handler
 .text.vSystemIrqHandler
                0x000000001c00af20       0x34 /home/wangshun/plct_cli/cli_test/cli_test/target/core-v-mcu/core-v-mcu.o
                0x000000001c00af20                vSystemIrqHandler
 .text.undefined_handler
                0x000000001c00af54       0xbe /home/wangshun/plct_cli/cli_test/cli_test/target/core-v-mcu/core-v-mcu.o
                0x000000001c00af54                undefined_handler
 .text.vPortSetupTimerInterrupt
                0x000000001c00b012       0x1c /home/wangshun/plct_cli/cli_test/cli_test/target/core-v-mcu/core-v-mcu.o
                0x000000001c00b012                vPortSetupTimerInterrupt
 .text.setQspimPinMux
                0x000000001c00b02e      0x16c qspi_tests.o
                0x000000001c00b02e                setQspimPinMux
 .text.restoreQspimPinMux
                0x000000001c00b19a      0x116 qspi_tests.o
                0x000000001c00b19a                restoreQspimPinMux
 .text.writeraw
                0x000000001c00b2b0       0x6a main.o
                0x000000001c00b2b0                writeraw
 .text.rt_hw_console_output
                0x000000001c00b31a       0x30 main.o
                0x000000001c00b31a                rt_hw_console_output
 .text.rt_hw_console_getchar
                0x000000001c00b34a       0x3e main.o
                0x000000001c00b34a                rt_hw_console_getchar
 .text.rt_heap_begin_get
                0x000000001c00b388       0x16 main.o
                0x000000001c00b388                rt_heap_begin_get
 .text.rt_heap_end_get
                0x000000001c00b39e       0x16 main.o
                0x000000001c00b39e                rt_heap_end_get
 .text.led_init
                0x000000001c00b3b4       0x36 main.o
                0x000000001c00b3b4                led_init
 .text.main     0x000000001c00b3ea       0x12 main.o
                0x000000001c00b3ea                main
 .text.rt_hw_board_init
                0x000000001c00b3fc       0x6e main.o
                0x000000001c00b3fc                rt_hw_board_init
 .text.vApplicationMallocFailedHook
                0x000000001c00b46a        0xe main.o
                0x000000001c00b46a                vApplicationMallocFailedHook
 .text.vApplicationStackOverflowHook
                0x000000001c00b478       0x16 main.o
                0x000000001c00b478                vApplicationStackOverflowHook
 .text.vApplicationTickHook
                0x000000001c00b48e        0xe main.o
                0x000000001c00b48e                vApplicationTickHook
 .text.rt_tick_get
                0x000000001c00b49c       0x16 rt-thread/src/clock.o
                0x000000001c00b49c                rt_tick_get
 .text.rt_tick_increase
                0x000000001c00b4b2       0x5a rt-thread/src/clock.o
                0x000000001c00b4b2                rt_tick_increase
 .text.rt_list_remove
                0x000000001c00b50c       0x44 rt-thread/src/idle.o
 .text._has_defunct_thread
                0x000000001c00b550       0x30 rt-thread/src/idle.o
 .text.rt_thread_idle_excute
                0x000000001c00b580       0x62 rt-thread/src/idle.o
                0x000000001c00b580                rt_thread_idle_excute
 .text.rt_thread_idle_entry
                0x000000001c00b5e2       0x10 rt-thread/src/idle.o
 .text.rt_thread_idle_init
                0x000000001c00b5f2       0x4e rt-thread/src/idle.o
                0x000000001c00b5f2                rt_thread_idle_init
 .text.rt_list_init
                0x000000001c00b640       0x28 rt-thread/src/ipc.o
 .text.rt_list_insert_before
                0x000000001c00b668       0x42 rt-thread/src/ipc.o
 .text.rt_list_isempty
                0x000000001c00b6aa       0x28 rt-thread/src/ipc.o
 .text.rt_ipc_object_init
                0x000000001c00b6d2       0x22 rt-thread/src/ipc.o
 .text.rt_ipc_list_suspend
                0x000000001c00b6f4       0xbe rt-thread/src/ipc.o
 .text.rt_ipc_list_resume
                0x000000001c00b7b2       0x2c rt-thread/src/ipc.o
 .text.rt_sem_init
                0x000000001c00b7de       0x5c rt-thread/src/ipc.o
                0x000000001c00b7de                rt_sem_init
 .text.rt_sem_take
                0x000000001c00b83a       0xd0 rt-thread/src/ipc.o
                0x000000001c00b83a                rt_sem_take
 .text.rt_sem_release
                0x000000001c00b90a       0x88 rt-thread/src/ipc.o
                0x000000001c00b90a                rt_sem_release
 .text.rt_interrupt_enter
                0x000000001c00b992       0x3c rt-thread/src/irq.o
                0x000000001c00b992                rt_interrupt_enter
 .text.rt_interrupt_leave
                0x000000001c00b9ce       0x3c rt-thread/src/irq.o
                0x000000001c00b9ce                rt_interrupt_leave
 .text.rt_memset
                0x000000001c00ba0a      0x122 rt-thread/src/kservice.o
                0x000000001c00ba0a                rt_memset
 .text.rt_memmove
                0x000000001c00bb2c       0xcc rt-thread/src/kservice.o
                0x000000001c00bb2c                rt_memmove
 .text.rt_strncpy
                0x000000001c00bbf8       0x8e rt-thread/src/kservice.o
                0x000000001c00bbf8                rt_strncpy
 .text.rt_show_version
                0x000000001c00bc86       0x50 rt-thread/src/kservice.o
                0x000000001c00bc86                rt_show_version
 .text.divide   0x000000001c00bcd6       0x6a rt-thread/src/kservice.o
 .text.skip_atoi
                0x000000001c00bd40       0x56 rt-thread/src/kservice.o
 .text.print_number
                0x000000001c00bd96      0x278 rt-thread/src/kservice.o
 .text.rt_vsnprintf
                0x000000001c00c00e      0x644 rt-thread/src/kservice.o
                0x000000001c00c00e                rt_vsnprintf
 .text.rt_kprintf
                0x000000001c00c652       0x72 rt-thread/src/kservice.o
                0x000000001c00c652                rt_kprintf
 .text.__rt_ffs
                0x000000001c00c6c4       0xa8 rt-thread/src/kservice.o
                0x000000001c00c6c4                __rt_ffs
 .text.rt_list_insert_after
                0x000000001c00c76c       0x42 rt-thread/src/object.o
 .text.rt_list_remove
                0x000000001c00c7ae       0x44 rt-thread/src/object.o
 .text.rt_object_get_information
                0x000000001c00c7f2       0x5c rt-thread/src/object.o
                0x000000001c00c7f2                rt_object_get_information
 .text.rt_object_init
                0x000000001c00c84e       0xaa rt-thread/src/object.o
                0x000000001c00c84e                rt_object_init
 .text.rt_object_detach
                0x000000001c00c8f8       0x38 rt-thread/src/object.o
                0x000000001c00c8f8                rt_object_detach
 .text.rt_object_allocate
                0x000000001c00c930       0xa0 rt-thread/src/object.o
                0x000000001c00c930                rt_object_allocate
 .text.rt_object_delete
                0x000000001c00c9d0       0x40 rt-thread/src/object.o
                0x000000001c00c9d0                rt_object_delete
 .text.rt_object_is_systemobject
                0x000000001c00ca10       0x28 rt-thread/src/object.o
                0x000000001c00ca10                rt_object_is_systemobject
 .text.rt_list_init
                0x000000001c00ca38       0x28 rt-thread/src/scheduler.o
 .text.rt_list_insert_before
                0x000000001c00ca60       0x42 rt-thread/src/scheduler.o
 .text.rt_list_remove
                0x000000001c00caa2       0x44 rt-thread/src/scheduler.o
 .text.rt_list_isempty
                0x000000001c00cae6       0x28 rt-thread/src/scheduler.o
 .text.rt_system_scheduler_init
                0x000000001c00cb0e       0x60 rt-thread/src/scheduler.o
                0x000000001c00cb0e                rt_system_scheduler_init
 .text.rt_system_scheduler_start
                0x000000001c00cb6e       0x4c rt-thread/src/scheduler.o
                0x000000001c00cb6e                rt_system_scheduler_start
 .text.rt_schedule
                0x000000001c00cbba       0xcc rt-thread/src/scheduler.o
                0x000000001c00cbba                rt_schedule
 .text.rt_schedule_insert_thread
                0x000000001c00cc86       0x86 rt-thread/src/scheduler.o
                0x000000001c00cc86                rt_schedule_insert_thread
 .text.rt_schedule_remove_thread
                0x000000001c00cd0c       0x6a rt-thread/src/scheduler.o
                0x000000001c00cd0c                rt_schedule_remove_thread
 .text.rt_enter_critical
                0x000000001c00cd76       0x3e rt-thread/src/scheduler.o
                0x000000001c00cd76                rt_enter_critical
 .text.rt_exit_critical
                0x000000001c00cdb4       0x66 rt-thread/src/scheduler.o
                0x000000001c00cdb4                rt_exit_critical
 .text.rt_list_init
                0x000000001c00ce1a       0x28 rt-thread/src/thread.o
 .text.rt_list_insert_after
                0x000000001c00ce42       0x42 rt-thread/src/thread.o
 .text.rt_list_insert_before
                0x000000001c00ce84       0x42 rt-thread/src/thread.o
 .text.rt_list_remove
                0x000000001c00cec6       0x44 rt-thread/src/thread.o
 .text._thread_cleanup_execute
                0x000000001c00cf0a       0x3a rt-thread/src/thread.o
 .text.rt_thread_exit
                0x000000001c00cf44       0x80 rt-thread/src/thread.o
                0x000000001c00cf44                rt_thread_exit
 .text._rt_thread_init
                0x000000001c00cfc4      0x124 rt-thread/src/thread.o
 .text.rt_thread_init
                0x000000001c00d0e8       0x68 rt-thread/src/thread.o
                0x000000001c00d0e8                rt_thread_init
 .text.rt_thread_self
                0x000000001c00d150       0x16 rt-thread/src/thread.o
                0x000000001c00d150                rt_thread_self
 .text.rt_thread_startup
                0x000000001c00d166       0x5a rt-thread/src/thread.o
                0x000000001c00d166                rt_thread_startup
 .text.rt_thread_create
                0x000000001c00d1c0       0x8c rt-thread/src/thread.o
                0x000000001c00d1c0                rt_thread_create
 .text.rt_thread_yield
                0x000000001c00d24c       0x90 rt-thread/src/thread.o
                0x000000001c00d24c                rt_thread_yield
 .text.rt_thread_sleep
                0x000000001c00d2dc       0x72 rt-thread/src/thread.o
                0x000000001c00d2dc                rt_thread_sleep
 .text.rt_thread_delay
                0x000000001c00d34e       0x1e rt-thread/src/thread.o
                0x000000001c00d34e                rt_thread_delay
 .text.rt_thread_suspend
                0x000000001c00d36c       0x78 rt-thread/src/thread.o
                0x000000001c00d36c                rt_thread_suspend
 .text.rt_thread_resume
                0x000000001c00d3e4       0x5e rt-thread/src/thread.o
                0x000000001c00d3e4                rt_thread_resume
 .text.rt_thread_timeout
                0x000000001c00d442       0x3e rt-thread/src/thread.o
                0x000000001c00d442                rt_thread_timeout
 .text.rt_list_init
                0x000000001c00d480       0x28 rt-thread/src/timer.o
 .text.rt_list_insert_after
                0x000000001c00d4a8       0x42 rt-thread/src/timer.o
 .text.rt_list_remove
                0x000000001c00d4ea       0x44 rt-thread/src/timer.o
 .text.rt_list_isempty
                0x000000001c00d52e       0x28 rt-thread/src/timer.o
 .text._rt_timer_init
                0x000000001c00d556       0x9c rt-thread/src/timer.o
 .text._rt_timer_remove
                0x000000001c00d5f2       0x42 rt-thread/src/timer.o
 .text.rt_timer_init
                0x000000001c00d634       0x50 rt-thread/src/timer.o
                0x000000001c00d634                rt_timer_init
 .text.rt_timer_detach
                0x000000001c00d684       0x4c rt-thread/src/timer.o
                0x000000001c00d684                rt_timer_detach
 .text.rt_timer_start
                0x000000001c00d6d0      0x1fe rt-thread/src/timer.o
                0x000000001c00d6d0                rt_timer_start
 .text.rt_timer_stop
                0x000000001c00d8ce       0x56 rt-thread/src/timer.o
                0x000000001c00d8ce                rt_timer_stop
 .text.rt_timer_control
                0x000000001c00d924       0xbc rt-thread/src/timer.o
                0x000000001c00d924                rt_timer_control
 .text.rt_timer_check
                0x000000001c00d9e0      0x11a rt-thread/src/timer.o
                0x000000001c00d9e0                rt_timer_check
 .text.rt_system_timer_init
                0x000000001c00dafa       0x40 rt-thread/src/timer.o
                0x000000001c00dafa                rt_system_timer_init
 .text.rt_system_timer_thread_init
                0x000000001c00db3a        0xe rt-thread/src/timer.o
                0x000000001c00db3a                rt_system_timer_thread_init
 .text.rti_start
                0x000000001c00db48       0x10 rt-thread/src/components.o
 .text.rti_board_start
                0x000000001c00db58       0x10 rt-thread/src/components.o
 .text.rti_board_end
                0x000000001c00db68       0x10 rt-thread/src/components.o
 .text.rti_end  0x000000001c00db78       0x10 rt-thread/src/components.o
 .text.rt_components_board_init
                0x000000001c00db88       0x42 rt-thread/src/components.o
                0x000000001c00db88                rt_components_board_init
 .text.rt_components_init
                0x000000001c00dbca       0x42 rt-thread/src/components.o
                0x000000001c00dbca                rt_components_init
 .text.entry    0x000000001c00dc0c       0x16 rt-thread/src/components.o
                0x000000001c00dc0c                entry
 .text.main_thread_entry
                0x000000001c00dc22       0x1c rt-thread/src/components.o
                0x000000001c00dc22                main_thread_entry
 .text.rt_application_init
                0x000000001c00dc3e       0x3c rt-thread/src/components.o
                0x000000001c00dc3e                rt_application_init
 .text.rtthread_startup
                0x000000001c00dc7a       0x36 rt-thread/src/components.o
                0x000000001c00dc7a                rtthread_startup
 .text.plug_holes
                0x000000001c00dcb0      0x10e rt-thread/src/mem.o
 .text.rt_system_heap_init
                0x000000001c00ddbe      0x14a rt-thread/src/mem.o
                0x000000001c00ddbe                rt_system_heap_init
 .text.rt_malloc
                0x000000001c00df08      0x29c rt-thread/src/mem.o
                0x000000001c00df08                rt_malloc
 .text.rt_calloc
                0x000000001c00e1a4       0x52 rt-thread/src/mem.o
                0x000000001c00e1a4                rt_calloc
 .text.rt_free  0x000000001c00e1f6      0x11a rt-thread/src/mem.o
                0x000000001c00e1f6                rt_free
 .text.list_mem
                0x000000001c00e310       0x54 rt-thread/src/mem.o
                0x000000001c00e310                list_mem
 .text.rt_ringbuffer_status
                0x000000001c00e364       0x5e rt-thread/src/ringbuffer.o
 .text.rt_ringbuffer_init
                0x000000001c00e3c2       0xae rt-thread/src/ringbuffer.o
                0x000000001c00e3c2                rt_ringbuffer_init
 .text.rt_ringbuffer_putchar
                0x000000001c00e470       0xf2 rt-thread/src/ringbuffer.o
                0x000000001c00e470                rt_ringbuffer_putchar
 .text.rt_ringbuffer_getchar
                0x000000001c00e562       0xe4 rt-thread/src/ringbuffer.o
                0x000000001c00e562                rt_ringbuffer_getchar
 .text.rt_ringbuffer_data_len
                0x000000001c00e646       0xae rt-thread/src/ringbuffer.o
                0x000000001c00e646                rt_ringbuffer_data_len
 .text.rt_list_isempty
                0x000000001c00e6f4       0x28 rt-thread/components/finsh/cmd.o
 .text.rt_list_len
                0x000000001c00e71c       0x46 rt-thread/components/finsh/cmd.o
 .text.hello    0x000000001c00e762       0x20 rt-thread/components/finsh/cmd.o
                0x000000001c00e762                hello
 .text.version  0x000000001c00e782       0x18 rt-thread/components/finsh/cmd.o
                0x000000001c00e782                version
 .text.object_split
                0x000000001c00e79a       0x32 rt-thread/components/finsh/cmd.o
 .text.list_find_init
                0x000000001c00e7cc       0x6e rt-thread/components/finsh/cmd.o
 .text.list_get_next
                0x000000001c00e83a      0x114 rt-thread/components/finsh/cmd.o
 .text.list_thread
                0x000000001c00e94e      0x22a rt-thread/components/finsh/cmd.o
                0x000000001c00e94e                list_thread
 .text.show_wait_queue
                0x000000001c00eb78       0x6e rt-thread/components/finsh/cmd.o
 .text.list_sem
                0x000000001c00ebe6      0x184 rt-thread/components/finsh/cmd.o
                0x000000001c00ebe6                list_sem
 .text.list_mailbox
                0x000000001c00ed6a      0x1a4 rt-thread/components/finsh/cmd.o
                0x000000001c00ed6a                list_mailbox
 .text.list_timer
                0x000000001c00ef0e      0x148 rt-thread/components/finsh/cmd.o
                0x000000001c00ef0e                list_timer
 .text.list     0x000000001c00f056       0x82 rt-thread/components/finsh/cmd.o
                0x000000001c00f056                list
 .text.msh_is_used
                0x000000001c00f0d8       0x10 rt-thread/components/finsh/msh.o
                0x000000001c00f0d8                msh_is_used
 .text.msh_help
                0x000000001c00f0e8       0x9a rt-thread/components/finsh/msh.o
                0x000000001c00f0e8                msh_help
 .text.cmd_ps   0x000000001c00f182       0x20 rt-thread/components/finsh/msh.o
                0x000000001c00f182                cmd_ps
 .text.cmd_free
                0x000000001c00f1a2       0x20 rt-thread/components/finsh/msh.o
                0x000000001c00f1a2                cmd_free
 .text.msh_split
                0x000000001c00f1c2      0x234 rt-thread/components/finsh/msh.o
 .text.msh_get_cmd
                0x000000001c00f3f6       0xa2 rt-thread/components/finsh/msh.o
 .text._msh_exec_cmd
                0x000000001c00f498       0xd4 rt-thread/components/finsh/msh.o
 .text.msh_exec
                0x000000001c00f56c       0xc2 rt-thread/components/finsh/msh.o
                0x000000001c00f56c                msh_exec
 .text.str_common
                0x000000001c00f62e       0x68 rt-thread/components/finsh/msh.o
 .text.msh_auto_complete
                0x000000001c00f696      0x10a rt-thread/components/finsh/msh.o
                0x000000001c00f696                msh_auto_complete
 .text.finsh_get_prompt
                0x000000001c00f7a0       0xd8 rt-thread/components/finsh/shell.o
                0x000000001c00f7a0                finsh_get_prompt
 .text.finsh_set_prompt_mode
                0x000000001c00f878       0x3a rt-thread/components/finsh/shell.o
                0x000000001c00f878                finsh_set_prompt_mode
 .text.finsh_getchar
                0x000000001c00f8b2       0x18 rt-thread/components/finsh/shell.o
 .text.shell_auto_complete
                0x000000001c00f8ca       0x4e rt-thread/components/finsh/shell.o
 .text.finsh_thread_entry
                0x000000001c00f918      0x628 rt-thread/components/finsh/shell.o
                0x000000001c00f918                finsh_thread_entry
 .text.finsh_system_function_init
                0x000000001c00ff40       0x2e rt-thread/components/finsh/shell.o
                0x000000001c00ff40                finsh_system_function_init
 .text.finsh_system_var_init
                0x000000001c00ff6e       0x2e rt-thread/components/finsh/shell.o
                0x000000001c00ff6e                finsh_system_var_init
 .text.finsh_system_init
                0x000000001c00ff9c       0xc6 rt-thread/components/finsh/shell.o
                0x000000001c00ff9c                finsh_system_init
 *fill*         0x000000001c010062        0x2 
 .text.entry    0x000000001c010064       0xf2 rt-thread/libcpu/risc-v/rv32m1/interrupt_gcc.o
                0x000000001c010064                IRQ_Handler
 .text.rt_hw_stack_init
                0x000000001c010156       0xa4 rt-thread/libcpu/risc-v/common/cpuport.o
                0x000000001c010156                rt_hw_stack_init
 .text.rt_hw_context_switch_interrupt
                0x000000001c0101fa       0x42 rt-thread/libcpu/risc-v/common/cpuport.o
                0x000000001c0101fa                rt_hw_context_switch_interrupt
 .text.startup  0x000000001c01023c       0x14 /home/wangshun/gcc_riscv32/bin/../lib/gcc/riscv32-unknown-elf/7.3.0/../../../../riscv32-unknown-elf/lib/libc.a(lib_a-stack_protector.o)
                0x000000001c01023c                __stack_chk_init
                0x000000001c010250                _etext = .
 *(.lit)
 *(.shdata)
                0x000000001c010250                _endtext = .
                0x000000001c010250                . = ALIGN (0x4)
 *fill*         0x000000001c010250        0x0 
                0x000000001c010250                . = ALIGN (0x4)
                0x000000001c010250                __fsymtab_start = .
 *(FSymTab)
 FSymTab        0x000000001c010250        0xc rt-thread/src/mem.o
                0x000000001c010250                __fsym_list_mem
 FSymTab        0x000000001c01025c       0x90 rt-thread/components/finsh/cmd.o
                0x000000001c01025c                __fsym_hello
                0x000000001c010268                __fsym_version
                0x000000001c010274                __fsym___cmd_version
                0x000000001c010280                __fsym_list_thread
                0x000000001c01028c                __fsym___cmd_list_thread
                0x000000001c010298                __fsym_list_sem
                0x000000001c0102a4                __fsym___cmd_list_sem
                0x000000001c0102b0                __fsym_list_mailbox
                0x000000001c0102bc                __fsym___cmd_list_mailbox
                0x000000001c0102c8                __fsym_list_timer
                0x000000001c0102d4                __fsym___cmd_list_timer
                0x000000001c0102e0                __fsym_list
 FSymTab        0x000000001c0102ec       0x24 rt-thread/components/finsh/msh.o
                0x000000001c0102ec                __fsym___cmd_help
                0x000000001c0102f8                __fsym___cmd_ps
                0x000000001c010304                __fsym___cmd_free
                0x000000001c010310                __fsymtab_end = .
                0x000000001c010310                . = ALIGN (0x4)
                0x000000001c010310                __vsymtab_start = .
 *(VSymTab)
                0x000000001c010310                __vsymtab_end = .
                0x000000001c010310                . = ALIGN (0x4)
                0x000000001c010310                . = ALIGN (0x4)
                0x000000001c010310                __rt_init_start = .
 *(SORT_BY_NAME(.rti_fn*))
 .rti_fn.0      0x000000001c010310        0x4 rt-thread/src/components.o
                0x000000001c010310                __rt_init_rti_start
 .rti_fn.0.end  0x000000001c010314        0x4 rt-thread/src/components.o
                0x000000001c010314                __rt_init_rti_board_start
 .rti_fn.1.end  0x000000001c010318        0x4 rt-thread/src/components.o
                0x000000001c010318                __rt_init_rti_board_end
 .rti_fn.6      0x000000001c01031c        0x4 main.o
                0x000000001c01031c                __rt_init_led_init
 .rti_fn.6      0x000000001c010320        0x4 rt-thread/components/finsh/shell.o
                0x000000001c010320                __rt_init_finsh_system_init
 .rti_fn.6.end  0x000000001c010324        0x4 rt-thread/src/components.o
                0x000000001c010324                __rt_init_rti_end
                0x000000001c010328                __rt_init_end = .
                0x000000001c010328                . = ALIGN (0x4)

.fini
 *(.fini)
                0x000000001c010328                __l2_priv0_end = ALIGN (0x4)

.rodata         0x000000001c010328      0xa61
 *(.rodata .rodata.* .gnu.linkonce.r.*)
 .rodata        0x000000001c010328       0x66 main.o
 *fill*         0x000000001c01038e        0x2 
 .rodata        0x000000001c010390        0x6 rt-thread/src/idle.o
 *fill*         0x000000001c010396        0x2 
 .rodata        0x000000001c010398       0x8f rt-thread/src/kservice.o
 *fill*         0x000000001c010427        0x1 
 .rodata.rt_vsnprintf
                0x000000001c010428      0x150 rt-thread/src/kservice.o
 .rodata.__lowest_bit_bitmap
                0x000000001c010578      0x100 rt-thread/src/kservice.o
                0x000000001c010578                __lowest_bit_bitmap
 .rodata.large_digits.2104
                0x000000001c010678       0x11 rt-thread/src/kservice.o
 *fill*         0x000000001c010689        0x3 
 .rodata.small_digits.2103
                0x000000001c01068c       0x11 rt-thread/src/kservice.o
 *fill*         0x000000001c01069d        0x3 
 .rodata.rt_timer_control
                0x000000001c0106a0       0x14 rt-thread/src/timer.o
 .rodata        0x000000001c0106b4        0x5 rt-thread/src/components.o
 *fill*         0x000000001c0106b9        0x3 
 .rodata        0x000000001c0106bc       0xd6 rt-thread/src/mem.o
 *fill*         0x000000001c010792        0x2 
 .rodata.name   0x000000001c010794       0x2a rt-thread/src/mem.o
                0x000000001c010794                __fsym_list_mem_name
                0x000000001c0107a0                __fsym_list_mem_desc
 *fill*         0x000000001c0107be        0x2 
 .rodata        0x000000001c0107c0      0x2bd rt-thread/components/finsh/cmd.o
 *fill*         0x000000001c010a7d        0x3 
 .rodata.name   0x000000001c010a80      0x1ca rt-thread/components/finsh/cmd.o
                0x000000001c010a80                __fsym_hello_name
                0x000000001c010a88                __fsym_hello_desc
                0x000000001c010a98                __fsym_version_name
                0x000000001c010aa0                __fsym_version_desc
                0x000000001c010ac4                __fsym___cmd_version_name
                0x000000001c010ad4                __fsym___cmd_version_desc
                0x000000001c010af8                __fsym_list_thread_name
                0x000000001c010b04                __fsym_list_thread_desc
                0x000000001c010b10                __fsym___cmd_list_thread_name
                0x000000001c010b24                __fsym___cmd_list_thread_desc
                0x000000001c010b30                __fsym_list_sem_name
                0x000000001c010b3c                __fsym_list_sem_desc
                0x000000001c010b58                __fsym___cmd_list_sem_name
                0x000000001c010b68                __fsym___cmd_list_sem_desc
                0x000000001c010b84                __fsym_list_mailbox_name
                0x000000001c010b94                __fsym_list_mailbox_desc
                0x000000001c010bac                __fsym___cmd_list_mailbox_name
                0x000000001c010bc0                __fsym___cmd_list_mailbox_desc
                0x000000001c010bd8                __fsym_list_timer_name
                0x000000001c010be4                __fsym_list_timer_desc
                0x000000001c010bfc                __fsym___cmd_list_timer_name
                0x000000001c010c10                __fsym___cmd_list_timer_desc
                0x000000001c010c28                __fsym_list_name
                0x000000001c010c30                __fsym_list_desc
 *fill*         0x000000001c010c4a        0x2 
 .rodata        0x000000001c010c4c       0x74 rt-thread/components/finsh/msh.o
 .rodata.name   0x000000001c010cc0       0x7d rt-thread/components/finsh/msh.o
                0x000000001c010cc0                __fsym___cmd_help_name
                0x000000001c010ccc                __fsym___cmd_help_desc
                0x000000001c010ce4                __fsym___cmd_ps_name
                0x000000001c010cf0                __fsym___cmd_ps_desc
                0x000000001c010d0c                __fsym___cmd_free_name
                0x000000001c010d18                __fsym___cmd_free_desc
 *fill*         0x000000001c010d3d        0x3 
 .rodata        0x000000001c010d40       0x49 rt-thread/components/finsh/shell.o

.rodata1
 *(.rodata1)

.boot
 *(.boot)
 *(.boot.data)

.talias

.eh_frame_hdr
 *(.eh_frame_hdr)
 *(.eh_frame_entry .eh_frame_entry.*)

.eh_frame       0x000000001c010d8c        0x0
 *(.eh_frame)
 .eh_frame      0x000000001c010d8c        0x0 /home/wangshun/gcc_riscv32/bin/../lib/gcc/riscv32-unknown-elf/7.3.0/libgcc.a(_divdi3.o)
                                         0x28 (size before relaxing)
 .eh_frame      0x000000001c010d8c        0x0 /home/wangshun/gcc_riscv32/bin/../lib/gcc/riscv32-unknown-elf/7.3.0/libgcc.a(_moddi3.o)
                                         0x28 (size before relaxing)
 .eh_frame      0x000000001c010d8c        0x0 /home/wangshun/gcc_riscv32/bin/../lib/gcc/riscv32-unknown-elf/7.3.0/libgcc.a(_udivdi3.o)
                                         0x28 (size before relaxing)
 .eh_frame      0x000000001c010d8c        0x0 /home/wangshun/gcc_riscv32/bin/../lib/gcc/riscv32-unknown-elf/7.3.0/libgcc.a(_umoddi3.o)
                                         0x28 (size before relaxing)
 *(.eh_frame.*)

.rela.dyn       0x000000001c010d8c        0x0
 .rela.text.udma_i2cm_open
                0x000000001c010d8c        0x0 /home/wangshun/plct_cli/cli_test/cli_test/kernel/list.o
 .rela.text.udma_qspim_open
                0x000000001c010d8c        0x0 /home/wangshun/plct_cli/cli_test/cli_test/kernel/list.o
 .rela.text.udma_flash_readid
                0x000000001c010d8c        0x0 /home/wangshun/plct_cli/cli_test/cli_test/kernel/list.o
 .rela.text.uart_rx_isr
                0x000000001c010d8c        0x0 /home/wangshun/plct_cli/cli_test/cli_test/kernel/list.o
 .rela.text.udma_uart_open
                0x000000001c010d8c        0x0 /home/wangshun/plct_cli/cli_test/cli_test/kernel/list.o
 .rela.text.start
                0x000000001c010d8c        0x0 /home/wangshun/plct_cli/cli_test/cli_test/kernel/list.o
 .rela.text.system_init
                0x000000001c010d8c        0x0 /home/wangshun/plct_cli/cli_test/cli_test/kernel/list.o
 .rela.text.vSystemIrqHandler
                0x000000001c010d8c        0x0 /home/wangshun/plct_cli/cli_test/cli_test/kernel/list.o
 .rela.text.undefined_handler
                0x000000001c010d8c        0x0 /home/wangshun/plct_cli/cli_test/cli_test/kernel/list.o
 .rela.text.rt_hw_console_getchar
                0x000000001c010d8c        0x0 /home/wangshun/plct_cli/cli_test/cli_test/kernel/list.o
 .rela.text.rt_hw_board_init
                0x000000001c010d8c        0x0 /home/wangshun/plct_cli/cli_test/cli_test/kernel/list.o
 .rela.text._has_defunct_thread
                0x000000001c010d8c        0x0 /home/wangshun/plct_cli/cli_test/cli_test/kernel/list.o
 .rela.text.rt_thread_idle_excute
                0x000000001c010d8c        0x0 /home/wangshun/plct_cli/cli_test/cli_test/kernel/list.o
 .rela.text.rt_interrupt_enter
                0x000000001c010d8c        0x0 /home/wangshun/plct_cli/cli_test/cli_test/kernel/list.o
 .rela.text.rt_interrupt_leave
                0x000000001c010d8c        0x0 /home/wangshun/plct_cli/cli_test/cli_test/kernel/list.o
 .rela.text.rt_system_scheduler_init
                0x000000001c010d8c        0x0 /home/wangshun/plct_cli/cli_test/cli_test/kernel/list.o
 .rela.text.rt_system_scheduler_start
                0x000000001c010d8c        0x0 /home/wangshun/plct_cli/cli_test/cli_test/kernel/list.o
 .rela.text.rt_schedule
                0x000000001c010d8c        0x0 /home/wangshun/plct_cli/cli_test/cli_test/kernel/list.o
 .rela.text.rt_schedule_insert_thread
                0x000000001c010d8c        0x0 /home/wangshun/plct_cli/cli_test/cli_test/kernel/list.o
 .rela.text.rt_schedule_remove_thread
                0x000000001c010d8c        0x0 /home/wangshun/plct_cli/cli_test/cli_test/kernel/list.o
 .rela.text.rt_thread_exit
                0x000000001c010d8c        0x0 /home/wangshun/plct_cli/cli_test/cli_test/kernel/list.o
 .rela.text.rt_thread_yield
                0x000000001c010d8c        0x0 /home/wangshun/plct_cli/cli_test/cli_test/kernel/list.o
 .rela.text.finsh_get_prompt
                0x000000001c010d8c        0x0 /home/wangshun/plct_cli/cli_test/cli_test/kernel/list.o
 .rela.text.finsh_set_prompt_mode
                0x000000001c010d8c        0x0 /home/wangshun/plct_cli/cli_test/cli_test/kernel/list.o
 .rela.text.finsh_thread_entry
                0x000000001c010d8c        0x0 /home/wangshun/plct_cli/cli_test/cli_test/kernel/list.o
 .rela.text.finsh_system_init
                0x000000001c010d8c        0x0 /home/wangshun/plct_cli/cli_test/cli_test/kernel/list.o
 .rela.text.entry
                0x000000001c010d8c        0x0 /home/wangshun/plct_cli/cli_test/cli_test/kernel/list.o

.gcc_except_table
 *(.gcc_except_table .gcc_except_table.*)

.gnu_extab
 *(.gnu_extab*)

.eh_frame
 *(.eh_frame)
 *(.eh_frame.*)

.gnu_extab
 *(.gnu_extab)

.gcc_except_table
 *(.gcc_except_table .gcc_except_table.*)

.exception_ranges
 *(.exception_ranges .exception_ranges*)

.tdata          0x000000001c010d8c        0x0
                [!provide]                        PROVIDE (__tdata_start = .)
 *(.tdata .tdata.* .gnu.linkonce.td.*)

.tbss
 *(.tbss .tbss.* .gnu.linkonce.tb.*)
 *(.tcommon)

.preinit_array  0x000000001c010d8c        0x0
                [!provide]                        PROVIDE (__preinit_array_start = .)
 *(.preinit_array)
                [!provide]                        PROVIDE (__preinit_array_end = .)

.init_array     0x000000001c010d8c        0x4
                [!provide]                        PROVIDE (__init_array_start = .)
 *(SORT_BY_INIT_PRIORITY(.init_array.*) SORT_BY_INIT_PRIORITY(.ctors.*))
 *(.init_array EXCLUDE_FILE(*crtend?.o *crtend.o *crtbegin?.o *crtbegin.o) .ctors)
 .init_array    0x000000001c010d8c        0x4 /home/wangshun/gcc_riscv32/bin/../lib/gcc/riscv32-unknown-elf/7.3.0/../../../../riscv32-unknown-elf/lib/libc.a(lib_a-stack_protector.o)
                [!provide]                        PROVIDE (__init_array_end = .)

.fini_array     0x000000001c010d90        0x0
                [!provide]                        PROVIDE (__fini_array_start = .)
 *(SORT_BY_INIT_PRIORITY(.fini_array.*) SORT_BY_INIT_PRIORITY(.dtors.*))
 *(.fini_array EXCLUDE_FILE(*crtend?.o *crtend.o *crtbegin?.o *crtbegin.o) .dtors)
                [!provide]                        PROVIDE (__fini_array_end = .)

.ctors
 *crtbegin.o(.ctors)
 *crtbegin?.o(.ctors)
 *(EXCLUDE_FILE(*crtend?.o *crtend.o) .ctors)
 *(SORT_BY_NAME(.ctors.*))
 *(.ctors)

.dtors
 *crtbegin.o(.dtors)
 *crtbegin?.o(.dtors)
 *(EXCLUDE_FILE(*crtend?.o *crtend.o) .dtors)
 *(SORT_BY_NAME(.dtors.*))
 *(.dtors)

.gnu.offload_funcs
 *(.gnu.offload_funcs)

.gnu.offload_vars
 *(.gnu.offload_vars)

.data           0x000000001c010d90      0x47c
                0x000000001c010d90                sdata = .
                0x000000001c010d90                _sdata = .
                0x000000001c010d90                __data_begin = .
 *(.data_fc)
 *(.data_fc.*)
 *(.data)
 .data          0x000000001c010d90      0x428 /home/wangshun/gcc_riscv32/bin/../lib/gcc/riscv32-unknown-elf/7.3.0/../../../../riscv32-unknown-elf/lib/libc.a(lib_a-impure.o)
 *(.data.*)
 .data.rt_object_container
                0x000000001c0111b8       0x40 rt-thread/src/object.o
                0x000000001c0111f8                __sdata_begin = .
 *(.sdata)
 .sdata         0x000000001c0111f8        0x8 /home/wangshun/gcc_riscv32/bin/../lib/gcc/riscv32-unknown-elf/7.3.0/../../../../riscv32-unknown-elf/lib/libc.a(lib_a-impure.o)
                0x000000001c0111f8                _global_impure_ptr
                0x000000001c0111fc                _impure_ptr
 *(.sdata.*)
 .sdata.xFreeBytesRemaining
                0x000000001c011200        0x4 /home/wangshun/plct_cli/cli_test/cli_test/kernel/portable/MemMang/heap_2.o
 .sdata.puart0  0x000000001c011204        0x4 /home/wangshun/plct_cli/cli_test/cli_test/drivers/source/udma_uart_driver.o
 .sdata.puart1  0x000000001c011208        0x4 /home/wangshun/plct_cli/cli_test/cli_test/drivers/source/udma_uart_driver.o
 *(.sdata2.*)
 *(.heapl2ram)
 *(.fcTcdm)
 *(.fcTcdm.*)
 *(.fcTcdm_g)
 *(.fcTcdm_g.*)
                0x000000001c01120c                . = ALIGN (0x4)
                0x000000001c01120c                edata = .
                0x000000001c01120c                _edata = .

.bss            0x000000001c011210     0x5e20
                0x000000001c011210                _bss_start = .
                0x000000001c011210                __bss_start = .
 *(.shbss)
 *(.bss)
 *(.bss.*)
 .bss.pxReadyTasksLists
                0x000000001c011210       0x64 /home/wangshun/plct_cli/cli_test/cli_test/kernel/tasks.o
 .bss.xPendingReadyList
                0x000000001c011274       0x14 /home/wangshun/plct_cli/cli_test/cli_test/kernel/tasks.o
 .bss.xSuspendedTaskList
                0x000000001c011288       0x14 /home/wangshun/plct_cli/cli_test/cli_test/kernel/tasks.o
 .bss.fc_event_handlers
                0x000000001c01129c      0x2a0 /home/wangshun/plct_cli/cli_test/cli_test/hal/source/hal_fc_event.o
 .bss.fc_event_semaphores
                0x000000001c01153c      0x2a0 /home/wangshun/plct_cli/cli_test/cli_test/hal/source/hal_fc_event.o
 .bss.auccmd    0x000000001c0117dc       0x40 /home/wangshun/plct_cli/cli_test/cli_test/drivers/source/udma_qspi_driver.o
 .bss.rx_data   0x000000001c01181c       0x10 /home/wangshun/plct_cli/cli_test/cli_test/drivers/source/udma_qspi_driver.o
 .bss.u1buffer  0x000000001c01182c       0x80 /home/wangshun/plct_cli/cli_test/cli_test/drivers/source/udma_uart_driver.o
 .bss.uart_rxbuffer
                0x000000001c0118ac       0x10 /home/wangshun/plct_cli/cli_test/cli_test/drivers/source/udma_uart_driver.o
                0x000000001c0118ac                uart_rxbuffer
 .bss.gMuxSelSaveBuf
                0x000000001c0118bc        0xa qspi_tests.o
                0x000000001c0118bc                gMuxSelSaveBuf
 *fill*         0x000000001c0118c6        0x2 
 .bss.rt_heap   0x000000001c0118c8     0x5000 main.o
 .bss.idle      0x000000001c0168c8       0x78 rt-thread/src/idle.o
 .bss.rt_thread_stack
                0x000000001c016940      0x100 rt-thread/src/idle.o
 .bss.rt_log_buf.2208
                0x000000001c016a40       0x80 rt-thread/src/kservice.o
 .bss.heap_sem  0x000000001c016ac0       0x20 rt-thread/src/mem.o
 .bss.finsh_prompt.3837
                0x000000001c016ae0       0x81 rt-thread/components/finsh/shell.o
 *(.sbss)
 *fill*         0x000000001c016b61        0x3 
 .sbss          0x000000001c016b64        0x4 /home/wangshun/gcc_riscv32/bin/../lib/gcc/riscv32-unknown-elf/7.3.0/../../../../riscv32-unknown-elf/lib/libc.a(lib_a-stack_protector.o)
                0x000000001c016b64                __stack_chk_guard
 *(.sbss.*)
 .sbss.pxCurrentTCB
                0x000000001c016b68        0x4 /home/wangshun/plct_cli/cli_test/cli_test/kernel/tasks.o
                0x000000001c016b68                pxCurrentTCB
 .sbss.pxDelayedTaskList
                0x000000001c016b6c        0x4 /home/wangshun/plct_cli/cli_test/cli_test/kernel/tasks.o
 .sbss.pxOverflowDelayedTaskList
                0x000000001c016b70        0x4 /home/wangshun/plct_cli/cli_test/cli_test/kernel/tasks.o
 .sbss.uxCurrentNumberOfTasks
                0x000000001c016b74        0x4 /home/wangshun/plct_cli/cli_test/cli_test/kernel/tasks.o
 .sbss.xTickCount
                0x000000001c016b78        0x4 /home/wangshun/plct_cli/cli_test/cli_test/kernel/tasks.o
                0x000000001c016b78                xTickCount
 .sbss.uxTopReadyPriority
                0x000000001c016b7c        0x4 /home/wangshun/plct_cli/cli_test/cli_test/kernel/tasks.o
 .sbss.xSchedulerRunning
                0x000000001c016b80        0x4 /home/wangshun/plct_cli/cli_test/cli_test/kernel/tasks.o
 .sbss.xPendedTicks
                0x000000001c016b84        0x4 /home/wangshun/plct_cli/cli_test/cli_test/kernel/tasks.o
 .sbss.xYieldPending
                0x000000001c016b88        0x4 /home/wangshun/plct_cli/cli_test/cli_test/kernel/tasks.o
 .sbss.xNumOfOverflows
                0x000000001c016b8c        0x4 /home/wangshun/plct_cli/cli_test/cli_test/kernel/tasks.o
 .sbss.xNextTaskUnblockTime
                0x000000001c016b90        0x4 /home/wangshun/plct_cli/cli_test/cli_test/kernel/tasks.o
 .sbss.uxSchedulerSuspended
                0x000000001c016b94        0x4 /home/wangshun/plct_cli/cli_test/cli_test/kernel/tasks.o
 .sbss.xStart   0x000000001c016b98        0x8 /home/wangshun/plct_cli/cli_test/cli_test/kernel/portable/MemMang/heap_2.o
 .sbss.xEnd     0x000000001c016ba0        0x8 /home/wangshun/plct_cli/cli_test/cli_test/kernel/portable/MemMang/heap_2.o
 .sbss.xHeapHasBeenInitialised.2470
                0x000000001c016ba8        0x4 /home/wangshun/plct_cli/cli_test/cli_test/kernel/portable/MemMang/heap_2.o
 .sbss.xHigherPriorityTaskWoken.4047
                0x000000001c016bac        0x4 /home/wangshun/plct_cli/cli_test/cli_test/hal/source/hal_fc_event.o
 .sbss.aucclkdiv
                0x000000001c016bb0        0x2 /home/wangshun/plct_cli/cli_test/cli_test/drivers/source/udma_i2cm_driver.o
 *fill*         0x000000001c016bb2        0x2 
 .sbss.isr_count
                0x000000001c016bb4        0x4 /home/wangshun/plct_cli/cli_test/cli_test/drivers/source/udma_qspi_driver.o
 .sbss.u1rdptr  0x000000001c016bb8        0x4 /home/wangshun/plct_cli/cli_test/cli_test/drivers/source/udma_uart_driver.o
 .sbss.u1wrptr  0x000000001c016bbc        0x4 /home/wangshun/plct_cli/cli_test/cli_test/drivers/source/udma_uart_driver.o
 .sbss.u0rdptr  0x000000001c016bc0        0x4 /home/wangshun/plct_cli/cli_test/cli_test/drivers/source/udma_uart_driver.o
 .sbss.u0wrptr  0x000000001c016bc4        0x4 /home/wangshun/plct_cli/cli_test/cli_test/drivers/source/udma_uart_driver.o
 .sbss.gQSPIFlashPresentFlg
                0x000000001c016bc8        0x2 /home/wangshun/plct_cli/cli_test/cli_test/target/core-v-mcu/core-v-mcu.o
                0x000000001c016bc8                gQSPIFlashPresentFlg
 *fill*         0x000000001c016bca        0x2 
 .sbss.gMicronFlashDetectedFlg
                0x000000001c016bcc        0x2 /home/wangshun/plct_cli/cli_test/cli_test/target/core-v-mcu/core-v-mcu.o
                0x000000001c016bcc                gMicronFlashDetectedFlg
 *fill*         0x000000001c016bce        0x2 
 .sbss.gSpecialHandlingIRQCnt
                0x000000001c016bd0        0x4 /home/wangshun/plct_cli/cli_test/cli_test/target/core-v-mcu/core-v-mcu.o
                0x000000001c016bd0                gSpecialHandlingIRQCnt
 .sbss.gQSPIIdNum
                0x000000001c016bd4        0x1 /home/wangshun/plct_cli/cli_test/cli_test/target/core-v-mcu/core-v-mcu.o
                0x000000001c016bd4                gQSPIIdNum
 *fill*         0x000000001c016bd5        0x3 
 .sbss.rt_tick  0x000000001c016bd8        0x4 rt-thread/src/clock.o
 .sbss.rt_scheduler_lock_nest
                0x000000001c016bdc        0x2 rt-thread/src/scheduler.o
 *fill*         0x000000001c016bde        0x2 
 .sbss.rt_current_thread
                0x000000001c016be0        0x4 rt-thread/src/scheduler.o
                0x000000001c016be0                rt_current_thread
 .sbss.rt_timer_list
                0x000000001c016be4        0x8 rt-thread/src/timer.o
 .sbss.random_nr.1991
                0x000000001c016bec        0x4 rt-thread/src/timer.o
 .sbss.heap_ptr
                0x000000001c016bf0        0x4 rt-thread/src/mem.o
 .sbss.heap_end
                0x000000001c016bf4        0x4 rt-thread/src/mem.o
 .sbss.lfree    0x000000001c016bf8        0x4 rt-thread/src/mem.o
 .sbss.mem_size_aligned
                0x000000001c016bfc        0x4 rt-thread/src/mem.o
 .sbss.used_mem
                0x000000001c016c00        0x4 rt-thread/src/mem.o
 .sbss.max_mem  0x000000001c016c04        0x4 rt-thread/src/mem.o
 .sbss._syscall_table_begin
                0x000000001c016c08        0x4 rt-thread/components/finsh/shell.o
                0x000000001c016c08                _syscall_table_begin
 .sbss._syscall_table_end
                0x000000001c016c0c        0x4 rt-thread/components/finsh/shell.o
                0x000000001c016c0c                _syscall_table_end
 .sbss._sysvar_table_begin
                0x000000001c016c10        0x4 rt-thread/components/finsh/shell.o
                0x000000001c016c10                _sysvar_table_begin
 .sbss._sysvar_table_end
                0x000000001c016c14        0x4 rt-thread/components/finsh/shell.o
                0x000000001c016c14                _sysvar_table_end
 .sbss.finsh_prompt_custom
                0x000000001c016c18        0x4 rt-thread/components/finsh/shell.o
 .sbss.rt_interrupt_from_thread
                0x000000001c016c1c        0x4 rt-thread/libcpu/risc-v/common/cpuport.o
                0x000000001c016c1c                rt_interrupt_from_thread
 .sbss.rt_interrupt_to_thread
                0x000000001c016c20        0x4 rt-thread/libcpu/risc-v/common/cpuport.o
                0x000000001c016c20                rt_interrupt_to_thread
 .sbss.rt_thread_switch_interrupt_flag
                0x000000001c016c24        0x4 rt-thread/libcpu/risc-v/common/cpuport.o
                0x000000001c016c24                rt_thread_switch_interrupt_flag
 *(COMMON)
 COMMON         0x000000001c016c28       0x10 /home/wangshun/plct_cli/cli_test/cli_test/drivers/source/udma_i2cm_driver.o
                0x000000001c016c28                i2cm_semaphores_tx
                0x000000001c016c30                i2cm_semaphores_rx
 COMMON         0x000000001c016c38       0x24 /home/wangshun/plct_cli/cli_test/cli_test/drivers/source/udma_qspi_driver.o
                0x000000001c016c38                qspim_semaphores_eot
                0x000000001c016c40                aucclkdiv
                0x000000001c016c44                qspim_semaphores_tx
                0x000000001c016c4c                qspim_semaphores_rx
                0x000000001c016c54                qspim_semaphores_cmd
 COMMON         0x000000001c016c5c       0x3c /home/wangshun/plct_cli/cli_test/cli_test/drivers/source/udma_uart_driver.o
                0x000000001c016c5c                uart_semaphores_rx
                0x000000001c016c64                uart_semaphores_tx
                0x000000001c016c6c                uart_rxTCB
                0x000000001c016c78                shell_rx_semaphore
 COMMON         0x000000001c016c98      0x280 /home/wangshun/plct_cli/cli_test/cli_test/target/core-v-mcu/core-v-mcu.o
                0x000000001c016c98                gFlashDeviceObject
                0x000000001c016e18                isr_table
                0x000000001c016e98                handler_count
 COMMON         0x000000001c016f18        0x1 rt-thread/src/irq.o
                0x000000001c016f18                rt_interrupt_nest
 *fill*         0x000000001c016f19        0x3 
 COMMON         0x000000001c016f1c      0x110 rt-thread/src/scheduler.o
                0x000000001c016f1c                rt_thread_priority_table
                0x000000001c01701c                rt_current_priority
                0x000000001c017020                rt_thread_ready_priority_group
                0x000000001c017024                rt_thread_defunct
 COMMON         0x000000001c01702c        0x4 rt-thread/components/finsh/shell.o
                0x000000001c01702c                shell
                0x000000001c017030                . = ALIGN (0x4)
                0x000000001c017030                __bss_end = .
                0x000000001c017030                _bss_end = .
                0x000000001c017030                _end = .
                0x000000001c0119f8                PROVIDE (__global_pointer$ = MIN ((__sdata_begin + 0x800), MAX ((__data_begin + 0x800), (__bss_end - 0x800))))

.heap           0x000000001c017030    0x10000
                0x000000001c017030                __heap_start = .
 *(.heap)
 .heap          0x000000001c017030    0x10000 /home/wangshun/plct_cli/cli_test/cli_test/target/core-v-mcu/core-v-mcu.o
                0x000000001c017030                ucHeap
                0x000000001c027030                __heap_end = .
                0x0000000000000001                ASSERT (((__heap_start + __heap_size) < __heap_end), Error (Linkerscript): Heap is too large)

.stack          0x000000001c027030      0x800
                0x000000001c027030                stack_start = .
                0x000000001c027030                __stack_bottom = .
                0x000000001c027830                . = (. + __stack_size)
 *fill*         0x000000001c027030      0x800 
                0x000000001c027830                __stack_top = .
                0x000000001c027830                __freertos_irq_stack_top = .
                0x000000001c027830                stack = .
                0x000000001c027830                __l2_priv1_end = ALIGN (0x4)

.l2_data        0x000000001c027830        0x0
                0x000000001c027830                __cluster_text_start = .
 *(.cluster.text)
 *(.cluster.text.*)
                0x000000001c027830                . = ALIGN (0x4)
                0x000000001c027830                __cluster_text_end = .
 *(.l2_data)
 *(.l2_data.*)
 *(.data_fc_shared)
 *(.data_fc_shared.*)
                0x000000001c027830                . = ALIGN (0x4)
                0x000000001c027830                __l2_shared_end = (LOADADDR (.l2_data) + SIZEOF (.l2_data))
OUTPUT(cli_test elf32-littleriscv)

.debug_info     0x0000000000000000    0x1ce06
 .debug_info    0x0000000000000000      0xad0 /home/wangshun/plct_cli/cli_test/cli_test/kernel/list.o
 .debug_info    0x0000000000000ad0     0x18df /home/wangshun/plct_cli/cli_test/cli_test/kernel/queue.o
 .debug_info    0x00000000000023af     0x21df /home/wangshun/plct_cli/cli_test/cli_test/kernel/tasks.o
 .debug_info    0x000000000000458e      0xb1e /home/wangshun/plct_cli/cli_test/cli_test/kernel/portable/MemMang/heap_2.o
 .debug_info    0x00000000000050ac      0xd48 /home/wangshun/plct_cli/cli_test/cli_test/hal/source/hal_apb_i2cs.o
 .debug_info    0x0000000000005df4      0xa80 /home/wangshun/plct_cli/cli_test/cli_test/hal/source/hal_fc_event.o
 .debug_info    0x0000000000006874      0x1fd /home/wangshun/plct_cli/cli_test/cli_test/hal/source/hal_irq.o
 .debug_info    0x0000000000006a71      0xd59 /home/wangshun/plct_cli/cli_test/cli_test/hal/source/hal_pinmux.o
 .debug_info    0x00000000000077ca      0x18b /home/wangshun/plct_cli/cli_test/cli_test/hal/source/hal_soc_eu.o
 .debug_info    0x0000000000007955      0x1c1 /home/wangshun/plct_cli/cli_test/cli_test/hal/source/hal_timer_irq.o
 .debug_info    0x0000000000007b16     0x13ed /home/wangshun/plct_cli/cli_test/cli_test/drivers/source/udma_i2cm_driver.o
 .debug_info    0x0000000000008f03     0x1670 /home/wangshun/plct_cli/cli_test/cli_test/drivers/source/udma_qspi_driver.o
 .debug_info    0x000000000000a573     0x155e /home/wangshun/plct_cli/cli_test/cli_test/drivers/source/udma_uart_driver.o
 .debug_info    0x000000000000bad1       0x26 /home/wangshun/plct_cli/cli_test/cli_test/target/crt0.o
 .debug_info    0x000000000000baf7       0x22 /home/wangshun/plct_cli/cli_test/cli_test/target/vectors.o
 .debug_info    0x000000000000bb19     0x202e /home/wangshun/plct_cli/cli_test/cli_test/target/core-v-mcu/core-v-mcu.o
 .debug_info    0x000000000000db47     0x1d6e qspi_tests.o
 .debug_info    0x000000000000f8b5     0x1660 main.o
 .debug_info    0x0000000000010f15      0x427 rt-thread/src/clock.o
 .debug_info    0x000000000001133c      0x49a rt-thread/src/idle.o
 .debug_info    0x00000000000117d6      0xb17 rt-thread/src/ipc.o
 .debug_info    0x00000000000122ed      0x18b rt-thread/src/irq.o
 .debug_info    0x0000000000012478      0xe2a rt-thread/src/kservice.o
 .debug_info    0x00000000000132a2      0x649 rt-thread/src/object.o
 .debug_info    0x00000000000138eb      0x60d rt-thread/src/scheduler.o
 .debug_info    0x0000000000013ef8      0x9d9 rt-thread/src/thread.o
 .debug_info    0x00000000000148d1      0x772 rt-thread/src/timer.o
 .debug_info    0x0000000000015043      0x4f4 rt-thread/src/components.o
 .debug_info    0x0000000000015537      0xe9a rt-thread/src/mem.o
 .debug_info    0x00000000000163d1      0xc97 rt-thread/src/ringbuffer.o
 .debug_info    0x0000000000017068     0x179b rt-thread/components/finsh/cmd.o
 .debug_info    0x0000000000018803      0xec6 rt-thread/components/finsh/msh.o
 .debug_info    0x00000000000196c9     0x1081 rt-thread/components/finsh/shell.o
 .debug_info    0x000000000001a74a       0x26 rt-thread/libcpu/risc-v/rv32m1/interrupt_gcc.o
 .debug_info    0x000000000001a770      0x392 rt-thread/libcpu/risc-v/common/cpuport.o
 .debug_info    0x000000000001ab02       0x26 rt-thread/libcpu/risc-v/common/context_gcc.o
 .debug_info    0x000000000001ab28      0x8a4 /home/wangshun/gcc_riscv32/bin/../lib/gcc/riscv32-unknown-elf/7.3.0/libgcc.a(_divdi3.o)
 .debug_info    0x000000000001b3cc      0x8f9 /home/wangshun/gcc_riscv32/bin/../lib/gcc/riscv32-unknown-elf/7.3.0/libgcc.a(_moddi3.o)
 .debug_info    0x000000000001bcc5      0x872 /home/wangshun/gcc_riscv32/bin/../lib/gcc/riscv32-unknown-elf/7.3.0/libgcc.a(_udivdi3.o)
 .debug_info    0x000000000001c537      0x8cf /home/wangshun/gcc_riscv32/bin/../lib/gcc/riscv32-unknown-elf/7.3.0/libgcc.a(_umoddi3.o)

.debug_abbrev   0x0000000000000000     0x53bb
 .debug_abbrev  0x0000000000000000      0x205 /home/wangshun/plct_cli/cli_test/cli_test/kernel/list.o
 .debug_abbrev  0x0000000000000205      0x2d1 /home/wangshun/plct_cli/cli_test/cli_test/kernel/queue.o
 .debug_abbrev  0x00000000000004d6      0x34a /home/wangshun/plct_cli/cli_test/cli_test/kernel/tasks.o
 .debug_abbrev  0x0000000000000820      0x27a /home/wangshun/plct_cli/cli_test/cli_test/kernel/portable/MemMang/heap_2.o
 .debug_abbrev  0x0000000000000a9a      0x19b /home/wangshun/plct_cli/cli_test/cli_test/hal/source/hal_apb_i2cs.o
 .debug_abbrev  0x0000000000000c35      0x217 /home/wangshun/plct_cli/cli_test/cli_test/hal/source/hal_fc_event.o
 .debug_abbrev  0x0000000000000e4c       0xea /home/wangshun/plct_cli/cli_test/cli_test/hal/source/hal_irq.o
 .debug_abbrev  0x0000000000000f36      0x24c /home/wangshun/plct_cli/cli_test/cli_test/hal/source/hal_pinmux.o
 .debug_abbrev  0x0000000000001182       0xf5 /home/wangshun/plct_cli/cli_test/cli_test/hal/source/hal_soc_eu.o
 .debug_abbrev  0x0000000000001277       0xf9 /home/wangshun/plct_cli/cli_test/cli_test/hal/source/hal_timer_irq.o
 .debug_abbrev  0x0000000000001370      0x319 /home/wangshun/plct_cli/cli_test/cli_test/drivers/source/udma_i2cm_driver.o
 .debug_abbrev  0x0000000000001689      0x397 /home/wangshun/plct_cli/cli_test/cli_test/drivers/source/udma_qspi_driver.o
 .debug_abbrev  0x0000000000001a20      0x2f0 /home/wangshun/plct_cli/cli_test/cli_test/drivers/source/udma_uart_driver.o
 .debug_abbrev  0x0000000000001d10       0x14 /home/wangshun/plct_cli/cli_test/cli_test/target/crt0.o
 .debug_abbrev  0x0000000000001d24       0x12 /home/wangshun/plct_cli/cli_test/cli_test/target/vectors.o
 .debug_abbrev  0x0000000000001d36      0x3af /home/wangshun/plct_cli/cli_test/cli_test/target/core-v-mcu/core-v-mcu.o
 .debug_abbrev  0x00000000000020e5      0x354 qspi_tests.o
 .debug_abbrev  0x0000000000002439      0x3d1 main.o
 .debug_abbrev  0x000000000000280a      0x17a rt-thread/src/clock.o
 .debug_abbrev  0x0000000000002984      0x1d9 rt-thread/src/idle.o
 .debug_abbrev  0x0000000000002b5d      0x223 rt-thread/src/ipc.o
 .debug_abbrev  0x0000000000002d80      0x106 rt-thread/src/irq.o
 .debug_abbrev  0x0000000000002e86      0x2c2 rt-thread/src/kservice.o
 .debug_abbrev  0x0000000000003148      0x221 rt-thread/src/object.o
 .debug_abbrev  0x0000000000003369      0x1d8 rt-thread/src/scheduler.o
 .debug_abbrev  0x0000000000003541      0x241 rt-thread/src/thread.o
 .debug_abbrev  0x0000000000003782      0x298 rt-thread/src/timer.o
 .debug_abbrev  0x0000000000003a1a      0x189 rt-thread/src/components.o
 .debug_abbrev  0x0000000000003ba3      0x2b2 rt-thread/src/mem.o
 .debug_abbrev  0x0000000000003e55      0x2e0 rt-thread/src/ringbuffer.o
 .debug_abbrev  0x0000000000004135      0x306 rt-thread/components/finsh/cmd.o
 .debug_abbrev  0x000000000000443b      0x310 rt-thread/components/finsh/msh.o
 .debug_abbrev  0x000000000000474b      0x39b rt-thread/components/finsh/shell.o
 .debug_abbrev  0x0000000000004ae6       0x14 rt-thread/libcpu/risc-v/rv32m1/interrupt_gcc.o
 .debug_abbrev  0x0000000000004afa      0x13c rt-thread/libcpu/risc-v/common/cpuport.o
 .debug_abbrev  0x0000000000004c36       0x14 rt-thread/libcpu/risc-v/common/context_gcc.o
 .debug_abbrev  0x0000000000004c4a      0x1de /home/wangshun/gcc_riscv32/bin/../lib/gcc/riscv32-unknown-elf/7.3.0/libgcc.a(_divdi3.o)
 .debug_abbrev  0x0000000000004e28      0x1e9 /home/wangshun/gcc_riscv32/bin/../lib/gcc/riscv32-unknown-elf/7.3.0/libgcc.a(_moddi3.o)
 .debug_abbrev  0x0000000000005011      0x1c8 /home/wangshun/gcc_riscv32/bin/../lib/gcc/riscv32-unknown-elf/7.3.0/libgcc.a(_udivdi3.o)
 .debug_abbrev  0x00000000000051d9      0x1e2 /home/wangshun/gcc_riscv32/bin/../lib/gcc/riscv32-unknown-elf/7.3.0/libgcc.a(_umoddi3.o)

.debug_aranges  0x0000000000000000     0x1258
 .debug_aranges
                0x0000000000000000       0x40 /home/wangshun/plct_cli/cli_test/cli_test/kernel/list.o
 .debug_aranges
                0x0000000000000040      0x140 /home/wangshun/plct_cli/cli_test/cli_test/kernel/queue.o
 .debug_aranges
                0x0000000000000180      0x220 /home/wangshun/plct_cli/cli_test/cli_test/kernel/tasks.o
 .debug_aranges
                0x00000000000003a0       0x40 /home/wangshun/plct_cli/cli_test/cli_test/kernel/portable/MemMang/heap_2.o
 .debug_aranges
                0x00000000000003e0       0x90 /home/wangshun/plct_cli/cli_test/cli_test/hal/source/hal_apb_i2cs.o
 .debug_aranges
                0x0000000000000470       0x40 /home/wangshun/plct_cli/cli_test/cli_test/hal/source/hal_fc_event.o
 .debug_aranges
                0x00000000000004b0       0x50 /home/wangshun/plct_cli/cli_test/cli_test/hal/source/hal_irq.o
 .debug_aranges
                0x0000000000000500       0x30 /home/wangshun/plct_cli/cli_test/cli_test/hal/source/hal_pinmux.o
 .debug_aranges
                0x0000000000000530       0x40 /home/wangshun/plct_cli/cli_test/cli_test/hal/source/hal_soc_eu.o
 .debug_aranges
                0x0000000000000570       0x50 /home/wangshun/plct_cli/cli_test/cli_test/hal/source/hal_timer_irq.o
 .debug_aranges
                0x00000000000005c0       0x98 /home/wangshun/plct_cli/cli_test/cli_test/drivers/source/udma_i2cm_driver.o
 .debug_aranges
                0x0000000000000658       0xc0 /home/wangshun/plct_cli/cli_test/cli_test/drivers/source/udma_qspi_driver.o
 .debug_aranges
                0x0000000000000718       0x88 /home/wangshun/plct_cli/cli_test/cli_test/drivers/source/udma_uart_driver.o
 .debug_aranges
                0x00000000000007a0       0x20 /home/wangshun/plct_cli/cli_test/cli_test/target/crt0.o
 .debug_aranges
                0x00000000000007c0       0x28 /home/wangshun/plct_cli/cli_test/cli_test/target/vectors.o
 .debug_aranges
                0x00000000000007e8       0x60 /home/wangshun/plct_cli/cli_test/cli_test/target/core-v-mcu/core-v-mcu.o
 .debug_aranges
                0x0000000000000848       0xe8 qspi_tests.o
 .debug_aranges
                0x0000000000000930       0xa8 main.o
 .debug_aranges
                0x00000000000009d8       0x40 rt-thread/src/clock.o
 .debug_aranges
                0x0000000000000a18       0x48 rt-thread/src/idle.o
 .debug_aranges
                0x0000000000000a60       0xd0 rt-thread/src/ipc.o
 .debug_aranges
                0x0000000000000b30       0x30 rt-thread/src/irq.o
 .debug_aranges
                0x0000000000000b60      0x100 rt-thread/src/kservice.o
 .debug_aranges
                0x0000000000000c60       0x80 rt-thread/src/object.o
 .debug_aranges
                0x0000000000000ce0       0x78 rt-thread/src/scheduler.o
 .debug_aranges
                0x0000000000000d58       0xd0 rt-thread/src/thread.o
 .debug_aranges
                0x0000000000000e28       0xa8 rt-thread/src/timer.o
 .debug_aranges
                0x0000000000000ed0       0x68 rt-thread/src/components.o
 .debug_aranges
                0x0000000000000f38       0x58 rt-thread/src/mem.o
 .debug_aranges
                0x0000000000000f90       0x78 rt-thread/src/ringbuffer.o
 .debug_aranges
                0x0000000000001008       0x80 rt-thread/components/finsh/cmd.o
 .debug_aranges
                0x0000000000001088       0x68 rt-thread/components/finsh/msh.o
 .debug_aranges
                0x00000000000010f0       0x78 rt-thread/components/finsh/shell.o
 .debug_aranges
                0x0000000000001168       0x20 rt-thread/libcpu/risc-v/rv32m1/interrupt_gcc.o
 .debug_aranges
                0x0000000000001188       0x30 rt-thread/libcpu/risc-v/common/cpuport.o
 .debug_aranges
                0x00000000000011b8       0x20 rt-thread/libcpu/risc-v/common/context_gcc.o
 .debug_aranges
                0x00000000000011d8       0x20 /home/wangshun/gcc_riscv32/bin/../lib/gcc/riscv32-unknown-elf/7.3.0/libgcc.a(_divdi3.o)
 .debug_aranges
                0x00000000000011f8       0x20 /home/wangshun/gcc_riscv32/bin/../lib/gcc/riscv32-unknown-elf/7.3.0/libgcc.a(_moddi3.o)
 .debug_aranges
                0x0000000000001218       0x20 /home/wangshun/gcc_riscv32/bin/../lib/gcc/riscv32-unknown-elf/7.3.0/libgcc.a(_udivdi3.o)
 .debug_aranges
                0x0000000000001238       0x20 /home/wangshun/gcc_riscv32/bin/../lib/gcc/riscv32-unknown-elf/7.3.0/libgcc.a(_umoddi3.o)

.debug_ranges   0x0000000000000000     0x1318
 .debug_ranges  0x0000000000000000       0x30 /home/wangshun/plct_cli/cli_test/cli_test/kernel/list.o
 .debug_ranges  0x0000000000000030      0x130 /home/wangshun/plct_cli/cli_test/cli_test/kernel/queue.o
 .debug_ranges  0x0000000000000160      0x210 /home/wangshun/plct_cli/cli_test/cli_test/kernel/tasks.o
 .debug_ranges  0x0000000000000370       0x30 /home/wangshun/plct_cli/cli_test/cli_test/kernel/portable/MemMang/heap_2.o
 .debug_ranges  0x00000000000003a0       0x80 /home/wangshun/plct_cli/cli_test/cli_test/hal/source/hal_apb_i2cs.o
 .debug_ranges  0x0000000000000420       0x30 /home/wangshun/plct_cli/cli_test/cli_test/hal/source/hal_fc_event.o
 .debug_ranges  0x0000000000000450       0x40 /home/wangshun/plct_cli/cli_test/cli_test/hal/source/hal_irq.o
 .debug_ranges  0x0000000000000490       0x20 /home/wangshun/plct_cli/cli_test/cli_test/hal/source/hal_pinmux.o
 .debug_ranges  0x00000000000004b0       0x30 /home/wangshun/plct_cli/cli_test/cli_test/hal/source/hal_soc_eu.o
 .debug_ranges  0x00000000000004e0       0x40 /home/wangshun/plct_cli/cli_test/cli_test/hal/source/hal_timer_irq.o
 .debug_ranges  0x0000000000000520       0x88 /home/wangshun/plct_cli/cli_test/cli_test/drivers/source/udma_i2cm_driver.o
 .debug_ranges  0x00000000000005a8       0xb0 /home/wangshun/plct_cli/cli_test/cli_test/drivers/source/udma_qspi_driver.o
 .debug_ranges  0x0000000000000658       0x78 /home/wangshun/plct_cli/cli_test/cli_test/drivers/source/udma_uart_driver.o
 .debug_ranges  0x00000000000006d0       0x20 /home/wangshun/plct_cli/cli_test/cli_test/target/vectors.o
 .debug_ranges  0x00000000000006f0       0x50 /home/wangshun/plct_cli/cli_test/cli_test/target/core-v-mcu/core-v-mcu.o
 .debug_ranges  0x0000000000000740       0xd8 qspi_tests.o
 .debug_ranges  0x0000000000000818       0x98 main.o
 .debug_ranges  0x00000000000008b0       0x30 rt-thread/src/clock.o
 .debug_ranges  0x00000000000008e0       0x38 rt-thread/src/idle.o
 .debug_ranges  0x0000000000000918       0xd8 rt-thread/src/ipc.o
 .debug_ranges  0x00000000000009f0       0x20 rt-thread/src/irq.o
 .debug_ranges  0x0000000000000a10       0xf0 rt-thread/src/kservice.o
 .debug_ranges  0x0000000000000b00       0x70 rt-thread/src/object.o
 .debug_ranges  0x0000000000000b70       0x68 rt-thread/src/scheduler.o
 .debug_ranges  0x0000000000000bd8       0xc0 rt-thread/src/thread.o
 .debug_ranges  0x0000000000000c98       0xb0 rt-thread/src/timer.o
 .debug_ranges  0x0000000000000d48       0x58 rt-thread/src/components.o
 .debug_ranges  0x0000000000000da0       0x48 rt-thread/src/mem.o
 .debug_ranges  0x0000000000000de8       0x68 rt-thread/src/ringbuffer.o
 .debug_ranges  0x0000000000000e50       0x70 rt-thread/components/finsh/cmd.o
 .debug_ranges  0x0000000000000ec0       0x58 rt-thread/components/finsh/msh.o
 .debug_ranges  0x0000000000000f18       0x68 rt-thread/components/finsh/shell.o
 .debug_ranges  0x0000000000000f80       0x20 rt-thread/libcpu/risc-v/common/cpuport.o
 .debug_ranges  0x0000000000000fa0      0x100 /home/wangshun/gcc_riscv32/bin/../lib/gcc/riscv32-unknown-elf/7.3.0/libgcc.a(_divdi3.o)
 .debug_ranges  0x00000000000010a0       0xc8 /home/wangshun/gcc_riscv32/bin/../lib/gcc/riscv32-unknown-elf/7.3.0/libgcc.a(_moddi3.o)
 .debug_ranges  0x0000000000001168       0xf0 /home/wangshun/gcc_riscv32/bin/../lib/gcc/riscv32-unknown-elf/7.3.0/libgcc.a(_udivdi3.o)
 .debug_ranges  0x0000000000001258       0xc0 /home/wangshun/gcc_riscv32/bin/../lib/gcc/riscv32-unknown-elf/7.3.0/libgcc.a(_umoddi3.o)

.debug_macro    0x0000000000000000     0x934e
 .debug_macro   0x0000000000000000      0x195 /home/wangshun/plct_cli/cli_test/cli_test/kernel/list.o
 .debug_macro   0x0000000000000195      0x225 /home/wangshun/plct_cli/cli_test/cli_test/kernel/queue.o
 .debug_macro   0x00000000000003ba       0x16 /home/wangshun/plct_cli/cli_test/cli_test/kernel/queue.o
 .debug_macro   0x00000000000003d0       0x80 /home/wangshun/plct_cli/cli_test/cli_test/kernel/queue.o
 .debug_macro   0x0000000000000450      0x28e /home/wangshun/plct_cli/cli_test/cli_test/kernel/tasks.o
 .debug_macro   0x00000000000006de       0x10 /home/wangshun/plct_cli/cli_test/cli_test/kernel/tasks.o
 .debug_macro   0x00000000000006ee      0x1c2 /home/wangshun/plct_cli/cli_test/cli_test/kernel/portable/MemMang/heap_2.o
 .debug_macro   0x00000000000008b0       0x7a /home/wangshun/plct_cli/cli_test/cli_test/hal/source/hal_apb_i2cs.o
 .debug_macro   0x000000000000092a      0x271 /home/wangshun/plct_cli/cli_test/cli_test/hal/source/hal_apb_i2cs.o
 .debug_macro   0x0000000000000b9b       0x1c /home/wangshun/plct_cli/cli_test/cli_test/hal/source/hal_apb_i2cs.o
 .debug_macro   0x0000000000000bb7      0x4fe /home/wangshun/plct_cli/cli_test/cli_test/hal/source/hal_apb_i2cs.o
 .debug_macro   0x00000000000010b5      0x40c /home/wangshun/plct_cli/cli_test/cli_test/hal/source/hal_fc_event.o
 .debug_macro   0x00000000000014c1       0x3a /home/wangshun/plct_cli/cli_test/cli_test/hal/source/hal_fc_event.o
 .debug_macro   0x00000000000014fb      0x460 /home/wangshun/plct_cli/cli_test/cli_test/hal/source/hal_fc_event.o
 .debug_macro   0x000000000000195b       0x1c /home/wangshun/plct_cli/cli_test/cli_test/hal/source/hal_fc_event.o
 .debug_macro   0x0000000000001977       0xb8 /home/wangshun/plct_cli/cli_test/cli_test/hal/source/hal_fc_event.o
 .debug_macro   0x0000000000001a2f      0x190 /home/wangshun/plct_cli/cli_test/cli_test/hal/source/hal_fc_event.o
 .debug_macro   0x0000000000001bbf      0x3b6 /home/wangshun/plct_cli/cli_test/cli_test/hal/source/hal_fc_event.o
 .debug_macro   0x0000000000001f75       0x58 /home/wangshun/plct_cli/cli_test/cli_test/hal/source/hal_fc_event.o
 .debug_macro   0x0000000000001fcd       0x70 /home/wangshun/plct_cli/cli_test/cli_test/hal/source/hal_fc_event.o
 .debug_macro   0x000000000000203d       0x28 /home/wangshun/plct_cli/cli_test/cli_test/hal/source/hal_fc_event.o
 .debug_macro   0x0000000000002065      0x8b6 /home/wangshun/plct_cli/cli_test/cli_test/hal/source/hal_fc_event.o
 .debug_macro   0x000000000000291b      0x20a /home/wangshun/plct_cli/cli_test/cli_test/hal/source/hal_fc_event.o
 .debug_macro   0x0000000000002b25       0xd3 /home/wangshun/plct_cli/cli_test/cli_test/hal/source/hal_fc_event.o
 .debug_macro   0x0000000000002bf8      0x1f6 /home/wangshun/plct_cli/cli_test/cli_test/hal/source/hal_fc_event.o
 .debug_macro   0x0000000000002dee      0x11c /home/wangshun/plct_cli/cli_test/cli_test/hal/source/hal_fc_event.o
 .debug_macro   0x0000000000002f0a      0x39b /home/wangshun/plct_cli/cli_test/cli_test/hal/source/hal_fc_event.o
 .debug_macro   0x00000000000032a5      0x13c /home/wangshun/plct_cli/cli_test/cli_test/hal/source/hal_fc_event.o
 .debug_macro   0x00000000000033e1       0xac /home/wangshun/plct_cli/cli_test/cli_test/hal/source/hal_fc_event.o
 .debug_macro   0x000000000000348d       0x82 /home/wangshun/plct_cli/cli_test/cli_test/hal/source/hal_fc_event.o
 .debug_macro   0x000000000000350f       0x20 /home/wangshun/plct_cli/cli_test/cli_test/hal/source/hal_fc_event.o
 .debug_macro   0x000000000000352f      0x51a /home/wangshun/plct_cli/cli_test/cli_test/hal/source/hal_fc_event.o
 .debug_macro   0x0000000000003a49      0x2c7 /home/wangshun/plct_cli/cli_test/cli_test/hal/source/hal_fc_event.o
 .debug_macro   0x0000000000003d10      0x10c /home/wangshun/plct_cli/cli_test/cli_test/hal/source/hal_fc_event.o
 .debug_macro   0x0000000000003e1c       0x7c /home/wangshun/plct_cli/cli_test/cli_test/hal/source/hal_fc_event.o
 .debug_macro   0x0000000000003e98      0x3d1 /home/wangshun/plct_cli/cli_test/cli_test/hal/source/hal_fc_event.o
 .debug_macro   0x0000000000004269       0x1c /home/wangshun/plct_cli/cli_test/cli_test/hal/source/hal_fc_event.o
 .debug_macro   0x0000000000004285       0x70 /home/wangshun/plct_cli/cli_test/cli_test/hal/source/hal_fc_event.o
 .debug_macro   0x00000000000042f5      0x32a /home/wangshun/plct_cli/cli_test/cli_test/hal/source/hal_fc_event.o
 .debug_macro   0x000000000000461f       0x11 /home/wangshun/plct_cli/cli_test/cli_test/hal/source/hal_fc_event.o
 .debug_macro   0x0000000000004630      0x166 /home/wangshun/plct_cli/cli_test/cli_test/hal/source/hal_fc_event.o
 .debug_macro   0x0000000000004796       0x16 /home/wangshun/plct_cli/cli_test/cli_test/hal/source/hal_fc_event.o
 .debug_macro   0x00000000000047ac       0x1c /home/wangshun/plct_cli/cli_test/cli_test/hal/source/hal_fc_event.o
 .debug_macro   0x00000000000047c8       0x7e /home/wangshun/plct_cli/cli_test/cli_test/hal/source/hal_fc_event.o
 .debug_macro   0x0000000000004846       0x1c /home/wangshun/plct_cli/cli_test/cli_test/hal/source/hal_fc_event.o
 .debug_macro   0x0000000000004862       0xb0 /home/wangshun/plct_cli/cli_test/cli_test/hal/source/hal_irq.o
 .debug_macro   0x0000000000004912       0xca /home/wangshun/plct_cli/cli_test/cli_test/hal/source/hal_irq.o
 .debug_macro   0x00000000000049dc      0x181 /home/wangshun/plct_cli/cli_test/cli_test/hal/source/hal_pinmux.o
 .debug_macro   0x0000000000004b5d      0x149 /home/wangshun/plct_cli/cli_test/cli_test/hal/source/hal_pinmux.o
 .debug_macro   0x0000000000004ca6       0x97 /home/wangshun/plct_cli/cli_test/cli_test/hal/source/hal_soc_eu.o
 .debug_macro   0x0000000000004d3d       0xc7 /home/wangshun/plct_cli/cli_test/cli_test/hal/source/hal_soc_eu.o
 .debug_macro   0x0000000000004e04       0xc2 /home/wangshun/plct_cli/cli_test/cli_test/hal/source/hal_timer_irq.o
 .debug_macro   0x0000000000004ec6      0x241 /home/wangshun/plct_cli/cli_test/cli_test/hal/source/hal_timer_irq.o
 .debug_macro   0x0000000000005107      0x450 /home/wangshun/plct_cli/cli_test/cli_test/drivers/source/udma_i2cm_driver.o
 .debug_macro   0x0000000000005557      0x10f /home/wangshun/plct_cli/cli_test/cli_test/drivers/source/udma_i2cm_driver.o
 .debug_macro   0x0000000000005666      0x451 /home/wangshun/plct_cli/cli_test/cli_test/drivers/source/udma_qspi_driver.o
 .debug_macro   0x0000000000005ab7      0x184 /home/wangshun/plct_cli/cli_test/cli_test/drivers/source/udma_qspi_driver.o
 .debug_macro   0x0000000000005c3b      0x4bb /home/wangshun/plct_cli/cli_test/cli_test/drivers/source/udma_uart_driver.o
 .debug_macro   0x00000000000060f6      0x1e6 /home/wangshun/plct_cli/cli_test/cli_test/drivers/source/udma_uart_driver.o