Archive member included to satisfy reference by file (symbol)

/home/wangshun/gcc_riscv32/bin/../lib/gcc/riscv32-unknown-elf/7.3.0/libgcc.a(_clzsi2.o)
                              /home/wangshun/plct_cli/cli_test/cli_test/hal/source/hal_fll_pi.o (__clzsi2)
/home/wangshun/gcc_riscv32/bin/../lib/gcc/riscv32-unknown-elf/7.3.0/libgcc.a(_divdi3.o)
                              /home/wangshun/plct_cli/cli_test/cli_test/libs/utils/source/dbg_uart.o (__divdi3)
/home/wangshun/gcc_riscv32/bin/../lib/gcc/riscv32-unknown-elf/7.3.0/libgcc.a(_moddi3.o)
                              /home/wangshun/plct_cli/cli_test/cli_test/libs/utils/source/dbg_uart.o (__moddi3)
/home/wangshun/gcc_riscv32/bin/../lib/gcc/riscv32-unknown-elf/7.3.0/libgcc.a(extendsfdf2.o)
                              /home/wangshun/plct_cli/cli_test/cli_test/libs/cli/source/cli_args.o (__extendsfdf2)
/home/wangshun/gcc_riscv32/bin/../lib/gcc/riscv32-unknown-elf/7.3.0/libgcc.a(_clz.o)
                              /home/wangshun/gcc_riscv32/bin/../lib/gcc/riscv32-unknown-elf/7.3.0/libgcc.a(_clzsi2.o) (__clz_tab)
/home/wangshun/gcc_riscv32/bin/../lib/gcc/riscv32-unknown-elf/7.3.0/../../../../riscv32-unknown-elf/lib/libc.a(lib_a-abort.o)
                              /home/wangshun/plct_cli/cli_test/cli_test/hal/source/hal_fll_pi.o (abort)
/home/wangshun/gcc_riscv32/bin/../lib/gcc/riscv32-unknown-elf/7.3.0/../../../../riscv32-unknown-elf/lib/libc.a(lib_a-assert.o)
                              /home/wangshun/plct_cli/cli_test/cli_test/hal/source/hal_gpio_pulp.o (__assert_func)
/home/wangshun/gcc_riscv32/bin/../lib/gcc/riscv32-unknown-elf/7.3.0/../../../../riscv32-unknown-elf/lib/libc.a(lib_a-exit.o)
                              /home/wangshun/plct_cli/cli_test/cli_test/target/crt0.o (exit)
/home/wangshun/gcc_riscv32/bin/../lib/gcc/riscv32-unknown-elf/7.3.0/../../../../riscv32-unknown-elf/lib/libc.a(lib_a-fiprintf.o)
                              /home/wangshun/gcc_riscv32/bin/../lib/gcc/riscv32-unknown-elf/7.3.0/../../../../riscv32-unknown-elf/lib/libc.a(lib_a-assert.o) (fiprintf)
/home/wangshun/gcc_riscv32/bin/../lib/gcc/riscv32-unknown-elf/7.3.0/../../../../riscv32-unknown-elf/lib/libc.a(lib_a-impure.o)
                              /home/wangshun/gcc_riscv32/bin/../lib/gcc/riscv32-unknown-elf/7.3.0/../../../../riscv32-unknown-elf/lib/libc.a(lib_a-exit.o) (_global_impure_ptr)
/home/wangshun/gcc_riscv32/bin/../lib/gcc/riscv32-unknown-elf/7.3.0/../../../../riscv32-unknown-elf/lib/libc.a(lib_a-memcpy.o)
                              /home/wangshun/plct_cli/cli_test/cli_test/kernel/queue.o (memcpy)
/home/wangshun/gcc_riscv32/bin/../lib/gcc/riscv32-unknown-elf/7.3.0/../../../../riscv32-unknown-elf/lib/libc.a(lib_a-memset.o)
                              /home/wangshun/plct_cli/cli_test/cli_test/kernel/stream_buffer.o (memset)
/home/wangshun/gcc_riscv32/bin/../lib/gcc/riscv32-unknown-elf/7.3.0/../../../../riscv32-unknown-elf/lib/libc.a(lib_a-puts.o)
                              /home/wangshun/plct_cli/cli_test/cli_test/target/vectors.o (puts)
/home/wangshun/gcc_riscv32/bin/../lib/gcc/riscv32-unknown-elf/7.3.0/../../../../riscv32-unknown-elf/lib/libc.a(lib_a-reent.o)
                              /home/wangshun/plct_cli/cli_test/cli_test/kernel/tasks.o (_reclaim_reent)
/home/wangshun/gcc_riscv32/bin/../lib/gcc/riscv32-unknown-elf/7.3.0/../../../../riscv32-unknown-elf/lib/libc.a(lib_a-setjmp.o)
                              /home/wangshun/plct_cli/cli_test/cli_test/libs/cli/source/cli_loop.o (setjmp)
/home/wangshun/gcc_riscv32/bin/../lib/gcc/riscv32-unknown-elf/7.3.0/../../../../riscv32-unknown-elf/lib/libc.a(lib_a-signal.o)
                              /home/wangshun/gcc_riscv32/bin/../lib/gcc/riscv32-unknown-elf/7.3.0/../../../../riscv32-unknown-elf/lib/libc.a(lib_a-abort.o) (raise)
/home/wangshun/gcc_riscv32/bin/../lib/gcc/riscv32-unknown-elf/7.3.0/../../../../riscv32-unknown-elf/lib/libc.a(lib_a-signalr.o)
                              /home/wangshun/gcc_riscv32/bin/../lib/gcc/riscv32-unknown-elf/7.3.0/../../../../riscv32-unknown-elf/lib/libc.a(lib_a-signal.o) (_kill_r)
/home/wangshun/gcc_riscv32/bin/../lib/gcc/riscv32-unknown-elf/7.3.0/../../../../riscv32-unknown-elf/lib/libc.a(lib_a-sprintf.o)
                              cam_tests.o (sprintf)
/home/wangshun/gcc_riscv32/bin/../lib/gcc/riscv32-unknown-elf/7.3.0/../../../../riscv32-unknown-elf/lib/libc.a(lib_a-stack_protector.o)
                              /home/wangshun/gcc_riscv32/bin/../lib/gcc/riscv32-unknown-elf/7.3.0/../../../../riscv32-unknown-elf/lib/libc.a(lib_a-fiprintf.o) (__stack_chk_guard)
/home/wangshun/gcc_riscv32/bin/../lib/gcc/riscv32-unknown-elf/7.3.0/../../../../riscv32-unknown-elf/lib/libc.a(lib_a-strcmp.o)
                              /home/wangshun/plct_cli/cli_test/cli_test/libs/cli/source/cli_args.o (strcmp)
/home/wangshun/gcc_riscv32/bin/../lib/gcc/riscv32-unknown-elf/7.3.0/../../../../riscv32-unknown-elf/lib/libc.a(lib_a-strlen.o)
[...]
Memory Configuration

Name             Origin             Length             Attributes
L2               0x000000001c000004 0x000000000007fffc
L2_aliased       0x0000000000000004 0x0000000000003ffc
*default*        0x0000000000000000 0xffffffffffffffff

Linker script and memory map

LOAD /home/wangshun/plct_cli/cli_test/cli_test/kernel/event_groups.o
LOAD /home/wangshun/plct_cli/cli_test/cli_test/kernel/list.o
LOAD /home/wangshun/plct_cli/cli_test/cli_test/kernel/queue.o
LOAD /home/wangshun/plct_cli/cli_test/cli_test/kernel/stream_buffer.o
LOAD /home/wangshun/plct_cli/cli_test/cli_test/kernel/tasks.o
LOAD /home/wangshun/plct_cli/cli_test/cli_test/kernel/timers.o
LOAD /home/wangshun/plct_cli/cli_test/cli_test/kernel/portable/GCC/RISC-V/port.o
LOAD /home/wangshun/plct_cli/cli_test/cli_test/kernel/portable/GCC/RISC-V/portASM.o
LOAD /home/wangshun/plct_cli/cli_test/cli_test/kernel/portable/MemMang/heap_2.o
LOAD /home/wangshun/plct_cli/cli_test/cli_test/libs/cli/source/cli_args.o
LOAD /home/wangshun/plct_cli/cli_test/cli_test/libs/cli/source/cli_filesystem.o
LOAD /home/wangshun/plct_cli/cli_test/cli_test/libs/cli/source/cli_hexdump.o
LOAD /home/wangshun/plct_cli/cli_test/cli_test/libs/cli/source/cli_io.o
LOAD /home/wangshun/plct_cli/cli_test/cli_test/libs/cli/source/cli_loop.o
LOAD /home/wangshun/plct_cli/cli_test/cli_test/libs/cli/source/cli_misc.o
LOAD /home/wangshun/plct_cli/cli_test/cli_test/libs/cli/source/cli_platform.o
LOAD /home/wangshun/plct_cli/cli_test/cli_test/libs/cli/source/cli_stdcmds.o
LOAD /home/wangshun/plct_cli/cli_test/cli_test/libs/utils/source/dbg_uart.o
LOAD /home/wangshun/plct_cli/cli_test/cli_test/hal/source/hal_apb_i2cs.o
LOAD /home/wangshun/plct_cli/cli_test/cli_test/hal/source/hal_fc_event.o
LOAD /home/wangshun/plct_cli/cli_test/cli_test/hal/source/hal_fll_pi.o
LOAD /home/wangshun/plct_cli/cli_test/cli_test/hal/source/hal_fll.o
LOAD /home/wangshun/plct_cli/cli_test/cli_test/hal/source/hal_gpio_pulp.o
LOAD /home/wangshun/plct_cli/cli_test/cli_test/hal/source/hal_gpio.o
LOAD /home/wangshun/plct_cli/cli_test/cli_test/hal/source/hal_irq.o
LOAD /home/wangshun/plct_cli/cli_test/cli_test/hal/source/hal_pinmux.o
LOAD /home/wangshun/plct_cli/cli_test/cli_test/hal/source/hal_pinmux1.o
LOAD /home/wangshun/plct_cli/cli_test/cli_test/hal/source/hal_soc_eu.o
LOAD /home/wangshun/plct_cli/cli_test/cli_test/hal/source/hal_timer_irq.o
LOAD /home/wangshun/plct_cli/cli_test/cli_test/drivers/source/udma_cam_driver.o
LOAD /home/wangshun/plct_cli/cli_test/cli_test/drivers/source/udma_i2cm_driver.o
LOAD /home/wangshun/plct_cli/cli_test/cli_test/drivers/source/udma_qspi_driver.o
LOAD /home/wangshun/plct_cli/cli_test/cli_test/drivers/source/udma_sdio_driver.o
LOAD /home/wangshun/plct_cli/cli_test/cli_test/drivers/source/udma_uart_driver.o
LOAD /home/wangshun/plct_cli/cli_test/cli_test/target/crt0.o
LOAD /home/wangshun/plct_cli/cli_test/cli_test/target/vectors.o
LOAD /home/wangshun/plct_cli/cli_test/cli_test/target/core-v-mcu/core-v-mcu.o
LOAD /home/wangshun/plct_cli/cli_test/cli_test/app/N25Q_16Mb-1Gb_Device_Driver/N25Q.o
LOAD /home/wangshun/plct_cli/cli_test/cli_test/app/N25Q_16Mb-1Gb_Device_Driver/Serialize.o
LOAD barrMemTest.o
LOAD cam_tests.o
LOAD camera_task.o
LOAD camera.o
LOAD cli_adv_timer_unit_tests.o
LOAD cli_efpga_tests.o
LOAD cli_efpgaio_tests.o
LOAD cli_fcb_tests.o
LOAD cli_gpio_tests.o
LOAD cli_i2c_tests.o
LOAD cli_i2cs_tests.o
LOAD cli_interrupt_tests.o
LOAD cli.o
LOAD gpio_map.o
LOAD i2c_task.o
LOAD sdio_tests.o
LOAD programFPGA.o
LOAD qspi_tests.o
LOAD main.o
LOAD rt-thread/src/clock.o
LOAD rt-thread/src/idle.o
LOAD rt-thread/src/ipc.o
LOAD rt-thread/src/irq.o
LOAD rt-thread/src/kservice.o
LOAD rt-thread/src/object.o
LOAD rt-thread/src/scheduler.o
LOAD rt-thread/src/thread.o
LOAD rt-thread/src/timer.o
LOAD rt-thread/src/components.o
LOAD rt-thread/libcpu/risc-v/rv32m1/interrupt.o
LOAD rt-thread/libcpu/risc-v/rv32m1/interrupt_gcc.o
LOAD rt-thread/libcpu/risc-v/common/cpuport.o
LOAD rt-thread/libcpu/risc-v/common/context_gcc.o
LOAD /home/wangshun/gcc_riscv32/bin/../lib/gcc/riscv32-unknown-elf/7.3.0/libgcc.a
START GROUP
LOAD /home/wangshun/gcc_riscv32/bin/../lib/gcc/riscv32-unknown-elf/7.3.0/../../../../riscv32-unknown-elf/lib/libc.a
LOAD /home/wangshun/gcc_riscv32/bin/../lib/gcc/riscv32-unknown-elf/7.3.0/../../../../riscv32-unknown-elf/lib/libgloss.a
END GROUP
LOAD /home/wangshun/gcc_riscv32/bin/../lib/gcc/riscv32-unknown-elf/7.3.0/libgcc.a
                0x000000001c008080                PROVIDE (__boot_address = 0x1c008080)
                0x0000000000000800                __stack_size = DEFINED (__stack_size)?__stack_size:0x800
                [!provide]                        PROVIDE (__stack_size = __stack_size)
                [0x0000000000000000]                __heap_size = DEFINED (__heap_size)?__heap_size:0x400
                [!provide]                        PROVIDE (__heap_size = __heap_size)

.data_tiny_fc
 *(.data_tiny_fc)
 *(.data_tiny_fc.*)

.init
 *(.init)

.vectors        0x000000001c000800       0x80
                0x000000001c000800                __irq_vector_base = .
                0x000000001c000800                __vector_start = .
 *(.vectors)
 .vectors       0x000000001c000800       0x80 /home/wangshun/plct_cli/cli_test/cli_test/target/vectors.o

.text           0x000000001c008080     0x5934
                0x000000001c008080                _stext = .
 *(.text.start)
 .text.start    0x000000001c008080       0x50 /home/wangshun/plct_cli/cli_test/cli_test/target/crt0.o
                0x000000001c008080                _start
                0x000000001c0080ce                _init
                0x000000001c0080ce                _fini
 *(.text)
 *fill*         0x000000001c0080d0       0x30 
 .text          0x000000001c008100      0x630 /home/wangshun/plct_cli/cli_test/cli_test/kernel/portable/GCC/RISC-V/portASM.o
                0x000000001c008100                h0
                0x000000001c008102                h1
                0x000000001c008104                h2
                0x000000001c008106                h3
                0x000000001c008108                h4
                0x000000001c00810a                h5
                0x000000001c00810c                h6
                0x000000001c00810e                h7
                0x000000001c008110                h8
                0x000000001c008112                h9
                0x000000001c008114                freertos_risc_v_trap_handler
                0x000000001c008300                freertos_risc_v_ctxt_handler
                0x000000001c008500                xPortStartFirstTask
                0x000000001c008600                pxPortInitialiseStack
 .text          0x000000001c008730       0xc6 rt-thread/libcpu/risc-v/common/context_gcc.o
                0x000000001c008730                rt_hw_interrupt_disable
                0x000000001c008736                rt_hw_interrupt_enable
                0x000000001c00873c                rt_hw_context_switch_to
                0x000000001c008748                rt_hw_context_switch
                0x000000001c00879e                rt_hw_context_switch_exit
 .text          0x000000001c0087f6       0x1a /home/wangshun/gcc_riscv32/bin/../lib/gcc/riscv32-unknown-elf/7.3.0/../../../../riscv32-unknown-elf/lib/libc.a(lib_a-exit.o)
                0x000000001c0087f6                exit
 .text          0x000000001c008810       0xbe /home/wangshun/gcc_riscv32/bin/../lib/gcc/riscv32-unknown-elf/7.3.0/../../../../riscv32-unknown-elf/lib/libc.a(lib_a-memcpy.o)
                0x000000001c008810                memcpy
 .text          0x000000001c0088ce       0x12 /home/wangshun/gcc_riscv32/bin/../lib/gcc/riscv32-unknown-elf/7.3.0/../../../../riscv32-unknown-elf/lib/libc.a(lib_a-strlen.o)
                0x000000001c0088ce                strlen
 .text          0x000000001c0088e0       0xaa /home/wangshun/gcc_riscv32/bin/../lib/gcc/riscv32-unknown-elf/7.3.0/../../../../riscv32-unknown-elf/lib/libc.a(lib_a-__call_atexit.o)
                0x000000001c0088e0                __call_exitprocs
 .text          0x000000001c00898a       0x2a /home/wangshun/gcc_riscv32/bin/../lib/gcc/riscv32-unknown-elf/7.3.0/../../../../riscv32-unknown-elf/lib/libgloss.a(sys_exit.o)
                0x000000001c00898a                _exit
 .text          0x000000001c0089b4        0x6 /home/wangshun/gcc_riscv32/bin/../lib/gcc/riscv32-unknown-elf/7.3.0/../../../../riscv32-unknown-elf/lib/libc.a(lib_a-errno.o)
                0x000000001c0089b4                __errno
 *(.text.*)
 .text.vListInitialise
                0x000000001c0089ba       0x4c /home/wangshun/plct_cli/cli_test/cli_test/kernel/list.o
                0x000000001c0089ba                vListInitialise
 .text.vListInsertEnd
                0x000000001c008a06       0x66 /home/wangshun/plct_cli/cli_test/cli_test/kernel/list.o
                0x000000001c008a06                vListInsertEnd
 .text.vListInsert
                0x000000001c008a6c       0xa2 /home/wangshun/plct_cli/cli_test/cli_test/kernel/list.o
                0x000000001c008a6c                vListInsert
 .text.uxListRemove
                0x000000001c008b0e       0x70 /home/wangshun/plct_cli/cli_test/cli_test/kernel/list.o
                0x000000001c008b0e                uxListRemove
 .text.xQueueGenericReset
                0x000000001c008b7e       0xda /home/wangshun/plct_cli/cli_test/cli_test/kernel/queue.o
                0x000000001c008b7e                xQueueGenericReset
 .text.xQueueGenericCreate
                0x000000001c008c58       0x84 /home/wangshun/plct_cli/cli_test/cli_test/kernel/queue.o
                0x000000001c008c58                xQueueGenericCreate
 .text.prvInitialiseNewQueue
                0x000000001c008cdc       0x6c /home/wangshun/plct_cli/cli_test/cli_test/kernel/queue.o
 .text.xQueueGenericSend
                0x000000001c008d48      0x1ba /home/wangshun/plct_cli/cli_test/cli_test/kernel/queue.o
                0x000000001c008d48                xQueueGenericSend
 .text.xQueueGiveFromISR
                0x000000001c008f02       0xea /home/wangshun/plct_cli/cli_test/cli_test/kernel/queue.o
                0x000000001c008f02                xQueueGiveFromISR
 .text.prvCopyDataToQueue
                0x000000001c008fec      0x12a /home/wangshun/plct_cli/cli_test/cli_test/kernel/queue.o
 .text.prvUnlockQueue
                0x000000001c009116       0xbe /home/wangshun/plct_cli/cli_test/cli_test/kernel/queue.o
 .text.prvIsQueueFull
                0x000000001c0091d4       0x3e /home/wangshun/plct_cli/cli_test/cli_test/kernel/queue.o
 .text.vTaskSuspendAll
                0x000000001c009212       0x1a /home/wangshun/plct_cli/cli_test/cli_test/kernel/tasks.o
                0x000000001c009212                vTaskSuspendAll
 .text.xTaskResumeAll
                0x000000001c00922c      0x110 /home/wangshun/plct_cli/cli_test/cli_test/kernel/tasks.o
                0x000000001c00922c                xTaskResumeAll
 .text.xTaskIncrementTick
                0x000000001c00933c      0x172 /home/wangshun/plct_cli/cli_test/cli_test/kernel/tasks.o
                0x000000001c00933c                xTaskIncrementTick
 .text.vTaskSwitchContext
                0x000000001c0094ae      0x124 /home/wangshun/plct_cli/cli_test/cli_test/kernel/tasks.o
                0x000000001c0094ae                vTaskSwitchContext
 .text.vTaskPlaceOnEventList
                0x000000001c0095d2       0x3e /home/wangshun/plct_cli/cli_test/cli_test/kernel/tasks.o
                0x000000001c0095d2                vTaskPlaceOnEventList
 .text.xTaskRemoveFromEventList
                0x000000001c009610       0xbe /home/wangshun/plct_cli/cli_test/cli_test/kernel/tasks.o
                0x000000001c009610                xTaskRemoveFromEventList
 .text.vTaskInternalSetTimeOutState
                0x000000001c0096ce       0x26 /home/wangshun/plct_cli/cli_test/cli_test/kernel/tasks.o
                0x000000001c0096ce                vTaskInternalSetTimeOutState
 .text.xTaskCheckForTimeOut
                0x000000001c0096f4       0xde /home/wangshun/plct_cli/cli_test/cli_test/kernel/tasks.o
                0x000000001c0096f4                xTaskCheckForTimeOut
 .text.vTaskMissedYield
                0x000000001c0097d2       0x14 /home/wangshun/plct_cli/cli_test/cli_test/kernel/tasks.o
                0x000000001c0097d2                vTaskMissedYield
 .text.prvResetNextTaskUnblockTime
                0x000000001c0097e6       0x34 /home/wangshun/plct_cli/cli_test/cli_test/kernel/tasks.o
 .text.xTaskGetSchedulerState
                0x000000001c00981a       0x32 /home/wangshun/plct_cli/cli_test/cli_test/kernel/tasks.o
                0x000000001c00981a                xTaskGetSchedulerState
 .text.xTaskPriorityDisinherit
                0x000000001c00984c       0xdc /home/wangshun/plct_cli/cli_test/cli_test/kernel/tasks.o
                0x000000001c00984c                xTaskPriorityDisinherit
 .text.vTaskEnterCritical
                0x000000001c009928       0x26 /home/wangshun/plct_cli/cli_test/cli_test/kernel/tasks.o
                0x000000001c009928                vTaskEnterCritical
 .text.vTaskExitCritical
                0x000000001c00994e       0x32 /home/wangshun/plct_cli/cli_test/cli_test/kernel/tasks.o
                0x000000001c00994e                vTaskExitCritical
 .text.prvAddCurrentTaskToDelayedList
                0x000000001c009980       0xb6 /home/wangshun/plct_cli/cli_test/cli_test/kernel/tasks.o
 .text.pvPortMalloc
                0x000000001c009a36      0x170 /home/wangshun/plct_cli/cli_test/cli_test/kernel/portable/MemMang/heap_2.o
                0x000000001c009a36                pvPortMalloc
 .text.prvHeapInit
                0x000000001c009ba6       0x5c /home/wangshun/plct_cli/cli_test/cli_test/kernel/portable/MemMang/heap_2.o
 .text.hal_get_apb_i2cs_slave_address
                0x000000001c009c02       0x24 /home/wangshun/plct_cli/cli_test/cli_test/hal/source/hal_apb_i2cs.o
                0x000000001c009c02                hal_get_apb_i2cs_slave_address
 .text.hal_set_apb_i2cs_slave_address
                0x000000001c009c26       0x42 /home/wangshun/plct_cli/cli_test/cli_test/hal/source/hal_apb_i2cs.o
                0x000000001c009c26                hal_set_apb_i2cs_slave_address
 .text.hal_set_apb_i2cs_slave_on_off
                0x000000001c009c68       0x58 /home/wangshun/plct_cli/cli_test/cli_test/hal/source/hal_apb_i2cs.o
                0x000000001c009c68                hal_set_apb_i2cs_slave_on_off
 .text.fc_event_null_event
                0x000000001c009cc0       0x12 /home/wangshun/plct_cli/cli_test/cli_test/hal/source/hal_fc_event.o
 .text.pi_fc_event_handler_init
                0x000000001c009cd2       0x3a /home/wangshun/plct_cli/cli_test/cli_test/hal/source/hal_fc_event.o
                0x000000001c009cd2                pi_fc_event_handler_init
 .text.pi_fc_event_handler_set
                0x000000001c009d0c       0x4e /home/wangshun/plct_cli/cli_test/cli_test/hal/source/hal_fc_event.o
                0x000000001c009d0c                pi_fc_event_handler_set
 .text.pi_fc_event_handler_clear
                0x000000001c009d5a       0x3c /home/wangshun/plct_cli/cli_test/cli_test/hal/source/hal_fc_event.o
                0x000000001c009d5a                pi_fc_event_handler_clear
 .text.fc_soc_event_handler1
                0x000000001c009d96       0x9a /home/wangshun/plct_cli/cli_test/cli_test/hal/source/hal_fc_event.o
                0x000000001c009d96                fc_soc_event_handler1
 .text.irq_clint_enable
                0x000000001c009e30       0x4c /home/wangshun/plct_cli/cli_test/cli_test/hal/source/hal_irq.o
                0x000000001c009e30                irq_clint_enable
 .text.hal_setpinmux
                0x000000001c009e7c       0x66 /home/wangshun/plct_cli/cli_test/cli_test/hal/source/hal_pinmux.o
                0x000000001c009e7c                hal_setpinmux
 .text.hal_getpinmux
                0x000000001c009ee2       0x46 /home/wangshun/plct_cli/cli_test/cli_test/hal/source/hal_pinmux.o
                0x000000001c009ee2                hal_getpinmux
 .text.writew   0x000000001c009f28       0x20 /home/wangshun/plct_cli/cli_test/cli_test/hal/source/hal_soc_eu.o
 .text.soc_eu_mask_set
                0x000000001c009f48       0x2c /home/wangshun/plct_cli/cli_test/cli_test/hal/source/hal_soc_eu.o
                0x000000001c009f48                soc_eu_mask_set
 .text.pulp_soc_eu_event_init
                0x000000001c009f74       0x3a /home/wangshun/plct_cli/cli_test/cli_test/hal/source/hal_soc_eu.o
                0x000000001c009f74                pulp_soc_eu_event_init
 .text.writew   0x000000001c009fae       0x20 /home/wangshun/plct_cli/cli_test/cli_test/hal/source/hal_timer_irq.o
 .text.timer_irq_disable
                0x000000001c009fce       0x28 /home/wangshun/plct_cli/cli_test/cli_test/hal/source/hal_timer_irq.o
                0x000000001c009fce                timer_irq_disable
 .text.timer_irq_init
                0x000000001c009ff6       0x28 /home/wangshun/plct_cli/cli_test/cli_test/hal/source/hal_timer_irq.o
                0x000000001c009ff6                timer_irq_init
 .text.timer_irq_set_timeout
                0x000000001c00a01e       0x44 /home/wangshun/plct_cli/cli_test/cli_test/hal/source/hal_timer_irq.o
                0x000000001c00a01e                timer_irq_set_timeout
 .text.writew   0x000000001c00a062       0x20 /home/wangshun/plct_cli/cli_test/cli_test/drivers/source/udma_i2cm_driver.o
 .text.readw    0x000000001c00a082       0x20 /home/wangshun/plct_cli/cli_test/cli_test/drivers/source/udma_i2cm_driver.o
 .text.soc_eu_fc_write
                0x000000001c00a0a2       0x2e /home/wangshun/plct_cli/cli_test/cli_test/drivers/source/udma_i2cm_driver.o
 .text.soc_eu_fc_read
                0x000000001c00a0d0       0x28 /home/wangshun/plct_cli/cli_test/cli_test/drivers/source/udma_i2cm_driver.o
 .text.hal_soc_eu_set_fc_mask
                0x000000001c00a0f8       0x76 /home/wangshun/plct_cli/cli_test/cli_test/drivers/source/udma_i2cm_driver.o
 .text.i2cmTXHandler
                0x000000001c00a16e       0x20 /home/wangshun/plct_cli/cli_test/cli_test/drivers/source/udma_i2cm_driver.o
                0x000000001c00a16e                i2cmTXHandler
 .text.i2cmRXHandler
                0x000000001c00a18e       0x20 /home/wangshun/plct_cli/cli_test/cli_test/drivers/source/udma_i2cm_driver.o
                0x000000001c00a18e                i2cmRXHandler
 .text.udma_i2cm_open
                0x000000001c00a1ae      0x1bc /home/wangshun/plct_cli/cli_test/cli_test/drivers/source/udma_i2cm_driver.o
                0x000000001c00a1ae                udma_i2cm_open
 .text.writew   0x000000001c00a36a       0x20 /home/wangshun/plct_cli/cli_test/cli_test/drivers/source/udma_qspi_driver.o
 .text.readw    0x000000001c00a38a       0x20 /home/wangshun/plct_cli/cli_test/cli_test/drivers/source/udma_qspi_driver.o
 .text.soc_eu_fc_write
                0x000000001c00a3aa       0x2e /home/wangshun/plct_cli/cli_test/cli_test/drivers/source/udma_qspi_driver.o
 .text.soc_eu_fc_read
                0x000000001c00a3d8       0x28 /home/wangshun/plct_cli/cli_test/cli_test/drivers/source/udma_qspi_driver.o
 .text.hal_soc_eu_set_fc_mask
                0x000000001c00a400       0x76 /home/wangshun/plct_cli/cli_test/cli_test/drivers/source/udma_qspi_driver.o
 .text.spi_tx_isr
                0x000000001c00a476       0x1a /home/wangshun/plct_cli/cli_test/cli_test/drivers/source/udma_qspi_driver.o
                0x000000001c00a476                spi_tx_isr
 .text.spi_rx_isr
                0x000000001c00a490       0x1a /home/wangshun/plct_cli/cli_test/cli_test/drivers/source/udma_qspi_driver.o
                0x000000001c00a490                spi_rx_isr
 .text.spi_cmd_isr
                0x000000001c00a4aa       0x1a /home/wangshun/plct_cli/cli_test/cli_test/drivers/source/udma_qspi_driver.o
                0x000000001c00a4aa                spi_cmd_isr
 .text.spi_eot_isr
                0x000000001c00a4c4       0x1c /home/wangshun/plct_cli/cli_test/cli_test/drivers/source/udma_qspi_driver.o
                0x000000001c00a4c4                spi_eot_isr
 .text.udma_qspim_open
                0x000000001c00a4e0      0x2b0 /home/wangshun/plct_cli/cli_test/cli_test/drivers/source/udma_qspi_driver.o
                0x000000001c00a4e0                udma_qspim_open
 .text.udma_qspim_control
                0x000000001c00a790       0x9c /home/wangshun/plct_cli/cli_test/cli_test/drivers/source/udma_qspi_driver.o
                0x000000001c00a790                udma_qspim_control
 .text.udma_flash_readid
                0x000000001c00a82c      0x16c /home/wangshun/plct_cli/cli_test/cli_test/drivers/source/udma_qspi_driver.o
                0x000000001c00a82c                udma_flash_readid
 .text.writew   0x000000001c00a998       0x20 /home/wangshun/plct_cli/cli_test/cli_test/drivers/source/udma_uart_driver.o
 .text.readw    0x000000001c00a9b8       0x20 /home/wangshun/plct_cli/cli_test/cli_test/drivers/source/udma_uart_driver.o
 .text.soc_eu_fc_write
                0x000000001c00a9d8       0x2e /home/wangshun/plct_cli/cli_test/cli_test/drivers/source/udma_uart_driver.o
 .text.soc_eu_fc_read
                0x000000001c00aa06       0x28 /home/wangshun/plct_cli/cli_test/cli_test/drivers/source/udma_uart_driver.o
 .text.hal_soc_eu_set_fc_mask
                0x000000001c00aa2e       0x76 /home/wangshun/plct_cli/cli_test/cli_test/drivers/source/udma_uart_driver.o
 .text.uart_rx_isr
                0x000000001c00aaa4       0xa6 /home/wangshun/plct_cli/cli_test/cli_test/drivers/source/udma_uart_driver.o
                0x000000001c00aaa4                uart_rx_isr
 .text.udma_uart_open
                0x000000001c00ab4a      0x1fe /home/wangshun/plct_cli/cli_test/cli_test/drivers/source/udma_uart_driver.o
                0x000000001c00ab4a                udma_uart_open
 .text.setFLLFrequencyInIntegerMode
                0x000000001c00ad48      0x24c /home/wangshun/plct_cli/cli_test/cli_test/target/core-v-mcu/core-v-mcu.o
                0x000000001c00ad48                setFLLFrequencyInIntegerMode
 .text.system_init
                0x000000001c00af94      0x234 /home/wangshun/plct_cli/cli_test/cli_test/target/core-v-mcu/core-v-mcu.o
                0x000000001c00af94                system_init
 .text.timer_irq_handler
                0x000000001c00b1c8       0x1c /home/wangshun/plct_cli/cli_test/cli_test/target/core-v-mcu/core-v-mcu.o
                0x000000001c00b1c8                timer_irq_handler
 .text.vSystemIrqHandler
                0x000000001c00b1e4       0x30 /home/wangshun/plct_cli/cli_test/cli_test/target/core-v-mcu/core-v-mcu.o
                0x000000001c00b1e4                vSystemIrqHandler
 .text.undefined_handler
                0x000000001c00b214       0xb2 /home/wangshun/plct_cli/cli_test/cli_test/target/core-v-mcu/core-v-mcu.o
                0x000000001c00b214                undefined_handler
 .text.vPortSetupTimerInterrupt
                0x000000001c00b2c6       0x1c /home/wangshun/plct_cli/cli_test/cli_test/target/core-v-mcu/core-v-mcu.o
                0x000000001c00b2c6                vPortSetupTimerInterrupt
 .text.setQspimPinMux
                0x000000001c00b2e2      0x16c qspi_tests.o
                0x000000001c00b2e2                setQspimPinMux
 .text.restoreQspimPinMux
                0x000000001c00b44e      0x116 qspi_tests.o
                0x000000001c00b44e                restoreQspimPinMux
 .text.writeraw
                0x000000001c00b564       0x6a main.o
                0x000000001c00b564                writeraw
 .text.rt_hw_console_output
                0x000000001c00b5ce       0x30 main.o
                0x000000001c00b5ce                rt_hw_console_output
 .text.main     0x000000001c00b5fe       0x3c main.o
                0x000000001c00b5fe                main
 .text.rt_hw_board_init
                0x000000001c00b63a       0x1a main.o
                0x000000001c00b63a                rt_hw_board_init
 .text.vApplicationMallocFailedHook
                0x000000001c00b654        0xe main.o
                0x000000001c00b654                vApplicationMallocFailedHook
 .text.vApplicationStackOverflowHook
                0x000000001c00b662       0x16 main.o
                0x000000001c00b662                vApplicationStackOverflowHook
 .text.vApplicationTickHook
                0x000000001c00b678        0xe main.o
                0x000000001c00b678                vApplicationTickHook
 .text.rt_tick_get
                0x000000001c00b686       0x12 rt-thread/src/clock.o
                0x000000001c00b686                rt_tick_get
 .text.rt_tick_increase
                0x000000001c00b698       0x52 rt-thread/src/clock.o
                0x000000001c00b698                rt_tick_increase
 .text.rt_thread_idle_excute
                0x000000001c00b6ea        0xe rt-thread/src/idle.o
                0x000000001c00b6ea                rt_thread_idle_excute
 .text.rt_thread_idle_entry
                0x000000001c00b6f8       0x10 rt-thread/src/idle.o
 .text.rt_thread_idle_init
                0x000000001c00b708       0x42 rt-thread/src/idle.o
                0x000000001c00b708                rt_thread_idle_init
 .text.rt_interrupt_enter
                0x000000001c00b74a       0x3c rt-thread/src/irq.o
                0x000000001c00b74a                rt_interrupt_enter
 .text.rt_interrupt_leave
                0x000000001c00b786       0x3c rt-thread/src/irq.o
                0x000000001c00b786                rt_interrupt_leave
 .text.rt_memset
                0x000000001c00b7c2      0x122 rt-thread/src/kservice.o
                0x000000001c00b7c2                rt_memset
 .text.rt_strncpy
                0x000000001c00b8e4       0x8e rt-thread/src/kservice.o
                0x000000001c00b8e4                rt_strncpy
 .text.rt_show_version
                0x000000001c00b972       0x50 rt-thread/src/kservice.o
                0x000000001c00b972                rt_show_version
 .text.divide   0x000000001c00b9c2       0x6a rt-thread/src/kservice.o
 .text.skip_atoi
                0x000000001c00ba2c       0x56 rt-thread/src/kservice.o
 .text.print_number
                0x000000001c00ba82      0x27a rt-thread/src/kservice.o
 .text.rt_vsnprintf
                0x000000001c00bcfc      0x644 rt-thread/src/kservice.o
                0x000000001c00bcfc                rt_vsnprintf
 .text.rt_kprintf
                0x000000001c00c340       0x6a rt-thread/src/kservice.o
                0x000000001c00c340                rt_kprintf
 .text.__rt_ffs
                0x000000001c00c3aa       0xa8 rt-thread/src/kservice.o
                0x000000001c00c3aa                __rt_ffs
 .text.rt_list_insert_after
                0x000000001c00c452       0x42 rt-thread/src/object.o
 .text.rt_list_remove
                0x000000001c00c494       0x44 rt-thread/src/object.o
 .text.rt_object_get_information
                0x000000001c00c4d8       0x54 rt-thread/src/object.o
                0x000000001c00c4d8                rt_object_get_information
 .text.rt_object_init
                0x000000001c00c52c       0xac rt-thread/src/object.o
                0x000000001c00c52c                rt_object_init
 .text.rt_object_detach
                0x000000001c00c5d8       0x3a rt-thread/src/object.o
                0x000000001c00c5d8                rt_object_detach
 .text.rt_object_is_systemobject
                0x000000001c00c612       0x28 rt-thread/src/object.o
                0x000000001c00c612                rt_object_is_systemobject
 .text.rt_list_init
                0x000000001c00c63a       0x28 rt-thread/src/scheduler.o
 .text.rt_list_insert_before
                0x000000001c00c662       0x42 rt-thread/src/scheduler.o
 .text.rt_list_remove
                0x000000001c00c6a4       0x44 rt-thread/src/scheduler.o
 .text.rt_list_isempty
                0x000000001c00c6e8       0x28 rt-thread/src/scheduler.o
 .text.rt_system_scheduler_init
                0x000000001c00c710       0x5a rt-thread/src/scheduler.o
                0x000000001c00c710                rt_system_scheduler_init
 .text.rt_system_scheduler_start
                0x000000001c00c76a       0x48 rt-thread/src/scheduler.o
                0x000000001c00c76a                rt_system_scheduler_start
 .text.rt_schedule
                0x000000001c00c7b2       0xbc rt-thread/src/scheduler.o
                0x000000001c00c7b2                rt_schedule
 .text.rt_schedule_insert_thread
                0x000000001c00c86e       0x88 rt-thread/src/scheduler.o
                0x000000001c00c86e                rt_schedule_insert_thread
 .text.rt_schedule_remove_thread
                0x000000001c00c8f6       0x6e rt-thread/src/scheduler.o
                0x000000001c00c8f6                rt_schedule_remove_thread
 .text.rt_enter_critical
                0x000000001c00c964       0x36 rt-thread/src/scheduler.o
                0x000000001c00c964                rt_enter_critical
 .text.rt_exit_critical
                0x000000001c00c99a       0x54 rt-thread/src/scheduler.o
                0x000000001c00c99a                rt_exit_critical
 .text.rt_list_init
                0x000000001c00c9ee       0x28 rt-thread/src/thread.o
 .text.rt_list_insert_after
                0x000000001c00ca16       0x42 rt-thread/src/thread.o
 .text.rt_list_insert_before
                0x000000001c00ca58       0x42 rt-thread/src/thread.o
 .text.rt_list_remove
                0x000000001c00ca9a       0x44 rt-thread/src/thread.o
 .text._thread_cleanup_execute
                0x000000001c00cade       0x3a rt-thread/src/thread.o
 .text.rt_thread_exit
                0x000000001c00cb18       0x80 rt-thread/src/thread.o
                0x000000001c00cb18                rt_thread_exit
 .text._rt_thread_init
                0x000000001c00cb98      0x126 rt-thread/src/thread.o
 .text.rt_thread_init
                0x000000001c00ccbe       0x6a rt-thread/src/thread.o
                0x000000001c00ccbe                rt_thread_init
 .text.rt_thread_self
                0x000000001c00cd28       0x12 rt-thread/src/thread.o
                0x000000001c00cd28                rt_thread_self
 .text.rt_thread_startup
                0x000000001c00cd3a       0x5c rt-thread/src/thread.o
                0x000000001c00cd3a                rt_thread_startup
 .text.rt_thread_yield
                0x000000001c00cd96       0x8c rt-thread/src/thread.o
                0x000000001c00cd96                rt_thread_yield
 .text.rt_thread_sleep
                0x000000001c00ce22       0x6e rt-thread/src/thread.o
                0x000000001c00ce22                rt_thread_sleep
 .text.rt_thread_delay
                0x000000001c00ce90       0x20 rt-thread/src/thread.o
                0x000000001c00ce90                rt_thread_delay
 .text.rt_thread_suspend
                0x000000001c00ceb0       0x78 rt-thread/src/thread.o
                0x000000001c00ceb0                rt_thread_suspend
 .text.rt_thread_resume
                0x000000001c00cf28       0x5e rt-thread/src/thread.o
                0x000000001c00cf28                rt_thread_resume
 .text.rt_thread_timeout
                0x000000001c00cf86       0x3e rt-thread/src/thread.o
                0x000000001c00cf86                rt_thread_timeout
 .text.rt_list_init
                0x000000001c00cfc4       0x28 rt-thread/src/timer.o
 .text.rt_list_insert_after
                0x000000001c00cfec       0x42 rt-thread/src/timer.o
 .text.rt_list_remove
                0x000000001c00d02e       0x44 rt-thread/src/timer.o
 .text.rt_list_isempty
                0x000000001c00d072       0x28 rt-thread/src/timer.o
 .text._rt_timer_init
                0x000000001c00d09a       0x9e rt-thread/src/timer.o
 .text._rt_timer_remove
                0x000000001c00d138       0x44 rt-thread/src/timer.o
 .text.rt_timer_init
                0x000000001c00d17c       0x52 rt-thread/src/timer.o
                0x000000001c00d17c                rt_timer_init
 .text.rt_timer_detach
                0x000000001c00d1ce       0x4e rt-thread/src/timer.o
                0x000000001c00d1ce                rt_timer_detach
 .text.rt_timer_start
                0x000000001c00d21c      0x1f0 rt-thread/src/timer.o
                0x000000001c00d21c                rt_timer_start
 .text.rt_timer_stop
                0x000000001c00d40c       0x56 rt-thread/src/timer.o
                0x000000001c00d40c                rt_timer_stop
 .text.rt_timer_control
                0x000000001c00d462       0xbc rt-thread/src/timer.o
                0x000000001c00d462                rt_timer_control
 .text.rt_timer_check
                0x000000001c00d51e      0x112 rt-thread/src/timer.o
                0x000000001c00d51e                rt_timer_check
 .text.rt_system_timer_init
                0x000000001c00d630       0x3c rt-thread/src/timer.o
                0x000000001c00d630                rt_system_timer_init
 .text.rt_system_timer_thread_init
                0x000000001c00d66c        0xe rt-thread/src/timer.o
                0x000000001c00d66c                rt_system_timer_thread_init
 .text.rti_board_start
                0x000000001c00d67a       0x10 rt-thread/src/components.o
 .text.rti_board_end
                0x000000001c00d68a       0x10 rt-thread/src/components.o
 .text.rti_end  0x000000001c00d69a       0x10 rt-thread/src/components.o
 .text.rt_components_board_init
                0x000000001c00d6aa       0x42 rt-thread/src/components.o
                0x000000001c00d6aa                rt_components_board_init
 .text.rt_components_init
                0x000000001c00d6ec       0x42 rt-thread/src/components.o
                0x000000001c00d6ec                rt_components_init
 .text.entry    0x000000001c00d72e       0x16 rt-thread/src/components.o
                0x000000001c00d72e                entry
 .text.main_thread_entry
                0x000000001c00d744       0x1e rt-thread/src/components.o
                0x000000001c00d744                main_thread_entry
 .text.rt_application_init
                0x000000001c00d762       0x50 rt-thread/src/components.o
                0x000000001c00d762                rt_application_init
 .text.rtthread_startup
                0x000000001c00d7b2       0x38 rt-thread/src/components.o
                0x000000001c00d7b2                rtthread_startup
 *fill*         0x000000001c00d7ea        0x2 
 .text.entry    0x000000001c00d7ec       0xe2 rt-thread/libcpu/risc-v/rv32m1/interrupt_gcc.o
                0x000000001c00d7ec                IRQ_Handler
 .text.rt_hw_stack_init
                0x000000001c00d8ce       0xa4 rt-thread/libcpu/risc-v/common/cpuport.o
                0x000000001c00d8ce                rt_hw_stack_init
 .text.rt_hw_context_switch_interrupt
                0x000000001c00d972       0x32 rt-thread/libcpu/risc-v/common/cpuport.o
                0x000000001c00d972                rt_hw_context_switch_interrupt
 .text.startup  0x000000001c00d9a4       0x10 /home/wangshun/gcc_riscv32/bin/../lib/gcc/riscv32-unknown-elf/7.3.0/../../../../riscv32-unknown-elf/lib/libc.a(lib_a-stack_protector.o)
                0x000000001c00d9a4                __stack_chk_init
                0x000000001c00d9b4                _etext = .
 *(.lit)
 *(.shdata)
                0x000000001c00d9b4                _endtext = .
                0x000000001c00d9b4                . = ALIGN (0x4)
 *fill*         0x000000001c00d9b4        0x0 

.fini
 *(.fini)
                0x000000001c00d9b4                __l2_priv0_end = ALIGN (0x4)

.rodata         0x000000001c00d9b4      0x355
 *(.rodata .rodata.* .gnu.linkonce.r.*)
 .rodata        0x000000001c00d9b4       0x2a main.o
 *fill*         0x000000001c00d9de        0x2 
 .rodata        0x000000001c00d9e0        0x6 rt-thread/src/idle.o
 *fill*         0x000000001c00d9e6        0x2 
 .rodata        0x000000001c00d9e8       0x8f rt-thread/src/kservice.o
 *fill*         0x000000001c00da77        0x1 
 .rodata.rt_vsnprintf
                0x000000001c00da78      0x150 rt-thread/src/kservice.o
 .rodata.__lowest_bit_bitmap
                0x000000001c00dbc8      0x100 rt-thread/src/kservice.o
                0x000000001c00dbc8                __lowest_bit_bitmap
 .rodata.large_digits.2067
                0x000000001c00dcc8       0x11 rt-thread/src/kservice.o
 *fill*         0x000000001c00dcd9        0x3 
 .rodata.small_digits.2066
                0x000000001c00dcdc       0x11 rt-thread/src/kservice.o
 *fill*         0x000000001c00dced        0x3 
 .rodata.rt_timer_control
                0x000000001c00dcf0       0x14 rt-thread/src/timer.o
 .rodata        0x000000001c00dd04        0x5 rt-thread/src/components.o

.rti_fn.0.end   0x000000001c00dd0c        0x4
 .rti_fn.0.end  0x000000001c00dd0c        0x4 rt-thread/src/components.o
                0x000000001c00dd0c                __rt_init_rti_board_start

.rti_fn.1.end   0x000000001c00dd10        0x4
 .rti_fn.1.end  0x000000001c00dd10        0x4 rt-thread/src/components.o
                0x000000001c00dd10                __rt_init_rti_board_end

.rti_fn.6.end   0x000000001c00dd14        0x4
 .rti_fn.6.end  0x000000001c00dd14        0x4 rt-thread/src/components.o
                0x000000001c00dd14                __rt_init_rti_end

.rodata1
 *(.rodata1)

.boot
 *(.boot)
 *(.boot.data)

.talias

.eh_frame_hdr
 *(.eh_frame_hdr)
 *(.eh_frame_entry .eh_frame_entry.*)

.eh_frame       0x000000001c00dd18        0x0
 *(.eh_frame)
 .eh_frame      0x000000001c00dd18        0x0 /home/wangshun/gcc_riscv32/bin/../lib/gcc/riscv32-unknown-elf/7.3.0/libgcc.a(_divdi3.o)
                                         0x28 (size before relaxing)
 .eh_frame      0x000000001c00dd18        0x0 /home/wangshun/gcc_riscv32/bin/../lib/gcc/riscv32-unknown-elf/7.3.0/libgcc.a(_moddi3.o)
                                         0x28 (size before relaxing)
 .eh_frame      0x000000001c00dd18        0x0 /home/wangshun/gcc_riscv32/bin/../lib/gcc/riscv32-unknown-elf/7.3.0/libgcc.a(_udivdi3.o)
                                         0x28 (size before relaxing)
 .eh_frame      0x000000001c00dd18        0x0 /home/wangshun/gcc_riscv32/bin/../lib/gcc/riscv32-unknown-elf/7.3.0/libgcc.a(_umoddi3.o)
                                         0x28 (size before relaxing)
 *(.eh_frame.*)

.rela.dyn       0x000000001c00dd18        0x0
 .rela.sdata.xISRStackTop
                0x000000001c00dd18        0x0 /home/wangshun/plct_cli/cli_test/cli_test/kernel/list.o
 .rela.text.udma_i2cm_open
                0x000000001c00dd18        0x0 /home/wangshun/plct_cli/cli_test/cli_test/kernel/list.o
 .rela.text.udma_qspim_open
                0x000000001c00dd18        0x0 /home/wangshun/plct_cli/cli_test/cli_test/kernel/list.o
 .rela.text.udma_flash_readid
                0x000000001c00dd18        0x0 /home/wangshun/plct_cli/cli_test/cli_test/kernel/list.o
 .rela.text.udma_uart_open
                0x000000001c00dd18        0x0 /home/wangshun/plct_cli/cli_test/cli_test/kernel/list.o
 .rela.text.start
                0x000000001c00dd18        0x0 /home/wangshun/plct_cli/cli_test/cli_test/kernel/list.o
 .rela.text.system_init
                0x000000001c00dd18        0x0 /home/wangshun/plct_cli/cli_test/cli_test/kernel/list.o
 .rela.text.vSystemIrqHandler
                0x000000001c00dd18        0x0 /home/wangshun/plct_cli/cli_test/cli_test/kernel/list.o
 .rela.text.undefined_handler
                0x000000001c00dd18        0x0 /home/wangshun/plct_cli/cli_test/cli_test/kernel/list.o
 .rela.text.rt_interrupt_enter
                0x000000001c00dd18        0x0 /home/wangshun/plct_cli/cli_test/cli_test/kernel/list.o
 .rela.text.rt_interrupt_leave
                0x000000001c00dd18        0x0 /home/wangshun/plct_cli/cli_test/cli_test/kernel/list.o
 .rela.text.rt_system_scheduler_init
                0x000000001c00dd18        0x0 /home/wangshun/plct_cli/cli_test/cli_test/kernel/list.o
 .rela.text.rt_system_scheduler_start
                0x000000001c00dd18        0x0 /home/wangshun/plct_cli/cli_test/cli_test/kernel/list.o
 .rela.text.rt_schedule
                0x000000001c00dd18        0x0 /home/wangshun/plct_cli/cli_test/cli_test/kernel/list.o
 .rela.text.rt_schedule_insert_thread
                0x000000001c00dd18        0x0 /home/wangshun/plct_cli/cli_test/cli_test/kernel/list.o
 .rela.text.rt_schedule_remove_thread
                0x000000001c00dd18        0x0 /home/wangshun/plct_cli/cli_test/cli_test/kernel/list.o
 .rela.text.rt_thread_exit
                0x000000001c00dd18        0x0 /home/wangshun/plct_cli/cli_test/cli_test/kernel/list.o
 .rela.text.rt_thread_yield
                0x000000001c00dd18        0x0 /home/wangshun/plct_cli/cli_test/cli_test/kernel/list.o
 .rela.text.rt_application_init
                0x000000001c00dd18        0x0 /home/wangshun/plct_cli/cli_test/cli_test/kernel/list.o

.gcc_except_table
 *(.gcc_except_table .gcc_except_table.*)

.gnu_extab
 *(.gnu_extab*)

.eh_frame
 *(.eh_frame)
 *(.eh_frame.*)

.gnu_extab
 *(.gnu_extab)

.gcc_except_table
 *(.gcc_except_table .gcc_except_table.*)

.exception_ranges
 *(.exception_ranges .exception_ranges*)

.tdata          0x000000001c00dd18        0x0
                [!provide]                        PROVIDE (__tdata_start = .)
 *(.tdata .tdata.* .gnu.linkonce.td.*)

.tbss
 *(.tbss .tbss.* .gnu.linkonce.tb.*)
 *(.tcommon)

.preinit_array  0x000000001c00dd18        0x0
                [!provide]                        PROVIDE (__preinit_array_start = .)
 *(.preinit_array)
                [!provide]                        PROVIDE (__preinit_array_end = .)

.init_array     0x000000001c00dd18        0x4
                [!provide]                        PROVIDE (__init_array_start = .)
 *(SORT_BY_INIT_PRIORITY(.init_array.*) SORT_BY_INIT_PRIORITY(.ctors.*))
 *(.init_array EXCLUDE_FILE(*crtend?.o *crtend.o *crtbegin?.o *crtbegin.o) .ctors)
 .init_array    0x000000001c00dd18        0x4 /home/wangshun/gcc_riscv32/bin/../lib/gcc/riscv32-unknown-elf/7.3.0/../../../../riscv32-unknown-elf/lib/libc.a(lib_a-stack_protector.o)
                [!provide]                        PROVIDE (__init_array_end = .)

.fini_array     0x000000001c00dd1c        0x0
                [!provide]                        PROVIDE (__fini_array_start = .)
 *(SORT_BY_INIT_PRIORITY(.fini_array.*) SORT_BY_INIT_PRIORITY(.dtors.*))
 *(.fini_array EXCLUDE_FILE(*crtend?.o *crtend.o *crtbegin?.o *crtbegin.o) .dtors)
                [!provide]                        PROVIDE (__fini_array_end = .)

.ctors
 *crtbegin.o(.ctors)
 *crtbegin?.o(.ctors)
 *(EXCLUDE_FILE(*crtend?.o *crtend.o) .ctors)
 *(SORT_BY_NAME(.ctors.*))
 *(.ctors)

.dtors
 *crtbegin.o(.dtors)
 *crtbegin?.o(.dtors)
 *(EXCLUDE_FILE(*crtend?.o *crtend.o) .dtors)
 *(SORT_BY_NAME(.dtors.*))
 *(.dtors)

.gnu.offload_funcs
 *(.gnu.offload_funcs)

.gnu.offload_vars
 *(.gnu.offload_vars)

.data           0x000000001c00dd20      0x480
                0x000000001c00dd20                sdata = .
                0x000000001c00dd20                _sdata = .
                0x000000001c00dd20                __data_begin = .
 *(.data_fc)
 *(.data_fc.*)
 *(.data)
 .data          0x000000001c00dd20      0x428 /home/wangshun/gcc_riscv32/bin/../lib/gcc/riscv32-unknown-elf/7.3.0/../../../../riscv32-unknown-elf/lib/libc.a(lib_a-impure.o)
 *(.data.*)
 .data.rt_object_container
                0x000000001c00e148       0x40 rt-thread/src/object.o
                0x000000001c00e188                __sdata_begin = .
 *(.sdata)
 .sdata         0x000000001c00e188        0x8 /home/wangshun/gcc_riscv32/bin/../lib/gcc/riscv32-unknown-elf/7.3.0/../../../../riscv32-unknown-elf/lib/libc.a(lib_a-impure.o)
                0x000000001c00e188                _global_impure_ptr
                0x000000001c00e18c                _impure_ptr
 *(.sdata.*)
 .sdata.xISRStackTop
                0x000000001c00e190        0x4 /home/wangshun/plct_cli/cli_test/cli_test/kernel/portable/GCC/RISC-V/port.o
                0x000000001c00e190                xISRStackTop
 .sdata.xFreeBytesRemaining
                0x000000001c00e194        0x4 /home/wangshun/plct_cli/cli_test/cli_test/kernel/portable/MemMang/heap_2.o
 .sdata.puart0  0x000000001c00e198        0x4 /home/wangshun/plct_cli/cli_test/cli_test/drivers/source/udma_uart_driver.o
 .sdata.puart1  0x000000001c00e19c        0x4 /home/wangshun/plct_cli/cli_test/cli_test/drivers/source/udma_uart_driver.o
 *(.sdata2.*)
 *(.heapl2ram)
 *(.fcTcdm)
 *(.fcTcdm.*)
 *(.fcTcdm_g)
 *(.fcTcdm_g.*)
                0x000000001c00e1a0                . = ALIGN (0x4)
                0x000000001c00e1a0                edata = .
                0x000000001c00e1a0                _edata = .

.bss            0x000000001c00e1a0      0xdc8
                0x000000001c00e1a0                _bss_start = .
                0x000000001c00e1a0                __bss_start = .
 *(.shbss)
 *(.bss)
 *(.bss.*)
 .bss.pxReadyTasksLists
                0x000000001c00e1a0       0x64 /home/wangshun/plct_cli/cli_test/cli_test/kernel/tasks.o
 .bss.xPendingReadyList
                0x000000001c00e204       0x14 /home/wangshun/plct_cli/cli_test/cli_test/kernel/tasks.o
 .bss.xSuspendedTaskList
                0x000000001c00e218       0x14 /home/wangshun/plct_cli/cli_test/cli_test/kernel/tasks.o
 .bss.fc_event_handlers
                0x000000001c00e22c      0x2a0 /home/wangshun/plct_cli/cli_test/cli_test/hal/source/hal_fc_event.o
 .bss.fc_event_semaphores
                0x000000001c00e4cc      0x2a0 /home/wangshun/plct_cli/cli_test/cli_test/hal/source/hal_fc_event.o
 .bss.auccmd    0x000000001c00e76c       0x40 /home/wangshun/plct_cli/cli_test/cli_test/drivers/source/udma_qspi_driver.o
 .bss.rx_data   0x000000001c00e7ac       0x10 /home/wangshun/plct_cli/cli_test/cli_test/drivers/source/udma_qspi_driver.o
 .bss.u1buffer  0x000000001c00e7bc       0x80 /home/wangshun/plct_cli/cli_test/cli_test/drivers/source/udma_uart_driver.o
 .bss.u0buffer  0x000000001c00e83c       0x80 /home/wangshun/plct_cli/cli_test/cli_test/drivers/source/udma_uart_driver.o
 .bss.gMuxSelSaveBuf
                0x000000001c00e8bc        0xa qspi_tests.o
                0x000000001c00e8bc                gMuxSelSaveBuf
 *fill*         0x000000001c00e8c6        0x2 
 .bss.idle      0x000000001c00e8c8       0x78 rt-thread/src/idle.o
 .bss.rt_thread_stack
                0x000000001c00e940       0x80 rt-thread/src/idle.o
 .bss.rt_log_buf.2171
                0x000000001c00e9c0       0x80 rt-thread/src/kservice.o
 .bss.main_stack
                0x000000001c00ea40      0x100 rt-thread/src/components.o
 *(.sbss)
 .sbss          0x000000001c00eb40        0x4 /home/wangshun/gcc_riscv32/bin/../lib/gcc/riscv32-unknown-elf/7.3.0/../../../../riscv32-unknown-elf/lib/libc.a(lib_a-stack_protector.o)
                0x000000001c00eb40                __stack_chk_guard
 *(.sbss.*)
 .sbss.pxCurrentTCB
                0x000000001c00eb44        0x4 /home/wangshun/plct_cli/cli_test/cli_test/kernel/tasks.o
                0x000000001c00eb44                pxCurrentTCB
 .sbss.pxDelayedTaskList
                0x000000001c00eb48        0x4 /home/wangshun/plct_cli/cli_test/cli_test/kernel/tasks.o
 .sbss.pxOverflowDelayedTaskList
                0x000000001c00eb4c        0x4 /home/wangshun/plct_cli/cli_test/cli_test/kernel/tasks.o
 .sbss.uxCurrentNumberOfTasks
                0x000000001c00eb50        0x4 /home/wangshun/plct_cli/cli_test/cli_test/kernel/tasks.o
 .sbss.xTickCount
                0x000000001c00eb54        0x4 /home/wangshun/plct_cli/cli_test/cli_test/kernel/tasks.o
                0x000000001c00eb54                xTickCount
 .sbss.uxTopReadyPriority
                0x000000001c00eb58        0x4 /home/wangshun/plct_cli/cli_test/cli_test/kernel/tasks.o
 .sbss.xSchedulerRunning
                0x000000001c00eb5c        0x4 /home/wangshun/plct_cli/cli_test/cli_test/kernel/tasks.o
 .sbss.xPendedTicks
                0x000000001c00eb60        0x4 /home/wangshun/plct_cli/cli_test/cli_test/kernel/tasks.o
 .sbss.xYieldPending
                0x000000001c00eb64        0x4 /home/wangshun/plct_cli/cli_test/cli_test/kernel/tasks.o
 .sbss.xNumOfOverflows
                0x000000001c00eb68        0x4 /home/wangshun/plct_cli/cli_test/cli_test/kernel/tasks.o
 .sbss.xNextTaskUnblockTime
                0x000000001c00eb6c        0x4 /home/wangshun/plct_cli/cli_test/cli_test/kernel/tasks.o
 .sbss.uxSchedulerSuspended
                0x000000001c00eb70        0x4 /home/wangshun/plct_cli/cli_test/cli_test/kernel/tasks.o
 .sbss.xStart   0x000000001c00eb74        0x8 /home/wangshun/plct_cli/cli_test/cli_test/kernel/portable/MemMang/heap_2.o
 .sbss.xEnd     0x000000001c00eb7c        0x8 /home/wangshun/plct_cli/cli_test/cli_test/kernel/portable/MemMang/heap_2.o
 .sbss.xHeapHasBeenInitialised.2470
                0x000000001c00eb84        0x4 /home/wangshun/plct_cli/cli_test/cli_test/kernel/portable/MemMang/heap_2.o
 .sbss.xHigherPriorityTaskWoken.4047
                0x000000001c00eb88        0x4 /home/wangshun/plct_cli/cli_test/cli_test/hal/source/hal_fc_event.o
 .sbss.aucclkdiv
                0x000000001c00eb8c        0x2 /home/wangshun/plct_cli/cli_test/cli_test/drivers/source/udma_i2cm_driver.o
 *fill*         0x000000001c00eb8e        0x2 
 .sbss.isr_count
                0x000000001c00eb90        0x4 /home/wangshun/plct_cli/cli_test/cli_test/drivers/source/udma_qspi_driver.o
 .sbss.u1rdptr  0x000000001c00eb94        0x4 /home/wangshun/plct_cli/cli_test/cli_test/drivers/source/udma_uart_driver.o
 .sbss.u1wrptr  0x000000001c00eb98        0x4 /home/wangshun/plct_cli/cli_test/cli_test/drivers/source/udma_uart_driver.o
 .sbss.u0rdptr  0x000000001c00eb9c        0x4 /home/wangshun/plct_cli/cli_test/cli_test/drivers/source/udma_uart_driver.o
 .sbss.u0wrptr  0x000000001c00eba0        0x4 /home/wangshun/plct_cli/cli_test/cli_test/drivers/source/udma_uart_driver.o
 .sbss.gQSPIFlashPresentFlg
                0x000000001c00eba4        0x2 /home/wangshun/plct_cli/cli_test/cli_test/target/core-v-mcu/core-v-mcu.o
                0x000000001c00eba4                gQSPIFlashPresentFlg
 *fill*         0x000000001c00eba6        0x2 
 .sbss.gMicronFlashDetectedFlg
                0x000000001c00eba8        0x2 /home/wangshun/plct_cli/cli_test/cli_test/target/core-v-mcu/core-v-mcu.o
                0x000000001c00eba8                gMicronFlashDetectedFlg
 *fill*         0x000000001c00ebaa        0x2 
 .sbss.gSpecialHandlingIRQCnt
                0x000000001c00ebac        0x4 /home/wangshun/plct_cli/cli_test/cli_test/target/core-v-mcu/core-v-mcu.o
                0x000000001c00ebac                gSpecialHandlingIRQCnt
 .sbss.gQSPIIdNum
                0x000000001c00ebb0        0x1 /home/wangshun/plct_cli/cli_test/cli_test/target/core-v-mcu/core-v-mcu.o
                0x000000001c00ebb0                gQSPIIdNum
 *fill*         0x000000001c00ebb1        0x3 
 .sbss.rt_tick  0x000000001c00ebb4        0x4 rt-thread/src/clock.o
 .sbss.rt_scheduler_lock_nest
                0x000000001c00ebb8        0x2 rt-thread/src/scheduler.o
 *fill*         0x000000001c00ebba        0x2 
 .sbss.rt_current_thread
                0x000000001c00ebbc        0x4 rt-thread/src/scheduler.o
                0x000000001c00ebbc                rt_current_thread
 .sbss.rt_timer_list
                0x000000001c00ebc0        0x8 rt-thread/src/timer.o
 .sbss.random_nr.1946
                0x000000001c00ebc8        0x4 rt-thread/src/timer.o
 .sbss.rt_interrupt_from_thread
                0x000000001c00ebcc        0x4 rt-thread/libcpu/risc-v/common/cpuport.o
                0x000000001c00ebcc                rt_interrupt_from_thread
 .sbss.rt_interrupt_to_thread
                0x000000001c00ebd0        0x4 rt-thread/libcpu/risc-v/common/cpuport.o
                0x000000001c00ebd0                rt_interrupt_to_thread
 .sbss.rt_thread_switch_interrupt_flag
                0x000000001c00ebd4        0x4 rt-thread/libcpu/risc-v/common/cpuport.o
                0x000000001c00ebd4                rt_thread_switch_interrupt_flag
 *(COMMON)
 COMMON         0x000000001c00ebd8       0x10 /home/wangshun/plct_cli/cli_test/cli_test/drivers/source/udma_i2cm_driver.o
                0x000000001c00ebd8                i2cm_semaphores_tx
                0x000000001c00ebe0                i2cm_semaphores_rx
 COMMON         0x000000001c00ebe8       0x24 /home/wangshun/plct_cli/cli_test/cli_test/drivers/source/udma_qspi_driver.o
                0x000000001c00ebe8                qspim_semaphores_eot
                0x000000001c00ebf0                aucclkdiv
                0x000000001c00ebf4                qspim_semaphores_tx
                0x000000001c00ebfc                qspim_semaphores_rx
                0x000000001c00ec04                qspim_semaphores_cmd
 COMMON         0x000000001c00ec0c       0x10 /home/wangshun/plct_cli/cli_test/cli_test/drivers/source/udma_uart_driver.o
                0x000000001c00ec0c                uart_semaphores_rx
                0x000000001c00ec14                uart_semaphores_tx
 COMMON         0x000000001c00ec1c      0x280 /home/wangshun/plct_cli/cli_test/cli_test/target/core-v-mcu/core-v-mcu.o
                0x000000001c00ec1c                gFlashDeviceObject
                0x000000001c00ed9c                isr_table
                0x000000001c00ee1c                handler_count
 COMMON         0x000000001c00ee9c        0x1 rt-thread/src/irq.o
                0x000000001c00ee9c                rt_interrupt_nest
 *fill*         0x000000001c00ee9d        0x3 
 COMMON         0x000000001c00eea0       0x50 rt-thread/src/scheduler.o
                0x000000001c00eea0                rt_thread_priority_table
                0x000000001c00eee0                rt_current_priority
                0x000000001c00eee4                rt_thread_ready_priority_group
                0x000000001c00eee8                rt_thread_defunct
 COMMON         0x000000001c00eef0       0x78 rt-thread/src/components.o
                0x000000001c00eef0                main_thread
                0x000000001c00ef68                . = ALIGN (0x4)
                0x000000001c00ef68                __bss_end = .
                0x000000001c00ef68                _bss_end = .
                0x000000001c00ef68                _end = .
                0x000000001c00e768                PROVIDE (__global_pointer$ = MIN ((__sdata_begin + 0x800), MAX ((__data_begin + 0x800), (__bss_end - 0x800))))

.heap           0x000000001c00ef70    0x10000
                0x000000001c00ef70                __heap_start = .
 *(.heap)
 .heap          0x000000001c00ef70    0x10000 /home/wangshun/plct_cli/cli_test/cli_test/target/core-v-mcu/core-v-mcu.o
                0x000000001c00ef70                ucHeap
                0x000000001c01ef70                __heap_end = .
                0x0000000000000001                ASSERT (((__heap_start + __heap_size) < __heap_end), Error (Linkerscript): Heap is too large)

.stack          0x000000001c01ef70      0x800
                0x000000001c01ef70                stack_start = .
                0x000000001c01ef70                __stack_bottom = .
                0x000000001c01f770                . = (. + __stack_size)
 *fill*         0x000000001c01ef70      0x800 
                0x000000001c01f770                __stack_top = .
                0x000000001c01f770                __freertos_irq_stack_top = .
                0x000000001c01f770                stack = .
                0x000000001c01f770                __l2_priv1_end = ALIGN (0x4)

.l2_data        0x000000001c01f770        0x0
                0x000000001c01f770                __cluster_text_start = .
 *(.cluster.text)
 *(.cluster.text.*)
                0x000000001c01f770                . = ALIGN (0x4)
                0x000000001c01f770                __cluster_text_end = .
 *(.l2_data)
 *(.l2_data.*)
 *(.data_fc_shared)
 *(.data_fc_shared.*)
                0x000000001c01f770                . = ALIGN (0x4)
                0x000000001c01f770                __l2_shared_end = (LOADADDR (.l2_data) + SIZEOF (.l2_data))
OUTPUT(cli_test elf32-littleriscv)

.debug_info     0x0000000000000000    0x16b7c
 .debug_info    0x0000000000000000      0xad0 /home/wangshun/plct_cli/cli_test/cli_test/kernel/list.o
 .debug_info    0x0000000000000ad0     0x18df /home/wangshun/plct_cli/cli_test/cli_test/kernel/queue.o
 .debug_info    0x00000000000023af     0x21df /home/wangshun/plct_cli/cli_test/cli_test/kernel/tasks.o
 .debug_info    0x000000000000458e      0x9f8 /home/wangshun/plct_cli/cli_test/cli_test/kernel/portable/GCC/RISC-V/port.o
 .debug_info    0x0000000000004f86       0x26 /home/wangshun/plct_cli/cli_test/cli_test/kernel/portable/GCC/RISC-V/portASM.o
 .debug_info    0x0000000000004fac      0xb1e /home/wangshun/plct_cli/cli_test/cli_test/kernel/portable/MemMang/heap_2.o
 .debug_info    0x0000000000005aca      0xd48 /home/wangshun/plct_cli/cli_test/cli_test/hal/source/hal_apb_i2cs.o
 .debug_info    0x0000000000006812      0xa80 /home/wangshun/plct_cli/cli_test/cli_test/hal/source/hal_fc_event.o
 .debug_info    0x0000000000007292      0x1fd /home/wangshun/plct_cli/cli_test/cli_test/hal/source/hal_irq.o
 .debug_info    0x000000000000748f      0xd59 /home/wangshun/plct_cli/cli_test/cli_test/hal/source/hal_pinmux.o
 .debug_info    0x00000000000081e8      0x18b /home/wangshun/plct_cli/cli_test/cli_test/hal/source/hal_soc_eu.o
 .debug_info    0x0000000000008373      0x1c1 /home/wangshun/plct_cli/cli_test/cli_test/hal/source/hal_timer_irq.o
 .debug_info    0x0000000000008534     0x13ed /home/wangshun/plct_cli/cli_test/cli_test/drivers/source/udma_i2cm_driver.o
 .debug_info    0x0000000000009921     0x1670 /home/wangshun/plct_cli/cli_test/cli_test/drivers/source/udma_qspi_driver.o
 .debug_info    0x000000000000af91     0x12e4 /home/wangshun/plct_cli/cli_test/cli_test/drivers/source/udma_uart_driver.o
 .debug_info    0x000000000000c275       0x26 /home/wangshun/plct_cli/cli_test/cli_test/target/crt0.o
 .debug_info    0x000000000000c29b       0x22 /home/wangshun/plct_cli/cli_test/cli_test/target/vectors.o
 .debug_info    0x000000000000c2bd     0x1fcb /home/wangshun/plct_cli/cli_test/cli_test/target/core-v-mcu/core-v-mcu.o
 .debug_info    0x000000000000e288     0x1d6e qspi_tests.o
 .debug_info    0x000000000000fff6     0x1136 main.o
 .debug_info    0x000000000001112c      0x3b9 rt-thread/src/clock.o
 .debug_info    0x00000000000114e5      0x391 rt-thread/src/idle.o
 .debug_info    0x0000000000011876      0x11d rt-thread/src/irq.o
 .debug_info    0x0000000000011993      0xcd7 rt-thread/src/kservice.o
 .debug_info    0x000000000001266a      0x54d rt-thread/src/object.o
 .debug_info    0x0000000000012bb7      0x59f rt-thread/src/scheduler.o
 .debug_info    0x0000000000013156      0x8aa rt-thread/src/thread.o
 .debug_info    0x0000000000013a00      0x667 rt-thread/src/timer.o
 .debug_info    0x0000000000014067      0x4c7 rt-thread/src/components.o
 .debug_info    0x000000000001452e       0x26 rt-thread/libcpu/risc-v/rv32m1/interrupt_gcc.o
 .debug_info    0x0000000000014554      0x324 rt-thread/libcpu/risc-v/common/cpuport.o
 .debug_info    0x0000000000014878       0x26 rt-thread/libcpu/risc-v/common/context_gcc.o
 .debug_info    0x000000000001489e      0x8a4 /home/wangshun/gcc_riscv32/bin/../lib/gcc/riscv32-unknown-elf/7.3.0/libgcc.a(_divdi3.o)
 .debug_info    0x0000000000015142      0x8f9 /home/wangshun/gcc_riscv32/bin/../lib/gcc/riscv32-unknown-elf/7.3.0/libgcc.a(_moddi3.o)
 .debug_info    0x0000000000015a3b      0x872 /home/wangshun/gcc_riscv32/bin/../lib/gcc/riscv32-unknown-elf/7.3.0/libgcc.a(_udivdi3.o)
 .debug_info    0x00000000000162ad      0x8cf /home/wangshun/gcc_riscv32/bin/../lib/gcc/riscv32-unknown-elf/7.3.0/libgcc.a(_umoddi3.o)

.debug_abbrev   0x0000000000000000     0x4155
 .debug_abbrev  0x0000000000000000      0x205 /home/wangshun/plct_cli/cli_test/cli_test/kernel/list.o
 .debug_abbrev  0x0000000000000205      0x2d1 /home/wangshun/plct_cli/cli_test/cli_test/kernel/queue.o
 .debug_abbrev  0x00000000000004d6      0x34a /home/wangshun/plct_cli/cli_test/cli_test/kernel/tasks.o
 .debug_abbrev  0x0000000000000820      0x20a /home/wangshun/plct_cli/cli_test/cli_test/kernel/portable/GCC/RISC-V/port.o
 .debug_abbrev  0x0000000000000a2a       0x14 /home/wangshun/plct_cli/cli_test/cli_test/kernel/portable/GCC/RISC-V/portASM.o
 .debug_abbrev  0x0000000000000a3e      0x27a /home/wangshun/plct_cli/cli_test/cli_test/kernel/portable/MemMang/heap_2.o
 .debug_abbrev  0x0000000000000cb8      0x19b /home/wangshun/plct_cli/cli_test/cli_test/hal/source/hal_apb_i2cs.o
 .debug_abbrev  0x0000000000000e53      0x217 /home/wangshun/plct_cli/cli_test/cli_test/hal/source/hal_fc_event.o
 .debug_abbrev  0x000000000000106a       0xea /home/wangshun/plct_cli/cli_test/cli_test/hal/source/hal_irq.o
 .debug_abbrev  0x0000000000001154      0x24c /home/wangshun/plct_cli/cli_test/cli_test/hal/source/hal_pinmux.o
 .debug_abbrev  0x00000000000013a0       0xf5 /home/wangshun/plct_cli/cli_test/cli_test/hal/source/hal_soc_eu.o
 .debug_abbrev  0x0000000000001495       0xf9 /home/wangshun/plct_cli/cli_test/cli_test/hal/source/hal_timer_irq.o
 .debug_abbrev  0x000000000000158e      0x319 /home/wangshun/plct_cli/cli_test/cli_test/drivers/source/udma_i2cm_driver.o
 .debug_abbrev  0x00000000000018a7      0x397 /home/wangshun/plct_cli/cli_test/cli_test/drivers/source/udma_qspi_driver.o
 .debug_abbrev  0x0000000000001c3e      0x2d6 /home/wangshun/plct_cli/cli_test/cli_test/drivers/source/udma_uart_driver.o
 .debug_abbrev  0x0000000000001f14       0x14 /home/wangshun/plct_cli/cli_test/cli_test/target/crt0.o
 .debug_abbrev  0x0000000000001f28       0x12 /home/wangshun/plct_cli/cli_test/cli_test/target/vectors.o
 .debug_abbrev  0x0000000000001f3a      0x39e /home/wangshun/plct_cli/cli_test/cli_test/target/core-v-mcu/core-v-mcu.o
 .debug_abbrev  0x00000000000022d8      0x354 qspi_tests.o
 .debug_abbrev  0x000000000000262c      0x329 main.o
 .debug_abbrev  0x0000000000002955      0x13b rt-thread/src/clock.o
 .debug_abbrev  0x0000000000002a90      0x149 rt-thread/src/idle.o
 .debug_abbrev  0x0000000000002bd9       0xbe rt-thread/src/irq.o
 .debug_abbrev  0x0000000000002c97      0x28a rt-thread/src/kservice.o
 .debug_abbrev  0x0000000000002f21      0x1e9 rt-thread/src/object.o
 .debug_abbrev  0x000000000000310a      0x1b1 rt-thread/src/scheduler.o
 .debug_abbrev  0x00000000000032bb      0x21a rt-thread/src/thread.o
 .debug_abbrev  0x00000000000034d5      0x260 rt-thread/src/timer.o
 .debug_abbrev  0x0000000000003735      0x16c rt-thread/src/components.o
 .debug_abbrev  0x00000000000038a1       0x14 rt-thread/libcpu/risc-v/rv32m1/interrupt_gcc.o
 .debug_abbrev  0x00000000000038b5      0x11b rt-thread/libcpu/risc-v/common/cpuport.o
 .debug_abbrev  0x00000000000039d0       0x14 rt-thread/libcpu/risc-v/common/context_gcc.o
 .debug_abbrev  0x00000000000039e4      0x1de /home/wangshun/gcc_riscv32/bin/../lib/gcc/riscv32-unknown-elf/7.3.0/libgcc.a(_divdi3.o)
 .debug_abbrev  0x0000000000003bc2      0x1e9 /home/wangshun/gcc_riscv32/bin/../lib/gcc/riscv32-unknown-elf/7.3.0/libgcc.a(_moddi3.o)
 .debug_abbrev  0x0000000000003dab      0x1c8 /home/wangshun/gcc_riscv32/bin/../lib/gcc/riscv32-unknown-elf/7.3.0/libgcc.a(_udivdi3.o)
 .debug_abbrev  0x0000000000003f73      0x1e2 /home/wangshun/gcc_riscv32/bin/../lib/gcc/riscv32-unknown-elf/7.3.0/libgcc.a(_umoddi3.o)

.debug_aranges  0x0000000000000000      0xf10
 .debug_aranges
                0x0000000000000000       0x40 /home/wangshun/plct_cli/cli_test/cli_test/kernel/list.o
 .debug_aranges
                0x0000000000000040      0x140 /home/wangshun/plct_cli/cli_test/cli_test/kernel/queue.o
 .debug_aranges
                0x0000000000000180      0x220 /home/wangshun/plct_cli/cli_test/cli_test/kernel/tasks.o
 .debug_aranges
                0x00000000000003a0       0x28 /home/wangshun/plct_cli/cli_test/cli_test/kernel/portable/GCC/RISC-V/port.o
 .debug_aranges
                0x00000000000003c8       0x20 /home/wangshun/plct_cli/cli_test/cli_test/kernel/portable/GCC/RISC-V/portASM.o
 .debug_aranges
                0x00000000000003e8       0x40 /home/wangshun/plct_cli/cli_test/cli_test/kernel/portable/MemMang/heap_2.o
 .debug_aranges
                0x0000000000000428       0x90 /home/wangshun/plct_cli/cli_test/cli_test/hal/source/hal_apb_i2cs.o
 .debug_aranges
                0x00000000000004b8       0x40 /home/wangshun/plct_cli/cli_test/cli_test/hal/source/hal_fc_event.o
 .debug_aranges
                0x00000000000004f8       0x50 /home/wangshun/plct_cli/cli_test/cli_test/hal/source/hal_irq.o
 .debug_aranges
                0x0000000000000548       0x30 /home/wangshun/plct_cli/cli_test/cli_test/hal/source/hal_pinmux.o
 .debug_aranges
                0x0000000000000578       0x40 /home/wangshun/plct_cli/cli_test/cli_test/hal/source/hal_soc_eu.o
 .debug_aranges
                0x00000000000005b8       0x50 /home/wangshun/plct_cli/cli_test/cli_test/hal/source/hal_timer_irq.o
 .debug_aranges
                0x0000000000000608       0x98 /home/wangshun/plct_cli/cli_test/cli_test/drivers/source/udma_i2cm_driver.o
 .debug_aranges
                0x00000000000006a0       0xc0 /home/wangshun/plct_cli/cli_test/cli_test/drivers/source/udma_qspi_driver.o
 .debug_aranges
                0x0000000000000760       0x80 /home/wangshun/plct_cli/cli_test/cli_test/drivers/source/udma_uart_driver.o
 .debug_aranges
                0x00000000000007e0       0x20 /home/wangshun/plct_cli/cli_test/cli_test/target/crt0.o
 .debug_aranges
                0x0000000000000800       0x28 /home/wangshun/plct_cli/cli_test/cli_test/target/vectors.o
 .debug_aranges
                0x0000000000000828       0x60 /home/wangshun/plct_cli/cli_test/cli_test/target/core-v-mcu/core-v-mcu.o
 .debug_aranges
                0x0000000000000888       0xe8 qspi_tests.o
 .debug_aranges
                0x0000000000000970       0x78 main.o
 .debug_aranges
                0x00000000000009e8       0x40 rt-thread/src/clock.o
 .debug_aranges
                0x0000000000000a28       0x38 rt-thread/src/idle.o
 .debug_aranges
                0x0000000000000a60       0x30 rt-thread/src/irq.o
 .debug_aranges
                0x0000000000000a90       0xe8 rt-thread/src/kservice.o
 .debug_aranges
                0x0000000000000b78       0x70 rt-thread/src/object.o
 .debug_aranges
                0x0000000000000be8       0x78 rt-thread/src/scheduler.o
 .debug_aranges
                0x0000000000000c60       0xc0 rt-thread/src/thread.o
 .debug_aranges
                0x0000000000000d20       0x98 rt-thread/src/timer.o
 .debug_aranges
                0x0000000000000db8       0x68 rt-thread/src/components.o
 .debug_aranges
                0x0000000000000e20       0x20 rt-thread/libcpu/risc-v/rv32m1/interrupt_gcc.o
 .debug_aranges
                0x0000000000000e40       0x30 rt-thread/libcpu/risc-v/common/cpuport.o
 .debug_aranges
                0x0000000000000e70       0x20 rt-thread/libcpu/risc-v/common/context_gcc.o
 .debug_aranges
                0x0000000000000e90       0x20 /home/wangshun/gcc_riscv32/bin/../lib/gcc/riscv32-unknown-elf/7.3.0/libgcc.a(_divdi3.o)
 .debug_aranges
                0x0000000000000eb0       0x20 /home/wangshun/gcc_riscv32/bin/../lib/gcc/riscv32-unknown-elf/7.3.0/libgcc.a(_moddi3.o)
 .debug_aranges
                0x0000000000000ed0       0x20 /home/wangshun/gcc_riscv32/bin/../lib/gcc/riscv32-unknown-elf/7.3.0/libgcc.a(_udivdi3.o)
 .debug_aranges
                0x0000000000000ef0       0x20 /home/wangshun/gcc_riscv32/bin/../lib/gcc/riscv32-unknown-elf/7.3.0/libgcc.a(_umoddi3.o)

.debug_ranges   0x0000000000000000      0xfe8
 .debug_ranges  0x0000000000000000       0x30 /home/wangshun/plct_cli/cli_test/cli_test/kernel/list.o
 .debug_ranges  0x0000000000000030      0x130 /home/wangshun/plct_cli/cli_test/cli_test/kernel/queue.o
 .debug_ranges  0x0000000000000160      0x210 /home/wangshun/plct_cli/cli_test/cli_test/kernel/tasks.o
 .debug_ranges  0x0000000000000370       0x18 /home/wangshun/plct_cli/cli_test/cli_test/kernel/portable/GCC/RISC-V/port.o
 .debug_ranges  0x0000000000000388       0x30 /home/wangshun/plct_cli/cli_test/cli_test/kernel/portable/MemMang/heap_2.o
 .debug_ranges  0x00000000000003b8       0x80 /home/wangshun/plct_cli/cli_test/cli_test/hal/source/hal_apb_i2cs.o
 .debug_ranges  0x0000000000000438       0x30 /home/wangshun/plct_cli/cli_test/cli_test/hal/source/hal_fc_event.o
 .debug_ranges  0x0000000000000468       0x40 /home/wangshun/plct_cli/cli_test/cli_test/hal/source/hal_irq.o
 .debug_ranges  0x00000000000004a8       0x20 /home/wangshun/plct_cli/cli_test/cli_test/hal/source/hal_pinmux.o
 .debug_ranges  0x00000000000004c8       0x30 /home/wangshun/plct_cli/cli_test/cli_test/hal/source/hal_soc_eu.o
 .debug_ranges  0x00000000000004f8       0x40 /home/wangshun/plct_cli/cli_test/cli_test/hal/source/hal_timer_irq.o
 .debug_ranges  0x0000000000000538       0x88 /home/wangshun/plct_cli/cli_test/cli_test/drivers/source/udma_i2cm_driver.o
 .debug_ranges  0x00000000000005c0       0xb0 /home/wangshun/plct_cli/cli_test/cli_test/drivers/source/udma_qspi_driver.o
 .debug_ranges  0x0000000000000670       0x70 /home/wangshun/plct_cli/cli_test/cli_test/drivers/source/udma_uart_driver.o
 .debug_ranges  0x00000000000006e0       0x20 /home/wangshun/plct_cli/cli_test/cli_test/target/vectors.o
 .debug_ranges  0x0000000000000700       0x50 /home/wangshun/plct_cli/cli_test/cli_test/target/core-v-mcu/core-v-mcu.o
 .debug_ranges  0x0000000000000750       0xd8 qspi_tests.o
 .debug_ranges  0x0000000000000828       0x68 main.o
 .debug_ranges  0x0000000000000890       0x30 rt-thread/src/clock.o
 .debug_ranges  0x00000000000008c0       0x28 rt-thread/src/idle.o
 .debug_ranges  0x00000000000008e8       0x20 rt-thread/src/irq.o
 .debug_ranges  0x0000000000000908       0xd8 rt-thread/src/kservice.o
 .debug_ranges  0x00000000000009e0       0x60 rt-thread/src/object.o
 .debug_ranges  0x0000000000000a40       0x68 rt-thread/src/scheduler.o
 .debug_ranges  0x0000000000000aa8       0xb0 rt-thread/src/thread.o
 .debug_ranges  0x0000000000000b58       0xa0 rt-thread/src/timer.o
 .debug_ranges  0x0000000000000bf8       0x58 rt-thread/src/components.o
 .debug_ranges  0x0000000000000c50       0x20 rt-thread/libcpu/risc-v/common/cpuport.o
 .debug_ranges  0x0000000000000c70      0x100 /home/wangshun/gcc_riscv32/bin/../lib/gcc/riscv32-unknown-elf/7.3.0/libgcc.a(_divdi3.o)
 .debug_ranges  0x0000000000000d70       0xc8 /home/wangshun/gcc_riscv32/bin/../lib/gcc/riscv32-unknown-elf/7.3.0/libgcc.a(_moddi3.o)
 .debug_ranges  0x0000000000000e38       0xf0 /home/wangshun/gcc_riscv32/bin/../lib/gcc/riscv32-unknown-elf/7.3.0/libgcc.a(_udivdi3.o)
 .debug_ranges  0x0000000000000f28       0xc0 /home/wangshun/gcc_riscv32/bin/../lib/gcc/riscv32-unknown-elf/7.3.0/libgcc.a(_umoddi3.o)

.debug_macro    0x0000000000000000     0x83ff
 .debug_macro   0x0000000000000000      0x195 /home/wangshun/plct_cli/cli_test/cli_test/kernel/list.o
 .debug_macro   0x0000000000000195      0x225 /home/wangshun/plct_cli/cli_test/cli_test/kernel/queue.o
 .debug_macro   0x00000000000003ba       0x16 /home/wangshun/plct_cli/cli_test/cli_test/kernel/queue.o
 .debug_macro   0x00000000000003d0       0x80 /home/wangshun/plct_cli/cli_test/cli_test/kernel/queue.o
 .debug_macro   0x0000000000000450      0x28e /home/wangshun/plct_cli/cli_test/cli_test/kernel/tasks.o
 .debug_macro   0x00000000000006de       0x10 /home/wangshun/plct_cli/cli_test/cli_test/kernel/tasks.o
 .debug_macro   0x00000000000006ee      0x1c3 /home/wangshun/plct_cli/cli_test/cli_test/kernel/portable/GCC/RISC-V/port.o
 .debug_macro   0x00000000000008b1       0x10 /home/wangshun/plct_cli/cli_test/cli_test/kernel/portable/GCC/RISC-V/port.o
 .debug_macro   0x00000000000008c1      0x1c2 /home/wangshun/plct_cli/cli_test/cli_test/kernel/portable/MemMang/heap_2.o
 .debug_macro   0x0000000000000a83       0x7a /home/wangshun/plct_cli/cli_test/cli_test/hal/source/hal_apb_i2cs.o
 .debug_macro   0x0000000000000afd      0x271 /home/wangshun/plct_cli/cli_test/cli_test/hal/source/hal_apb_i2cs.o
 .debug_macro   0x0000000000000d6e       0x1c /home/wangshun/plct_cli/cli_test/cli_test/hal/source/hal_apb_i2cs.o
 .debug_macro   0x0000000000000d8a      0x4fe /home/wangshun/plct_cli/cli_test/cli_test/hal/source/hal_apb_i2cs.o
 .debug_macro   0x0000000000001288      0x40c /home/wangshun/plct_cli/cli_test/cli_test/hal/source/hal_fc_event.o
 .debug_macro   0x0000000000001694       0x3a /home/wangshun/plct_cli/cli_test/cli_test/hal/source/hal_fc_event.o
 .debug_macro   0x00000000000016ce      0x460 /home/wangshun/plct_cli/cli_test/cli_test/hal/source/hal_fc_event.o
 .debug_macro   0x0000000000001b2e       0x1c /home/wangshun/plct_cli/cli_test/cli_test/hal/source/hal_fc_event.o
 .debug_macro   0x0000000000001b4a       0xb8 /home/wangshun/plct_cli/cli_test/cli_test/hal/source/hal_fc_event.o
 .debug_macro   0x0000000000001c02      0x190 /home/wangshun/plct_cli/cli_test/cli_test/hal/source/hal_fc_event.o
 .debug_macro   0x0000000000001d92      0x3b6 /home/wangshun/plct_cli/cli_test/cli_test/hal/source/hal_fc_event.o
 .debug_macro   0x0000000000002148       0x58 /home/wangshun/plct_cli/cli_test/cli_test/hal/source/hal_fc_event.o
 .debug_macro   0x00000000000021a0       0x70 /home/wangshun/plct_cli/cli_test/cli_test/hal/source/hal_fc_event.o
 .debug_macro   0x0000000000002210       0x28 /home/wangshun/plct_cli/cli_test/cli_test/hal/source/hal_fc_event.o
 .debug_macro   0x0000000000002238      0x8b6 /home/wangshun/plct_cli/cli_test/cli_test/hal/source/hal_fc_event.o
 .debug_macro   0x0000000000002aee      0x20a /home/wangshun/plct_cli/cli_test/cli_test/hal/source/hal_fc_event.o
 .debug_macro   0x0000000000002cf8       0xd3 /home/wangshun/plct_cli/cli_test/cli_test/hal/source/hal_fc_event.o
 .debug_macro   0x0000000000002dcb      0x1f6 /home/wangshun/plct_cli/cli_test/cli_test/hal/source/hal_fc_event.o
 .debug_macro   0x0000000000002fc1      0x11c /home/wangshun/plct_cli/cli_test/cli_test/hal/source/hal_fc_event.o
 .debug_macro   0x00000000000030dd      0x39b /home/wangshun/plct_cli/cli_test/cli_test/hal/source/hal_fc_event.o
 .debug_macro   0x0000000000003478      0x13c /home/wangshun/plct_cli/cli_test/cli_test/hal/source/hal_fc_event.o
 .debug_macro   0x00000000000035b4       0xac /home/wangshun/plct_cli/cli_test/cli_test/hal/source/hal_fc_event.o
 .debug_macro   0x0000000000003660       0x82 /home/wangshun/plct_cli/cli_test/cli_test/hal/source/hal_fc_event.o
 .debug_macro   0x00000000000036e2       0x20 /home/wangshun/plct_cli/cli_test/cli_test/hal/source/hal_fc_event.o
 .debug_macro   0x0000000000003702      0x51a /home/wangshun/plct_cli/cli_test/cli_test/hal/source/hal_fc_event.o
 .debug_macro   0x0000000000003c1c      0x2c7 /home/wangshun/plct_cli/cli_test/cli_test/hal/source/hal_fc_event.o
 .debug_macro   0x0000000000003ee3      0x10c /home/wangshun/plct_cli/cli_test/cli_test/hal/source/hal_fc_event.o
 .debug_macro   0x0000000000003fef       0x7c /home/wangshun/plct_cli/cli_test/cli_test/hal/source/hal_fc_event.o
 .debug_macro   0x000000000000406b      0x3d1 /home/wangshun/plct_cli/cli_test/cli_test/hal/source/hal_fc_event.o
 .debug_macro   0x000000000000443c       0x1c /home/wangshun/plct_cli/cli_test/cli_test/hal/source/hal_fc_event.o
 .debug_macro   0x0000000000004458       0x70 /home/wangshun/plct_cli/cli_test/cli_test/hal/source/hal_fc_event.o
 .debug_macro   0x00000000000044c8      0x32a /home/wangshun/plct_cli/cli_test/cli_test/hal/source/hal_fc_event.o
 .debug_macro   0x00000000000047f2       0x11 /home/wangshun/plct_cli/cli_test/cli_test/hal/source/hal_fc_event.o
 .debug_macro   0x0000000000004803      0x166 /home/wangshun/plct_cli/cli_test/cli_test/hal/source/hal_fc_event.o
 .debug_macro   0x0000000000004969       0x16 /home/wangshun/plct_cli/cli_test/cli_test/hal/source/hal_fc_event.o
 .debug_macro   0x000000000000497f       0x1c /home/wangshun/plct_cli/cli_test/cli_test/hal/source/hal_fc_event.o
 .debug_macro   0x000000000000499b       0x7e /home/wangshun/plct_cli/cli_test/cli_test/hal/source/hal_fc_event.o
 .debug_macro   0x0000000000004a19       0x1c /home/wangshun/plct_cli/cli_test/cli_test/hal/source/hal_fc_event.o
 .debug_macro   0x0000000000004a35       0xb0 /home/wangshun/plct_cli/cli_test/cli_test/hal/source/hal_irq.o
 .debug_macro   0x0000000000004ae5       0xca /home/wangshun/plct_cli/cli_test/cli_test/hal/source/hal_irq.o
 .debug_macro   0x0000000000004baf      0x181 /home/wangshun/plct_cli/cli_test/cli_test/hal/source/hal_pinmux.o
 .debug_macro   0x0000000000004d30      0x149 /home/wangshun/plct_cli/cli_test/cli_test/hal/source/hal_pinmux.o
 .debug_macro   0x0000000000004e79       0x97 /home/wangshun/plct_cli/cli_test/cli_test/hal/source/hal_soc_eu.o
 .debug_macro   0x0000000000004f10       0xc7 /home/wangshun/plct_cli/cli_test/cli_test/hal/source/hal_soc_eu.o
 .debug_macro   0x0000000000004fd7       0xc2 /home/wangshun/plct_cli/cli_test/cli_test/hal/source/hal_timer_irq.o
 .debug_macro   0x0000000000005099      0x241 /home/wangshun/plct_cli/cli_test/cli_test/hal/source/hal_timer_irq.o
 .debug_macro   0x00000000000052da      0x450 /home/wangshun/plct_cli/cli_test/cli_test/drivers/source/udma_i2cm_driver.o
 .debug_macro   0x000000000000572a      0x10f /home/wangshun/plct_cli/cli_test/cli_test/drivers/source/udma_i2cm_driver.o
 .debug_macro   0x0000000000005839      0x451 /home/wangshun/plct_cli/cli_test/cli_test/drivers/source/udma_qspi_driver.o
 .debug_macro   0x0000000000005c8a      0x184 /home/wangshun/plct_cli/cli_test/cli_test/drivers/source/udma_qspi_driver.o
 .debug_macro   0x0000000000005e0e      0x45e /home/wangshun/plct_cli/cli_test/cli_test/drivers/source/udma_uart_driver.o
 .debug_macro   0x000000000000626c      0x1e6 /home/wangshun/plct_cli/cli_test/cli_test/drivers/source/udma_uart_driver.o
 .debug_macro   0x0000000000006452      0x4dd /home/wangshun/plct_cli/cli_test/cli_test/target/core-v-mcu/core-v-mcu.o
 .debug_macro   0x000000000000692f      0x321 /home/wangshun/plct_cli/cli_test/cli_test/target/core-v-mcu/core-v-mcu.o
 .debug_macro   0x0000000000006c50       0x64 /home/wangshun/plct_cli/cli_test/cli_test/target/core-v-mcu/core-v-mcu.o
 .debug_macro   0x0000000000006cb4       0xba /home/wangshun/plct_cli/cli_test/cli_test/target/core-v-mcu/core-v-mcu.o
 .debug_macro   0x0000000000006d6e       0xb8 /home/wangshun/plct_cli/cli_test/cli_test/target/core-v-mcu/core-v-mcu.o
 .debug_macro   0x0000000000006e26       0x70 /home/wangshun/plct_cli/cli_test/cli_test/target/core-v-mcu/core-v-mcu.o
 .debug_macro   0x0000000000006e96       0x22 /home/wangshun/plct_cli/cli_test/cli_test/target/core-v-mcu/core-v-mcu.o
 .debug_macro   0x0000000000006eb8      0x263 /home/wangshun/plct_cli/cli_test/cli_test/target/core-v-mcu/core-v-mcu.o
 .debug_macro   0x000000000000711b       0x69 /home/wangshun/plct_cli/cli_test/cli_test/target/core-v-mcu/core-v-mcu.o
 .debug_macro   0x0000000000007184       0x34 /home/wangshun/plct_cli/cli_test/cli_test/target/core-v-mcu/core-v-mcu.o
 .debug_macro   0x00000000000071b8      0x540 qspi_tests.o
 .debug_macro   0x00000000000076f8      0x5cc main.o
 .debug_macro   0x0000000000007cc4       0x10 main.o
 .debug_macro   0x0000000000007cd4      0x31a main.o
 .debug_macro   0x0000000000007fee       0x55 rt-thread/src/clock.o
 .debug_macro   0x0000000000008043       0x5b rt-thread/src/idle.o
 .debug_macro   0x000000000000809e       0x55 rt-thread/src/irq.o
 .debug_macro   0x00000000000080f3       0xef rt-thread/src/kservice.o
 .debug_macro   0x00000000000081e2       0x55 rt-thread/src/object.o
 .debug_macro   0x0000000000008237       0x4f rt-thread/src/scheduler.o
 .debug_macro   0x0000000000008286       0x55 rt-thread/src/thread.o
 .debug_macro   0x00000000000082db       0x4f rt-thread/src/timer.o
 .debug_macro   0x000000000000832a       0x5b rt-thread/src/components.o
 .debug_macro   0x0000000000008385       0x5e rt-thread/libcpu/risc-v/common/cpuport.o
 .debug_macro   0x00000000000083e3       0x1c rt-thread/libcpu/risc-v/common/cpuport.o

.debug_line     0x0000000000000000    0x10a5e
 .debug_line    0x0000000000000000      0x4a1 /home/wangshun/plct_cli/cli_test/cli_test/kernel/list.o
 .debug_line    0x00000000000004a1     0x16a5 /home/wangshun/plct_cli/cli_test/cli_test/kernel/queue.o
 .debug_line    0x0000000000001b46     0x219e /home/wangshun/plct_cli/cli_test/cli_test/kernel/tasks.o
 .debug_line    0x0000000000003ce4      0x3af /home/wangshun/plct_cli/cli_test/cli_test/kernel/portable/GCC/RISC-V/port.o
 .debug_line    0x0000000000004093      0x603 /home/wangshun/plct_cli/cli_test/cli_test/kernel/portable/GCC/RISC-V/portASM.o
 .debug_line    0x0000000000004696      0x564 /home/wangshun/plct_cli/cli_test/cli_test/kernel/portable/MemMang/heap_2.o
 .debug_line    0x0000000000004bfa      0x512 /home/wangshun/plct_cli/cli_test/cli_test/hal/source/hal_apb_i2cs.o
 .debug_line    0x000000000000510c      0x809 /home/wangshun/plct_cli/cli_test/cli_test/hal/source/hal_fc_event.o
 .debug_line    0x0000000000005915      0x3e4 /home/wangshun/plct_cli/cli_test/cli_test/hal/source/hal_irq.o
 .debug_line    0x0000000000005cf9      0x49d /home/wangshun/plct_cli/cli_test/cli_test/hal/source/hal_pinmux.o
 .debug_line    0x0000000000006196      0x36a /home/wangshun/plct_cli/cli_test/cli_test/hal/source/hal_soc_eu.o
 .debug_line    0x0000000000006500      0x42d /home/wangshun/plct_cli/cli_test/cli_test/hal/source/hal_timer_irq.o
 .debug_line    0x000000000000692d      0xe3e /home/wangshun/plct_cli/cli_test/cli_test/drivers/source/udma_i2cm_driver.o
 .debug_line    0x000000000000776b     0x18ef /home/wangshun/plct_cli/cli_test/cli_test/drivers/source/udma_qspi_driver.o
 .debug_line    0x000000000000905a      0xbf6 /home/wangshun/plct_cli/cli_test/cli_test/drivers/source/udma_uart_driver.o
 .debug_line    0x0000000000009c50       0xda /home/wangshun/plct_cli/cli_test/cli_test/target/crt0.o
 .debug_line    0x0000000000009d2a      0x1de /home/wangshun/plct_cli/cli_test/cli_test/target/vectors.o
 .debug_line    0x0000000000009f08      0xdce /home/wangshun/plct_cli/cli_test/cli_test/target/core-v-mcu/core-v-mcu.o
 .debug_line    0x000000000000acd6     0x18d8 qspi_tests.o
 .debug_line    0x000000000000c5ae      0xd36 main.o
 .debug_line    0x000000000000d2e4      0x193 rt-thread/src/clock.o
 .debug_line    0x000000000000d477      0x134 rt-thread/src/idle.o
 .debug_line    0x000000000000d5ab      0x141 rt-thread/src/irq.o
 .debug_line    0x000000000000d6ec      0xd5b rt-thread/src/kservice.o
 .debug_line    0x000000000000e447      0x420 rt-thread/src/object.o
 .debug_line    0x000000000000e867      0x372 rt-thread/src/scheduler.o
 .debug_line    0x000000000000ebd9      0x653 rt-thread/src/thread.o
 .debug_line    0x000000000000f22c      0x579 rt-thread/src/timer.o
 .debug_line    0x000000000000f7a5      0x276 rt-thread/src/components.o
 .debug_line    0x000000000000fa1b      0x275 rt-thread/libcpu/risc-v/rv32m1/interrupt_gcc.o
 .debug_line    0x000000000000fc90      0x1b8 rt-thread/libcpu/risc-v/common/cpuport.o
 .debug_line    0x000000000000fe48      0x24f rt-thread/libcpu/risc-v/common/context_gcc.o
 .debug_line    0x0000000000010097      0x2a7 /home/wangshun/gcc_riscv32/bin/../lib/gcc/riscv32-unknown-elf/7.3.0/libgcc.a(_divdi3.o)
 .debug_line    0x000000000001033e      0x27b /home/wangshun/gcc_riscv32/bin/../lib/gcc/riscv32-unknown-elf/7.3.0/libgcc.a(_moddi3.o)
 .debug_line    0x00000000000105b9      0x259 /home/wangshun/gcc_riscv32/bin/../lib/gcc/riscv32-unknown-elf/7.3.0/libgcc.a(_udivdi3.o)
 .debug_line    0x0000000000010812      0x24c /home/wangshun/gcc_riscv32/bin/../lib/gcc/riscv32-unknown-elf/7.3.0/libgcc.a(_umoddi3.o)

.debug_str      0x0000000000000000    0x347a1
 .debug_str     0x0000000000000000     0x9563 /home/wangshun/plct_cli/cli_test/cli_test/kernel/list.o
                                       0x97fc (size before relaxing)
 .debug_str     0x0000000000009563     0x16e2 /home/wangshun/plct_cli/cli_test/cli_test/kernel/queue.o
                                       0xaecc (size before relaxing)
 .debug_str     0x000000000000ac45     0x1d7e /home/wangshun/plct_cli/cli_test/cli_test/kernel/tasks.o
                                       0xbd4a (size before relaxing)
 .debug_str     0x000000000000c9c3      0x169 /home/wangshun/plct_cli/cli_test/cli_test/kernel/portable/GCC/RISC-V/port.o
                                       0x9e04 (size before relaxing)
 .debug_str     0x000000000000cb2c       0x5d /home/wangshun/plct_cli/cli_test/cli_test/kernel/portable/GCC/RISC-V/portASM.o
                                         0x8c (size before relaxing)
 .debug_str     0x000000000000cb89      0x397 /home/wangshun/plct_cli/cli_test/cli_test/kernel/portable/MemMang/heap_2.o
                                       0xa138 (size before relaxing)
 .debug_str     0x000000000000cf20     0x40ed /home/wangshun/plct_cli/cli_test/cli_test/hal/source/hal_apb_i2cs.o
                                       0x75f5 (size before relaxing)
 .debug_str     0x000000000001100d    0x1817d /home/wangshun/plct_cli/cli_test/cli_test/hal/source/hal_fc_event.o
                                      0x22531 (size before relaxing)
 .debug_str     0x000000000002918a      0x6a6 /home/wangshun/plct_cli/cli_test/cli_test/hal/source/hal_irq.o
                                       0x43bc (size before relaxing)
 .debug_str     0x0000000000029830      0x629 /home/wangshun/plct_cli/cli_test/cli_test/hal/source/hal_pinmux.o
                                       0x9a3b (size before relaxing)
 .debug_str     0x0000000000029e59      0x403 /home/wangshun/plct_cli/cli_test/cli_test/hal/source/hal_soc_eu.o
                                       0x5343 (size before relaxing)
 .debug_str     0x000000000002a25c      0xa5c /home/wangshun/plct_cli/cli_test/cli_test/hal/source/hal_timer_irq.o
                                       0x4fb8 (size before relaxing)
 .debug_str     0x000000000002acb8      0x9f8 /home/wangshun/plct_cli/cli_test/cli_test/drivers/source/udma_i2cm_driver.o
                                      0x23a38 (size before relaxing)
 .debug_str     0x000000000002b6b0      0x5a0 /home/wangshun/plct_cli/cli_test/cli_test/drivers/source/udma_qspi_driver.o
                                      0x23c72 (size before relaxing)
 .debug_str     0x000000000002bc50      0x66f /home/wangshun/plct_cli/cli_test/cli_test/drivers/source/udma_uart_driver.o
                                      0x23d3a (size before relaxing)
 .debug_str     0x000000000002c2bf       0x38 /home/wangshun/plct_cli/cli_test/cli_test/target/crt0.o
                                         0x75 (size before relaxing)
 .debug_str     0x000000000002c2f7       0x3b /home/wangshun/plct_cli/cli_test/cli_test/target/vectors.o
                                         0x78 (size before relaxing)
 .debug_str     0x000000000002c332     0x30ad /home/wangshun/plct_cli/cli_test/cli_test/target/core-v-mcu/core-v-mcu.o
                                      0x274e1 (size before relaxing)
 .debug_str     0x000000000002f3df     0x12f9 qspi_tests.o
                                      0x255a8 (size before relaxing)
 .debug_str     0x00000000000306d8     0x2c75 main.o
                                      0x2a635 (size before relaxing)
 .debug_str     0x000000000003334d      0x176 rt-thread/src/clock.o
                                       0x3a2c (size before relaxing)
 .debug_str     0x00000000000334c3       0xb7 rt-thread/src/idle.o
                                       0x3a57 (size before relaxing)
 .debug_str     0x000000000003357a       0x62 rt-thread/src/irq.o
                                       0x38c6 (size before relaxing)
 .debug_str     0x00000000000335dc      0x426 rt-thread/src/kservice.o
                                       0x3e43 (size before relaxing)
 .debug_str     0x0000000000033a02      0x38f rt-thread/src/object.o
                                       0x3c75 (size before relaxing)
 .debug_str     0x0000000000033d91      0x181 rt-thread/src/scheduler.o
                                       0x3b95 (size before relaxing)
 .debug_str     0x0000000000033f12      0x142 rt-thread/src/thread.o
                                       0x3d00 (size before relaxing)
 .debug_str     0x0000000000034054      0x132 rt-thread/src/timer.o
                                       0x3bf3 (size before relaxing)
 .debug_str     0x0000000000034186      0x140 rt-thread/src/components.o
                                       0x3b23 (size before relaxing)
 .debug_str     0x00000000000342c6       0x2f rt-thread/libcpu/risc-v/rv32m1/interrupt_gcc.o
                                         0x6c (size before relaxing)
 .debug_str     0x00000000000342f5      0x111 rt-thread/libcpu/risc-v/common/cpuport.o
                                       0x39a3 (size before relaxing)
 .debug_str     0x0000000000034406       0x2d rt-thread/libcpu/risc-v/common/context_gcc.o
                                         0x6a (size before relaxing)
 .debug_str     0x0000000000034433      0x351 /home/wangshun/gcc_riscv32/bin/../lib/gcc/riscv32-unknown-elf/7.3.0/libgcc.a(_divdi3.o)
                                        0x3e6 (size before relaxing)
 .debug_str     0x0000000000034784        0x9 /home/wangshun/gcc_riscv32/bin/../lib/gcc/riscv32-unknown-elf/7.3.0/libgcc.a(_moddi3.o)
                                        0x3e6 (size before relaxing)
 .debug_str     0x000000000003478d        0xa /home/wangshun/gcc_riscv32/bin/../lib/gcc/riscv32-unknown-elf/7.3.0/libgcc.a(_udivdi3.o)
                                        0x3e7 (size before relaxing)
 .debug_str     0x0000000000034797        0xa /home/wangshun/gcc_riscv32/bin/../lib/gcc/riscv32-unknown-elf/7.3.0/libgcc.a(_umoddi3.o)
                                        0x3e7 (size before relaxing)

.comment        0x0000000000000000       0x54
 .comment       0x0000000000000000       0x11 /home/wangshun/plct_cli/cli_test/cli_test/kernel/list.o
                                         0x12 (size before relaxing)
 .comment       0x0000000000000011       0x12 /home/wangshun/plct_cli/cli_test/cli_test/kernel/queue.o
 .comment       0x0000000000000011       0x12 /home/wangshun/plct_cli/cli_test/cli_test/kernel/tasks.o
 .comment       0x0000000000000011       0x12 /home/wangshun/plct_cli/cli_test/cli_test/kernel/portable/GCC/RISC-V/port.o
 .comment       0x0000000000000011       0x12 /home/wangshun/plct_cli/cli_test/cli_test/kernel/portable/MemMang/heap_2.o
 .comment       0x0000000000000011       0x12 /home/wangshun/plct_cli/cli_test/cli_test/hal/source/hal_apb_i2cs.o
 .comment       0x0000000000000011       0x12 /home/wangshun/plct_cli/cli_test/cli_test/hal/source/hal_fc_event.o
 .comment       0x0000000000000011       0x12 /home/wangshun/plct_cli/cli_test/cli_test/hal/source/hal_irq.o
 .comment       0x0000000000000011       0x12 /home/wangshun/plct_cli/cli_test/cli_test/hal/source/hal_pinmux.o
 .comment       0x0000000000000011       0x12 /home/wangshun/plct_cli/cli_test/cli_test/hal/source/hal_soc_eu.o
 .comment       0x0000000000000011       0x12 /home/wangshun/plct_cli/cli_test/cli_test/hal/source/hal_timer_irq.o
 .comment       0x0000000000000011       0x12 /home/wangshun/plct_cli/cli_test/cli_test/drivers/source/udma_i2cm_driver.o
 .comment       0x0000000000000011       0x12 /home/wangshun/plct_cli/cli_test/cli_test/drivers/source/udma_qspi_driver.o
 .comment       0x0000000000000011       0x12 /home/wangshun/plct_cli/cli_test/cli_test/drivers/source/udma_uart_driver.o
 .comment       0x0000000000000011       0x12 /home/wangshun/plct_cli/cli_test/cli_test/target/core-v-mcu/core-v-mcu.o
 .comment       0x0000000000000011       0x12 qspi_tests.o
 .comment       0x0000000000000011       0x12 main.o
 .comment       0x0000000000000011       0x12 rt-thread/src/clock.o
 .comment       0x0000000000000011       0x12 rt-thread/src/idle.o
 .comment       0x0000000000000011       0x12 rt-thread/src/irq.o
 .comment       0x0000000000000011       0x12 rt-thread/src/kservice.o
 .comment       0x0000000000000011       0x12 rt-thread/src/object.o
 .comment       0x0000000000000011       0x12 rt-thread/src/scheduler.o
 .comment       0x0000000000000011       0x12 rt-thread/src/thread.o
 .comment       0x0000000000000011       0x12 rt-thread/src/timer.o
 .comment       0x0000000000000011       0x12 rt-thread/src/components.o
 .comment       0x0000000000000011       0x12 rt-thread/libcpu/risc-v/common/cpuport.o
 .comment       0x0000000000000011       0x12 /home/wangshun/gcc_riscv32/bin/../lib/gcc/riscv32-unknown-elf/7.3.0/libgcc.a(_divdi3.o)
 .comment       0x0000000000000011       0x12 /home/wangshun/gcc_riscv32/bin/../lib/gcc/riscv32-unknown-elf/7.3.0/libgcc.a(_moddi3.o)
 .comment       0x0000000000000011       0x43 /home/wangshun/gcc_riscv32/bin/../lib/gcc/riscv32-unknown-elf/7.3.0/../../../../riscv32-unknown-elf/lib/libc.a(lib_a-exit.o)
                                         0x44 (size before relaxing)
 .comment       0x0000000000000054       0x44 /home/wangshun/gcc_riscv32/bin/../lib/gcc/riscv32-unknown-elf/7.3.0/../../../../riscv32-unknown-elf/lib/libc.a(lib_a-impure.o)
 .comment       0x0000000000000054       0x44 /home/wangshun/gcc_riscv32/bin/../lib/gcc/riscv32-unknown-elf/7.3.0/../../../../riscv32-unknown-elf/lib/libc.a(lib_a-memcpy.o)
 .comment       0x0000000000000054       0x44 /home/wangshun/gcc_riscv32/bin/../lib/gcc/riscv32-unknown-elf/7.3.0/../../../../riscv32-unknown-elf/lib/libc.a(lib_a-stack_protector.o)
 .comment       0x0000000000000054       0x44 /home/wangshun/gcc_riscv32/bin/../lib/gcc/riscv32-unknown-elf/7.3.0/../../../../riscv32-unknown-elf/lib/libc.a(lib_a-strlen.o)
 .comment       0x0000000000000054       0x44 /home/wangshun/gcc_riscv32/bin/../lib/gcc/riscv32-unknown-elf/7.3.0/../../../../riscv32-unknown-elf/lib/libc.a(lib_a-__call_atexit.o)
 .comment       0x0000000000000054       0x44 /home/wangshun/gcc_riscv32/bin/../lib/gcc/riscv32-unknown-elf/7.3.0/../../../../riscv32-unknown-elf/lib/libgloss.a(sys_exit.o)
 .comment       0x0000000000000054       0x44 /home/wangshun/gcc_riscv32/bin/../lib/gcc/riscv32-unknown-elf/7.3.0/../../../../riscv32-unknown-elf/lib/libc.a(lib_a-errno.o)
 .comment       0x0000000000000054       0x12 /home/wangshun/gcc_riscv32/bin/../lib/gcc/riscv32-unknown-elf/7.3.0/libgcc.a(_udivdi3.o)
 .comment       0x0000000000000054       0x12 /home/wangshun/gcc_riscv32/bin/../lib/gcc/riscv32-unknown-elf/7.3.0/libgcc.a(_umoddi3.o)

.debug_frame    0x0000000000000000     0x33e0
 .debug_frame   0x0000000000000000       0xb0 /home/wangshun/plct_cli/cli_test/cli_test/kernel/list.o
 .debug_frame   0x00000000000000b0      0x538 /home/wangshun/plct_cli/cli_test/cli_test/kernel/queue.o
 .debug_frame   0x00000000000005e8      0x91c /home/wangshun/plct_cli/cli_test/cli_test/kernel/tasks.o
 .debug_frame   0x0000000000000f04       0x50 /home/wangshun/plct_cli/cli_test/cli_test/kernel/portable/GCC/RISC-V/port.o